Archive member included to satisfy reference by file (symbol)

c:/program files (x86)/gnu tools arm embedded/5.4 2016q2/bin/../lib/gcc/arm-none-eabi/5.4.1/../../../../arm-none-eabi/lib/armv7e-m/fpu\libm.a(lib_a-w_pow.o)
                              ..\obj\main.o (pow)
c:/program files (x86)/gnu tools arm embedded/5.4 2016q2/bin/../lib/gcc/arm-none-eabi/5.4.1/../../../../arm-none-eabi/lib/armv7e-m/fpu\libm.a(lib_a-e_pow.o)
                              c:/program files (x86)/gnu tools arm embedded/5.4 2016q2/bin/../lib/gcc/arm-none-eabi/5.4.1/../../../../arm-none-eabi/lib/armv7e-m/fpu\libm.a(lib_a-w_pow.o) (__ieee754_pow)
c:/program files (x86)/gnu tools arm embedded/5.4 2016q2/bin/../lib/gcc/arm-none-eabi/5.4.1/../../../../arm-none-eabi/lib/armv7e-m/fpu\libm.a(lib_a-e_sqrt.o)
                              c:/program files (x86)/gnu tools arm embedded/5.4 2016q2/bin/../lib/gcc/arm-none-eabi/5.4.1/../../../../arm-none-eabi/lib/armv7e-m/fpu\libm.a(lib_a-e_pow.o) (__ieee754_sqrt)
c:/program files (x86)/gnu tools arm embedded/5.4 2016q2/bin/../lib/gcc/arm-none-eabi/5.4.1/../../../../arm-none-eabi/lib/armv7e-m/fpu\libm.a(lib_a-s_fabs.o)
                              c:/program files (x86)/gnu tools arm embedded/5.4 2016q2/bin/../lib/gcc/arm-none-eabi/5.4.1/../../../../arm-none-eabi/lib/armv7e-m/fpu\libm.a(lib_a-e_pow.o) (fabs)
c:/program files (x86)/gnu tools arm embedded/5.4 2016q2/bin/../lib/gcc/arm-none-eabi/5.4.1/../../../../arm-none-eabi/lib/armv7e-m/fpu\libm.a(lib_a-s_finite.o)
                              c:/program files (x86)/gnu tools arm embedded/5.4 2016q2/bin/../lib/gcc/arm-none-eabi/5.4.1/../../../../arm-none-eabi/lib/armv7e-m/fpu\libm.a(lib_a-w_pow.o) (finite)
c:/program files (x86)/gnu tools arm embedded/5.4 2016q2/bin/../lib/gcc/arm-none-eabi/5.4.1/../../../../arm-none-eabi/lib/armv7e-m/fpu\libm.a(lib_a-s_lib_ver.o)
                              c:/program files (x86)/gnu tools arm embedded/5.4 2016q2/bin/../lib/gcc/arm-none-eabi/5.4.1/../../../../arm-none-eabi/lib/armv7e-m/fpu\libm.a(lib_a-w_pow.o) (__fdlib_version)
c:/program files (x86)/gnu tools arm embedded/5.4 2016q2/bin/../lib/gcc/arm-none-eabi/5.4.1/../../../../arm-none-eabi/lib/armv7e-m/fpu\libm.a(lib_a-s_matherr.o)
                              c:/program files (x86)/gnu tools arm embedded/5.4 2016q2/bin/../lib/gcc/arm-none-eabi/5.4.1/../../../../arm-none-eabi/lib/armv7e-m/fpu\libm.a(lib_a-w_pow.o) (matherr)
c:/program files (x86)/gnu tools arm embedded/5.4 2016q2/bin/../lib/gcc/arm-none-eabi/5.4.1/../../../../arm-none-eabi/lib/armv7e-m/fpu\libm.a(lib_a-s_nan.o)
                              c:/program files (x86)/gnu tools arm embedded/5.4 2016q2/bin/../lib/gcc/arm-none-eabi/5.4.1/../../../../arm-none-eabi/lib/armv7e-m/fpu\libm.a(lib_a-e_pow.o) (nan)
c:/program files (x86)/gnu tools arm embedded/5.4 2016q2/bin/../lib/gcc/arm-none-eabi/5.4.1/../../../../arm-none-eabi/lib/armv7e-m/fpu\libm.a(lib_a-s_rint.o)
                              c:/program files (x86)/gnu tools arm embedded/5.4 2016q2/bin/../lib/gcc/arm-none-eabi/5.4.1/../../../../arm-none-eabi/lib/armv7e-m/fpu\libm.a(lib_a-w_pow.o) (rint)
c:/program files (x86)/gnu tools arm embedded/5.4 2016q2/bin/../lib/gcc/arm-none-eabi/5.4.1/../../../../arm-none-eabi/lib/armv7e-m/fpu\libm.a(lib_a-s_scalbn.o)
                              c:/program files (x86)/gnu tools arm embedded/5.4 2016q2/bin/../lib/gcc/arm-none-eabi/5.4.1/../../../../arm-none-eabi/lib/armv7e-m/fpu\libm.a(lib_a-e_pow.o) (scalbn)
c:/program files (x86)/gnu tools arm embedded/5.4 2016q2/bin/../lib/gcc/arm-none-eabi/5.4.1/../../../../arm-none-eabi/lib/armv7e-m/fpu\libm.a(lib_a-s_copysign.o)
                              c:/program files (x86)/gnu tools arm embedded/5.4 2016q2/bin/../lib/gcc/arm-none-eabi/5.4.1/../../../../arm-none-eabi/lib/armv7e-m/fpu\libm.a(lib_a-s_scalbn.o) (copysign)
c:/program files (x86)/gnu tools arm embedded/5.4 2016q2/bin/../lib/gcc/arm-none-eabi/5.4.1/armv7e-m/fpu\libgcc.a(_arm_addsubdf3.o)
                              c:/program files (x86)/gnu tools arm embedded/5.4 2016q2/bin/../lib/gcc/arm-none-eabi/5.4.1/../../../../arm-none-eabi/lib/armv7e-m/fpu\libm.a(lib_a-e_pow.o) (__aeabi_dsub)
c:/program files (x86)/gnu tools arm embedded/5.4 2016q2/bin/../lib/gcc/arm-none-eabi/5.4.1/armv7e-m/fpu\libgcc.a(_arm_muldivdf3.o)
                              ..\obj\TIM_metodar.o (__aeabi_dmul)
c:/program files (x86)/gnu tools arm embedded/5.4 2016q2/bin/../lib/gcc/arm-none-eabi/5.4.1/armv7e-m/fpu\libgcc.a(_arm_cmpdf2.o)
                              c:/program files (x86)/gnu tools arm embedded/5.4 2016q2/bin/../lib/gcc/arm-none-eabi/5.4.1/../../../../arm-none-eabi/lib/armv7e-m/fpu\libm.a(lib_a-w_pow.o) (__aeabi_dcmpeq)
c:/program files (x86)/gnu tools arm embedded/5.4 2016q2/bin/../lib/gcc/arm-none-eabi/5.4.1/armv7e-m/fpu\libgcc.a(_arm_unorddf2.o)
[...]
Memory Configuration

Name             Origin             Length             Attributes
rom              0x08000000         0x00040000         xr
ram              0x20000000         0x0000a000         xrw
ram1             0x10000000         0x00002000         xrw
*default*        0x00000000         0xffffffff

Linker script and memory map

                0x2000a000                _eram = 0x2000a000

.text           0x08000000     0x38c0
 *(.isr_vector)
 .isr_vector    0x08000000      0x188 ..\obj\startup_stm32f30x.o
                0x08000000                g_pfnVectors
 *(.text*)
 .text.Delay    0x08000188        0x4 ..\obj\GPIO_Toggle_Example.o
                0x08000188                Delay
 .text.RCC_GetClocksFreq
                0x0800018c      0x2a8 ..\obj\stm32f30x_rcc.o
                0x0800018c                RCC_GetClocksFreq
 .text.RCC_ADCCLKConfig
                0x08000434       0x20 ..\obj\stm32f30x_rcc.o
                0x08000434                RCC_ADCCLKConfig
 .text.RCC_AHBPeriphClockCmd
                0x08000454       0x1c ..\obj\stm32f30x_rcc.o
                0x08000454                RCC_AHBPeriphClockCmd
 .text.RCC_APB2PeriphClockCmd
                0x08000470       0x1c ..\obj\stm32f30x_rcc.o
                0x08000470                RCC_APB2PeriphClockCmd
 .text.RCC_APB1PeriphClockCmd
                0x0800048c       0x1c ..\obj\stm32f30x_rcc.o
                0x0800048c                RCC_APB1PeriphClockCmd
 .text.LSM303DLHC_LowLevel_Init
                0x080004a8      0x124 ..\obj\stm32f3_discovery_lsm303dlhc.o
 .text.LSM303DLHC_Write
                0x080005cc       0xf8 ..\obj\stm32f3_discovery_lsm303dlhc.o
                0x080005cc                LSM303DLHC_Write
 .text.LSM303DLHC_AccInit
                0x080006c4       0x60 ..\obj\stm32f3_discovery_lsm303dlhc.o
                0x080006c4                LSM303DLHC_AccInit
 .text.LSM303DLHC_MagInit
                0x08000724       0x70 ..\obj\stm32f3_discovery_lsm303dlhc.o
                0x08000724                LSM303DLHC_MagInit
 .text.LSM303DLHC_Read
                0x08000794      0x118 ..\obj\stm32f3_discovery_lsm303dlhc.o
                0x08000794                LSM303DLHC_Read
 .text.TIM_oppstart
                0x080008ac       0x98 ..\obj\TIM_metodar.o
                0x080008ac                TIM_oppstart
 .text.PWM_sett_vidde_TIM2_CH2
                0x08000944       0x70 ..\obj\TIM_metodar.o
                0x08000944                PWM_sett_vidde_TIM2_CH2
 .text.TIM4_oppstart_reg
                0x080009b4       0x6c ..\obj\TIM_metodar.o
                0x080009b4                TIM4_oppstart_reg
 .text.TIM4_aktiver_reg
                0x08000a20       0x14 ..\obj\TIM_metodar.o
                0x08000a20                TIM4_aktiver_reg
 .text.SystemInit
                0x08000a34      0x110 ..\obj\system_stm32f30x.o
                0x08000a34                SystemInit
 .text.ADC_Init
                0x08000b44       0x40 ..\obj\stm32f30x_adc.o
                0x08000b44                ADC_Init
 .text.ADC_StructInit
                0x08000b84       0x18 ..\obj\stm32f30x_adc.o
                0x08000b84                ADC_StructInit
 .text.ADC_CommonInit
                0x08000b9c       0x7c ..\obj\stm32f30x_adc.o
                0x08000b9c                ADC_CommonInit
 .text.ADC_Cmd  0x08000c18       0x14 ..\obj\stm32f30x_adc.o
                0x08000c18                ADC_Cmd
 .text.ADC_StartCalibration
                0x08000c2c        0xc ..\obj\stm32f30x_adc.o
                0x08000c2c                ADC_StartCalibration
 .text.ADC_GetCalibrationValue
                0x08000c38        0x8 ..\obj\stm32f30x_adc.o
                0x08000c38                ADC_GetCalibrationValue
 .text.ADC_SelectCalibrationMode
                0x08000c40       0x10 ..\obj\stm32f30x_adc.o
                0x08000c40                ADC_SelectCalibrationMode
 .text.ADC_GetCalibrationStatus
                0x08000c50        0x8 ..\obj\stm32f30x_adc.o
                0x08000c50                ADC_GetCalibrationStatus
 .text.ADC_VoltageRegulatorCmd
                0x08000c58       0x1c ..\obj\stm32f30x_adc.o
                0x08000c58                ADC_VoltageRegulatorCmd
 .text.ADC_RegularChannelConfig
                0x08000c74       0xc4 ..\obj\stm32f30x_adc.o
                0x08000c74                ADC_RegularChannelConfig
 .text.ADC_StartConversion
                0x08000d38        0xc ..\obj\stm32f30x_adc.o
                0x08000d38                ADC_StartConversion
 .text.ADC_GetConversionValue
                0x08000d44        0x8 ..\obj\stm32f30x_adc.o
                0x08000d44                ADC_GetConversionValue
 .text.ADC_GetFlagStatus
                0x08000d4c        0xc ..\obj\stm32f30x_adc.o
                0x08000d4c                ADC_GetFlagStatus
 .text.ADC_GetCommonFlagStatus
                0x08000d58       0x2c ..\obj\stm32f30x_adc.o
                0x08000d58                ADC_GetCommonFlagStatus
 .text.USART2_les
                0x08000d84       0x1c ..\obj\UART_metodar.o
                0x08000d84                USART2_les
 .text.USART2_skriv
                0x08000da0       0x1c ..\obj\UART_metodar.o
                0x08000da0                USART2_skriv
 .text.USART2_oppstart
                0x08000dbc       0xb4 ..\obj\UART_metodar.o
                0x08000dbc                USART2_oppstart
 .text.USART2_send_tid8_og_data16x3
                0x08000e70       0xfc ..\obj\UART_metodar.o
                0x08000e70                USART2_send_tid8_og_data16x3
 .text.NMI_Handler
                0x08000f6c        0x4 ..\obj\stm32f30x_it.o
                0x08000f6c                NMI_Handler
 .text.HardFault_Handler
                0x08000f70        0x4 ..\obj\stm32f30x_it.o
                0x08000f70                HardFault_Handler
 .text.MemManage_Handler
                0x08000f74        0x4 ..\obj\stm32f30x_it.o
                0x08000f74                MemManage_Handler
 .text.BusFault_Handler
                0x08000f78        0x4 ..\obj\stm32f30x_it.o
                0x08000f78                BusFault_Handler
 .text.UsageFault_Handler
                0x08000f7c        0x4 ..\obj\stm32f30x_it.o
                0x08000f7c                UsageFault_Handler
 .text.SVC_Handler
                0x08000f80        0x4 ..\obj\stm32f30x_it.o
                0x08000f80                SVC_Handler
 .text.DebugMon_Handler
                0x08000f84        0x4 ..\obj\stm32f30x_it.o
                0x08000f84                DebugMon_Handler
 .text.PendSV_Handler
                0x08000f88        0x4 ..\obj\stm32f30x_it.o
                0x08000f88                PendSV_Handler
 .text.GPIO_Init
                0x08000f8c       0xb8 ..\obj\stm32f30x_gpio.o
                0x08000f8c                GPIO_Init
 .text.GPIO_PinAFConfig
                0x08001044       0x2c ..\obj\stm32f30x_gpio.o
                0x08001044                GPIO_PinAFConfig
 .text.ADC_oppstart
                0x08001070       0xd8 ..\obj\ADC_instalasjon1.o
                0x08001070                ADC_oppstart
 .text.ADCVerdi
                0x08001148       0x1c ..\obj\ADC_instalasjon1.o
                0x08001148                ADCVerdi
 *fill*         0x08001164        0x4 
 .text.startup.main
                0x08001168      0x17c ..\obj\main.o
                0x08001168                main
 .text.avbrot_oppstart
                0x080012e4        0x8 ..\obj\avbrots_metodar.o
                0x080012e4                avbrot_oppstart
 .text.SysTick_oppstart
                0x080012ec       0x2c ..\obj\avbrots_metodar.o
                0x080012ec                SysTick_oppstart
 .text.SysTick_Handler
                0x08001318       0xb8 ..\obj\avbrots_metodar.o
                0x08001318                SysTick_Handler
 .text.SPI1_oppstart
                0x080013d0       0xe0 ..\obj\SPI1_metodar.o
                0x080013d0                SPI1_oppstart
 .text.gyro_oppstart
                0x080014b0       0x68 ..\obj\SPI1_metodar.o
                0x080014b0                gyro_oppstart
 .text.GPIO_oppstart
                0x08001518       0x80 ..\obj\GPIO_metodar.o
                0x08001518                GPIO_oppstart
 .text.GPIO_sjekk_brytar
                0x08001598       0x2c ..\obj\GPIO_metodar.o
                0x08001598                GPIO_sjekk_brytar
 .text.EXTI_Init
                0x080015c4      0x110 ..\obj\stm32f30x_exti.o
                0x080015c4                EXTI_Init
 .text.SPI_Init
                0x080016d4       0x8c ..\obj\stm32f30x_spi.o
                0x080016d4                SPI_Init
 .text.SPI_Cmd  0x08001760       0x1c ..\obj\stm32f30x_spi.o
                0x08001760                SPI_Cmd
 .text.SPI_SendData8
                0x0800177c        0x4 ..\obj\stm32f30x_spi.o
                0x0800177c                SPI_SendData8
 .text.SPI_ReceiveData8
                0x08001780        0x4 ..\obj\stm32f30x_spi.o
                0x08001780                SPI_ReceiveData8
 .text.I2C_Init
                0x08001784       0x64 ..\obj\stm32f30x_i2c.o
                0x08001784                I2C_Init
 .text.I2C_Cmd  0x080017e8       0x14 ..\obj\stm32f30x_i2c.o
                0x080017e8                I2C_Cmd
 .text.I2C_TransferHandling
                0x080017fc       0x24 ..\obj\stm32f30x_i2c.o
                0x080017fc                I2C_TransferHandling
 .text.I2C_SendData
                0x08001820        0x4 ..\obj\stm32f30x_i2c.o
                0x08001820                I2C_SendData
 .text.I2C_ReceiveData
                0x08001824        0x8 ..\obj\stm32f30x_i2c.o
                0x08001824                I2C_ReceiveData
 .text.I2C_GetFlagStatus
                0x0800182c        0xc ..\obj\stm32f30x_i2c.o
                0x0800182c                I2C_GetFlagStatus
 .text.I2C_ClearFlag
                0x08001838        0x4 ..\obj\stm32f30x_i2c.o
                0x08001838                I2C_ClearFlag
 .text.maskinvare_init
                0x0800183c       0x3c ..\obj\initialisering.o
                0x0800183c                maskinvare_init
 .text.aks_oppstart
                0x08001878       0x4c ..\obj\LSM303DLHC_metodar.o
                0x08001878                aks_oppstart
 .text.TIM_TimeBaseInit
                0x080018c4       0xa8 ..\obj\stm32f30x_tim.o
                0x080018c4                TIM_TimeBaseInit
 .text.TIM_Cmd  0x0800196c       0x1c ..\obj\stm32f30x_tim.o
                0x0800196c                TIM_Cmd
 .text.TIM_OC2Init
                0x08001988       0x74 ..\obj\stm32f30x_tim.o
                0x08001988                TIM_OC2Init
 .text.TIM_OC2PreloadConfig
                0x080019fc       0x10 ..\obj\stm32f30x_tim.o
                0x080019fc                TIM_OC2PreloadConfig
 .text.Reset_Handler
                0x08001a0c       0x44 ..\obj\startup_stm32f30x.o
                0x08001a0c                Reset_Handler
 .text.Default_Handler
                0x08001a50        0x2 ..\obj\startup_stm32f30x.o
                0x08001a50                RTC_Alarm_IRQHandler
                0x08001a50                TIM8_TRG_COM_IRQHandler
                0x08001a50                TIM8_CC_IRQHandler
                0x08001a50                TIM1_CC_IRQHandler
                0x08001a50                USB_HP_IRQHandler
                0x08001a50                PVD_IRQHandler
                0x08001a50                EXTI3_IRQHandler
                0x08001a50                EXTI0_IRQHandler
                0x08001a50                I2C2_EV_IRQHandler
                0x08001a50                FPU_IRQHandler
                0x08001a50                EXTI2_TS_IRQHandler
                0x08001a50                TIM1_UP_TIM16_IRQHandler
                0x08001a50                ADC1_2_IRQHandler
                0x08001a50                SPI1_IRQHandler
                0x08001a50                TIM6_DAC_IRQHandler
                0x08001a50                TIM8_UP_IRQHandler
                0x08001a50                DMA2_Channel2_IRQHandler
                0x08001a50                DMA1_Channel4_IRQHandler
                0x08001a50                USART3_IRQHandler
                0x08001a50                DMA1_Channel7_IRQHandler
                0x08001a50                CAN1_RX1_IRQHandler
                0x08001a50                UART5_IRQHandler
                0x08001a50                ADC3_IRQHandler
                0x08001a50                TIM4_IRQHandler
                0x08001a50                DMA2_Channel1_IRQHandler
                0x08001a50                I2C1_EV_IRQHandler
                0x08001a50                DMA1_Channel6_IRQHandler
                0x08001a50                UART4_IRQHandler
                0x08001a50                DMA2_Channel4_IRQHandler
                0x08001a50                TIM3_IRQHandler
                0x08001a50                RCC_IRQHandler
                0x08001a50                DMA1_Channel1_IRQHandler
                0x08001a50                Default_Handler
                0x08001a50                USBWakeUp_RMP_IRQHandler
                0x08001a50                EXTI15_10_IRQHandler
                0x08001a50                TIM7_IRQHandler
                0x08001a50                EXTI9_5_IRQHandler
                0x08001a50                TAMPER_STAMP_IRQHandler
                0x08001a50                RTC_WKUP_IRQHandler
                0x08001a50                SPI2_IRQHandler
                0x08001a50                DMA2_Channel5_IRQHandler
                0x08001a50                DMA1_Channel5_IRQHandler
                0x08001a50                USB_LP_IRQHandler
                0x08001a50                EXTI4_IRQHandler
                0x08001a50                USB_LP_CAN1_RX0_IRQHandler
                0x08001a50                TIM1_TRG_COM_TIM17_IRQHandler
                0x08001a50                USB_HP_CAN1_TX_IRQHandler
                0x08001a50                DMA1_Channel3_IRQHandler
                0x08001a50                ADC4_IRQHandler
                0x08001a50                WWDG_IRQHandler
                0x08001a50                TIM2_IRQHandler
                0x08001a50                COMP7_IRQHandler
                0x08001a50                COMP1_2_3_IRQHandler
                0x08001a50                EXTI1_IRQHandler
                0x08001a50                USART2_IRQHandler
                0x08001a50                COMP4_5_6_IRQHandler
                0x08001a50                I2C2_ER_IRQHandler
                0x08001a50                DMA1_Channel2_IRQHandler
                0x08001a50                TIM8_BRK_IRQHandler
                0x08001a50                CAN1_SCE_IRQHandler
                0x08001a50                FLASH_IRQHandler
                0x08001a50                USART1_IRQHandler
                0x08001a50                SPI3_IRQHandler
                0x08001a50                I2C1_ER_IRQHandler
                0x08001a50                USBWakeUp_IRQHandler
                0x08001a50                DMA2_Channel3_IRQHandler
                0x08001a50                TIM1_BRK_TIM15_IRQHandler
 *fill*         0x08001a52        0x2 
 .text.SYSCFG_EXTILineConfig
                0x08001a54       0x30 ..\obj\stm32f30x_syscfg.o
                0x08001a54                SYSCFG_EXTILineConfig
 .text.SPI2_oppstart
                0x08001a84       0xd4 ..\obj\SPI2_metodar.o
                0x08001a84                SPI2_oppstart
 .text.Exp_click_sokkel1_sett_retningAB
                0x08001b58       0x60 ..\obj\SPI2_metodar.o
                0x08001b58                Exp_click_sokkel1_sett_retningAB
 .text.Exp_click_sokkel1_oppstart
                0x08001bb8        0x8 ..\obj\SPI2_metodar.o
                0x08001bb8                Exp_click_sokkel1_oppstart
 .text.LinMot_oppstart
                0x08001bc0        0x4 ..\obj\LINMOT_metodar.o
                0x08001bc0                LinMot_oppstart
 .text.LinMot_bytt_retning
                0x08001bc4       0x14 ..\obj\LINMOT_metodar.o
                0x08001bc4                LinMot_bytt_retning
 .text.USART_Init
                0x08001bd8       0xbc ..\obj\stm32f30x_usart.o
                0x08001bd8                USART_Init
 .text.USART_ClockInit
                0x08001c94       0x20 ..\obj\stm32f30x_usart.o
                0x08001c94                USART_ClockInit
 .text.USART_ClockStructInit
                0x08001cb4        0xc ..\obj\stm32f30x_usart.o
                0x08001cb4                USART_ClockStructInit
 .text.USART_Cmd
                0x08001cc0       0x14 ..\obj\stm32f30x_usart.o
                0x08001cc0                USART_Cmd
 .text.USART_SendData
                0x08001cd4        0x8 ..\obj\stm32f30x_usart.o
                0x08001cd4                USART_SendData
 .text.USART_ReceiveData
                0x08001cdc        0x8 ..\obj\stm32f30x_usart.o
                0x08001cdc                USART_ReceiveData
 .text.USART_GetFlagStatus
                0x08001ce4        0xc ..\obj\stm32f30x_usart.o
                0x08001ce4                USART_GetFlagStatus
 .text.pow      0x08001cf0      0x338 c:/program files (x86)/gnu tools arm embedded/5.4 2016q2/bin/../lib/gcc/arm-none-eabi/5.4.1/../../../../arm-none-eabi/lib/armv7e-m/fpu\libm.a(lib_a-w_pow.o)
                0x08001cf0                pow
 .text.__ieee754_pow
                0x08002028      0xb10 c:/program files (x86)/gnu tools arm embedded/5.4 2016q2/bin/../lib/gcc/arm-none-eabi/5.4.1/../../../../arm-none-eabi/lib/armv7e-m/fpu\libm.a(lib_a-e_pow.o)
                0x08002028                __ieee754_pow
 .text.__ieee754_sqrt
                0x08002b38      0x1a0 c:/program files (x86)/gnu tools arm embedded/5.4 2016q2/bin/../lib/gcc/arm-none-eabi/5.4.1/../../../../arm-none-eabi/lib/armv7e-m/fpu\libm.a(lib_a-e_sqrt.o)
                0x08002b38                __ieee754_sqrt
 .text.fabs     0x08002cd8       0x10 c:/program files (x86)/gnu tools arm embedded/5.4 2016q2/bin/../lib/gcc/arm-none-eabi/5.4.1/../../../../arm-none-eabi/lib/armv7e-m/fpu\libm.a(lib_a-s_fabs.o)
                0x08002cd8                fabs
 .text.finite   0x08002ce8       0x10 c:/program files (x86)/gnu tools arm embedded/5.4 2016q2/bin/../lib/gcc/arm-none-eabi/5.4.1/../../../../arm-none-eabi/lib/armv7e-m/fpu\libm.a(lib_a-s_finite.o)
                0x08002ce8                finite
 .text.matherr  0x08002cf8        0x4 c:/program files (x86)/gnu tools arm embedded/5.4 2016q2/bin/../lib/gcc/arm-none-eabi/5.4.1/../../../../arm-none-eabi/lib/armv7e-m/fpu\libm.a(lib_a-s_matherr.o)
                0x08002cf8                matherr
 *fill*         0x08002cfc        0x4 
 .text.nan      0x08002d00       0x10 c:/program files (x86)/gnu tools arm embedded/5.4 2016q2/bin/../lib/gcc/arm-none-eabi/5.4.1/../../../../arm-none-eabi/lib/armv7e-m/fpu\libm.a(lib_a-s_nan.o)
                0x08002d00                nan
 .text.rint     0x08002d10      0x128 c:/program files (x86)/gnu tools arm embedded/5.4 2016q2/bin/../lib/gcc/arm-none-eabi/5.4.1/../../../../arm-none-eabi/lib/armv7e-m/fpu\libm.a(lib_a-s_rint.o)
                0x08002d10                rint
 .text.scalbn   0x08002e38      0x10c c:/program files (x86)/gnu tools arm embedded/5.4 2016q2/bin/../lib/gcc/arm-none-eabi/5.4.1/../../../../arm-none-eabi/lib/armv7e-m/fpu\libm.a(lib_a-s_scalbn.o)
                0x08002e38                scalbn
 .text.copysign
                0x08002f44       0x1c c:/program files (x86)/gnu tools arm embedded/5.4 2016q2/bin/../lib/gcc/arm-none-eabi/5.4.1/../../../../arm-none-eabi/lib/armv7e-m/fpu\libm.a(lib_a-s_copysign.o)
                0x08002f44                copysign
 .text          0x08002f60      0x370 c:/program files (x86)/gnu tools arm embedded/5.4 2016q2/bin/../lib/gcc/arm-none-eabi/5.4.1/armv7e-m/fpu\libgcc.a(_arm_addsubdf3.o)
                0x08002f60                __aeabi_drsub
                0x08002f68                __aeabi_dsub
                0x08002f68                __subdf3
                0x08002f6c                __aeabi_dadd
                0x08002f6c                __adddf3
                0x080031e4                __floatunsidf
                0x080031e4                __aeabi_ui2d
                0x08003204                __floatsidf
                0x08003204                __aeabi_i2d
                0x08003228                __aeabi_f2d
                0x08003228                __extendsfdf2
                0x08003264                __floatundidf
                0x08003264                __aeabi_ul2d
                0x08003274                __floatdidf
                0x08003274                __aeabi_l2d
 .text          0x080032d0      0x424 c:/program files (x86)/gnu tools arm embedded/5.4 2016q2/bin/../lib/gcc/arm-none-eabi/5.4.1/armv7e-m/fpu\libgcc.a(_arm_muldivdf3.o)
                0x080032d0                __aeabi_dmul
                0x080032d0                __muldf3
                0x08003524                __divdf3
                0x08003524                __aeabi_ddiv
 .text          0x080036f4      0x110 c:/program files (x86)/gnu tools arm embedded/5.4 2016q2/bin/../lib/gcc/arm-none-eabi/5.4.1/armv7e-m/fpu\libgcc.a(_arm_cmpdf2.o)
                0x080036f4                __gtdf2
                0x080036f4                __gedf2
                0x080036fc                __ltdf2
                0x080036fc                __ledf2
                0x08003704                __nedf2
                0x08003704                __eqdf2
                0x08003704                __cmpdf2
                0x08003780                __aeabi_cdrcmple
                0x08003790                __aeabi_cdcmpeq
                0x08003790                __aeabi_cdcmple
                0x080037a0                __aeabi_dcmpeq
                0x080037b4                __aeabi_dcmplt
                0x080037c8                __aeabi_dcmple
                0x080037dc                __aeabi_dcmpge
                0x080037f0                __aeabi_dcmpgt
 .text          0x08003804       0x2c c:/program files (x86)/gnu tools arm embedded/5.4 2016q2/bin/../lib/gcc/arm-none-eabi/5.4.1/armv7e-m/fpu\libgcc.a(_arm_unorddf2.o)
                0x08003804                __unorddf2
                0x08003804                __aeabi_dcmpun
 .text          0x08003830       0x40 c:/program files (x86)/gnu tools arm embedded/5.4 2016q2/bin/../lib/gcc/arm-none-eabi/5.4.1/armv7e-m/fpu\libgcc.a(_arm_fixunsdfsi.o)
                0x08003830                __aeabi_d2uiz
                0x08003830                __fixunsdfsi
 .text.__errno  0x08003870        0xc c:/program files (x86)/gnu tools arm embedded/5.4 2016q2/bin/../lib/gcc/arm-none-eabi/5.4.1/../../../../arm-none-eabi/lib/armv7e-m/fpu\libc.a(lib_a-errno.o)
                0x08003870                __errno
 *(.init)
 *(.fini)
 *crtbegin.o(.ctors)
 *crtbegin?.o(.ctors)
 *(EXCLUDE_FILE(*crtend.o *crtend?.o) .ctors)
 *(SORT(.ctors.*))
 *(.ctors)
 *crtbegin.o(.dtors)
 *crtbegin?.o(.dtors)
 *(EXCLUDE_FILE(*crtend.o *crtend?.o) .dtors)
 *(SORT(.dtors.*))
 *(.dtors)
 *(.rodata*)
 .rodata.str1.4
                0x0800387c       0x26 ..\obj\UART_metodar.o
 *fill*         0x080038a2        0x2 
 .rodata.str1.4
                0x080038a4        0x4 c:/program files (x86)/gnu tools arm embedded/5.4 2016q2/bin/../lib/gcc/arm-none-eabi/5.4.1/../../../../arm-none-eabi/lib/armv7e-m/fpu\libm.a(lib_a-w_pow.o)
 .rodata.str1.4
                0x080038a8        0x4 c:/program files (x86)/gnu tools arm embedded/5.4 2016q2/bin/../lib/gcc/arm-none-eabi/5.4.1/../../../../arm-none-eabi/lib/armv7e-m/fpu\libm.a(lib_a-e_pow.o)
                                  0x1 (size before relaxing)
 *fill*         0x080038ac        0x4 
 .rodata.TWO52  0x080038b0       0x10 c:/program files (x86)/gnu tools arm embedded/5.4 2016q2/bin/../lib/gcc/arm-none-eabi/5.4.1/../../../../arm-none-eabi/lib/armv7e-m/fpu\libm.a(lib_a-s_rint.o)
 *(.eh_fram e*)

.glue_7         0x080038c0        0x0
 .glue_7        0x080038c0        0x0 linker stubs

.glue_7t        0x080038c0        0x0
 .glue_7t       0x080038c0        0x0 linker stubs

.vfp11_veneer   0x080038c0        0x0
 .vfp11_veneer  0x080038c0        0x0 linker stubs

.v4_bx          0x080038c0        0x0
 .v4_bx         0x080038c0        0x0 linker stubs

.iplt           0x080038c0        0x0
 .iplt          0x080038c0        0x0 ..\obj\GPIO_Toggle_Example.o

.rel.dyn        0x080038c0        0x0
 .rel.iplt      0x080038c0        0x0 ..\obj\GPIO_Toggle_Example.o

.ARM.extab
 *(.ARM.extab* .gnu.linkonce.armextab.*)
                0x080038c0                __exidx_start = .

.ARM.exidx
 *(.ARM.exidx* .gnu.linkonce.armexidx.*)
                0x080038c0                __exidx_end = .
                0x080038c0                __etext = .
                0x080038c0                _sidata = __etext

.data           0x20000000      0x494 load address 0x080038c0
                0x20000000                __data_start__ = .
                0x20000000                _sdata = __data_start__
 *(vtable)
 *(.data*)
 .data          0x20000000       0x2a ..\obj\stm32f30x_rcc.o
 *fill*         0x2000002a        0x2 
 .data          0x2000002c        0x4 ..\obj\stm32f3_discovery_lsm303dlhc.o
                0x2000002c                LSM303DLHC_Timeout
 .data          0x20000030       0x2b ..\obj\main.o
                0x20000030                a1
                0x20000034                b1
                0x20000038                a_zf_k_1
                0x2000003c                skriv_til_LCD
                0x2000003e                PWM_vidde
                0x20000040                PWM_periode
                0x20000044                hex2ascii_tabell
                0x20000054                teikn
                0x20000056                maaling_teljar
                0x20000058                klar_for_nytt_trykk_av_USERbrytar
                0x20000059                brytar_var_nettopp_slept
                0x2000005a                tilstand
 *fill*         0x2000005b        0x5 
 .data          0x20000060      0x430 ..\obj\printf.o
                0x20000060                _impure_ptr
                0x20000068                r
 .data.__fdlib_version
                0x20000490        0x1 c:/program files (x86)/gnu tools arm embedded/5.4 2016q2/bin/../lib/gcc/arm-none-eabi/5.4.1/../../../../arm-none-eabi/lib/armv7e-m/fpu\libm.a(lib_a-s_lib_ver.o)
                0x20000490                __fdlib_version
                0x20000494                . = ALIGN (0x4)
 *fill*         0x20000491        0x3 
                [!provide]                PROVIDE (__preinit_array_start, .)
 *(.preinit_array)
                [!provide]                PROVIDE (__preinit_array_end, .)
                0x20000494                . = ALIGN (0x4)
                [!provide]                PROVIDE (__init_array_start, .)
 *(SORT(.init_array.*))
 *(.init_array)
                [!provide]                PROVIDE (__init_array_end, .)
                0x20000494                . = ALIGN (0x4)
                [!provide]                PROVIDE (__fini_array_start, .)
 *(SORT(.fini_array.*))
 *(.fini_array)
                [!provide]                PROVIDE (__fini_array_end, .)
 *(.jcr*)
                0x20000494                . = ALIGN (0x4)
                0x20000494                __data_end__ = .
                0x20000494                _edata = __data_end__

.igot.plt       0x20000494        0x0 load address 0x08003d54
 .igot.plt      0x20000494        0x0 ..\obj\GPIO_Toggle_Example.o

.bss            0x20000494       0x54 load address 0x08003d54
                0x20000494                . = ALIGN (0x4)
                0x20000494                __bss_start__ = .
                0x20000494                _sbss = __bss_start__
 *(.bss*)
 .bss           0x20000494       0x3c ..\obj\main.o
                0x20000494                send_maalingar_til_loggar
                0x20000495                legg_til_meldingshovud
                0x20000496                ny_maaling
                0x20000498                a_x
                0x2000049a                a_y
                0x2000049c                a
                0x2000049e                a_z
                0x200004a0                a_xf_k_1
                0x200004a4                a_yf_k_1
                0x200004a8                send_maaling
                0x200004a9                samplenr
                0x200004aa                legg_til_meldingshale
                0x200004ab                send_ei_brytarmelding_via_uart
                0x200004ac                tikkteljar_uartkomm
                0x200004ad                temperatur
                0x200004ae                diode_moenster
                0x200004b0                loggeverdi
                0x200004b2                tikkteljar_sampling
                0x200004b4                PWM_preskalering
                0x200004b6                testteljar
                0x200004b8                testmaaling
                0x200004ba                send_ny_tidsserie
                0x200004bb                oppdater_diodar
                0x200004bc                tikkteljar_diodar
                0x200004be                tikkteljar_avprelling
                0x200004c0                avstand_filter_2
                0x200004c4                avstand_raa
                0x200004c8                telling_avbrot
                0x200004cc                trykkteljar_USERbrytar
                0x200004cd                sleppteljar_USERbrytar
                0x200004ce                nedtrykt_er_naa_USERbrytar
                0x200004cf                gyldig_trykk_av_USERbrytar
 *(COMMON)
 COMMON         0x200004d0       0x18 ..\obj\main.o
                0x200004d0                a_zf_k
                0x200004d4                a_xf_k
                0x200004d8                a_yf_k
                0x200004dc                buffer
                0x200004e2                mottatt_data
                0x200004e4                avstand_filter_1
                0x200004e8                . = ALIGN (0x4)
                0x200004e8                __bss_end__ = .
                0x200004e8                _ebss = __bss_end__

.heap           0x200004e8        0x0
                0x200004e8                __end__ = .
                0x200004e8                _end = __end__
                0x200004e8                end = __end__
 *(.heap*)
                0x200004e8                __HeapLimit = .

.co_stack       0x200004e8        0x0
                0x200004e8                . = ALIGN (0x8)
 *(.co_stack .co_stack.*)
                0x2000a000                __StackTop = (ORIGIN (ram) + LENGTH (ram))
                0x2000a000                __StackLimit = (__StackTop - SIZEOF (.co_stack))
                [!provide]                PROVIDE (__stack, __StackTop)
                0x00000001                ASSERT ((__StackLimit >= __HeapLimit), region ram  overflowed with stack)
LOAD ..\obj\GPIO_Toggle_Example.o
LOAD ..\obj\stm32f30x_rcc.o
LOAD ..\obj\stm32f3_discovery_lsm303dlhc.o
LOAD ..\obj\TIM_metodar.o
LOAD ..\obj\system_stm32f30x.o
LOAD ..\obj\stm32f30x_adc.o
LOAD ..\obj\I2C_metodar.o
LOAD ..\obj\UART_metodar.o
LOAD ..\obj\stm32f30x_it.o
LOAD ..\obj\stm32f30x_gpio.o
LOAD ..\obj\LCD_metodar.o
LOAD ..\obj\ADC_instalasjon1.o
LOAD ..\obj\main.o
LOAD ..\obj\printf.o
LOAD ..\obj\avbrots_metodar.o
LOAD ..\obj\SPI1_metodar.o
LOAD ..\obj\GPIO_metodar.o
LOAD ..\obj\stm32f30x_exti.o
LOAD ..\obj\stm32f30x_spi.o
LOAD ..\obj\stm32f30x_i2c.o
LOAD ..\obj\initialisering.o
LOAD ..\obj\LSM303DLHC_metodar.o
LOAD ..\obj\system_stm32f30x_temp.o
LOAD ..\obj\syscalls.o
LOAD ..\obj\stm32f30x_misc.o
LOAD ..\obj\stm32f30x_tim.o
LOAD ..\obj\stm32f3_discovery_l3gd20.o
LOAD ..\obj\startup_stm32f30x.o
LOAD ..\obj\stm32f30x_syscfg.o
LOAD ..\obj\SPI2_metodar.o
LOAD ..\obj\LINMOT_metodar.o
LOAD ..\obj\stm32f30x_can.o
LOAD ..\obj\stm32f3_discovery.o
LOAD ..\obj\stm32f30x_usart.o
LOAD c:/program files (x86)/gnu tools arm embedded/5.4 2016q2/bin/../lib/gcc/arm-none-eabi/5.4.1/../../../../arm-none-eabi/lib/armv7e-m/fpu\libm.a
LOAD c:/program files (x86)/gnu tools arm embedded/5.4 2016q2/bin/../lib/gcc/arm-none-eabi/5.4.1/armv7e-m/fpu\libgcc.a
LOAD c:/program files (x86)/gnu tools arm embedded/5.4 2016q2/bin/../lib/gcc/arm-none-eabi/5.4.1/../../../../arm-none-eabi/lib/armv7e-m/fpu\libc.a
START GROUP
LOAD c:/program files (x86)/gnu tools arm embedded/5.4 2016q2/bin/../lib/gcc/arm-none-eabi/5.4.1/armv7e-m/fpu\libgcc.a
LOAD c:/program files (x86)/gnu tools arm embedded/5.4 2016q2/bin/../lib/gcc/arm-none-eabi/5.4.1/../../../../arm-none-eabi/lib/armv7e-m/fpu\libg.a
LOAD c:/program files (x86)/gnu tools arm embedded/5.4 2016q2/bin/../lib/gcc/arm-none-eabi/5.4.1/../../../../arm-none-eabi/lib/armv7e-m/fpu\libc.a
END GROUP
OUTPUT(aks_xyz_loggar_stm32f3disc.elf elf32-littlearm)

.debug_info     0x00000000     0xf143
 .debug_info    0x00000000      0x222 ..\obj\GPIO_Toggle_Example.o
 .debug_info    0x00000222      0xb78 ..\obj\stm32f30x_rcc.o
 .debug_info    0x00000d9a     0x11bf ..\obj\stm32f3_discovery_lsm303dlhc.o
 .debug_info    0x00001f59      0x7f9 ..\obj\TIM_metodar.o
 .debug_info    0x00002752      0x4db ..\obj\system_stm32f30x.o
 .debug_info    0x00002c2d     0x138e ..\obj\stm32f30x_adc.o
 .debug_info    0x00003fbb      0xe63 ..\obj\UART_metodar.o
 .debug_info    0x00004e1e       0xf1 ..\obj\stm32f30x_it.o
 .debug_info    0x00004f0f      0x752 ..\obj\stm32f30x_gpio.o
 .debug_info    0x00005661      0x920 ..\obj\ADC_instalasjon1.o
 .debug_info    0x00005f81      0x635 ..\obj\main.o
 .debug_info    0x000065b6     0x136c ..\obj\printf.o
 .debug_info    0x00007922      0x74e ..\obj\avbrots_metodar.o
 .debug_info    0x00008070      0x6e5 ..\obj\SPI1_metodar.o
 .debug_info    0x00008755      0x489 ..\obj\GPIO_metodar.o
 .debug_info    0x00008bde      0x3a6 ..\obj\stm32f30x_exti.o
 .debug_info    0x00008f84      0xc48 ..\obj\stm32f30x_spi.o
 .debug_info    0x00009bcc      0xbd7 ..\obj\stm32f30x_i2c.o
 .debug_info    0x0000a7a3      0x1b0 ..\obj\initialisering.o
 .debug_info    0x0000a953      0x1c6 ..\obj\LSM303DLHC_metodar.o
 .debug_info    0x0000ab19     0x28f1 ..\obj\stm32f30x_tim.o
 .debug_info    0x0000d40a       0xa6 ..\obj\startup_stm32f30x.o
 .debug_info    0x0000d4b0      0x318 ..\obj\stm32f30x_syscfg.o
 .debug_info    0x0000d7c8      0x7c5 ..\obj\SPI2_metodar.o
 .debug_info    0x0000df8d      0x1cf ..\obj\LINMOT_metodar.o
 .debug_info    0x0000e15c      0xfe7 ..\obj\stm32f30x_usart.o

.debug_abbrev   0x00000000     0x2972
 .debug_abbrev  0x00000000       0xff ..\obj\GPIO_Toggle_Example.o
 .debug_abbrev  0x000000ff      0x297 ..\obj\stm32f30x_rcc.o
 .debug_abbrev  0x00000396      0x218 ..\obj\stm32f3_discovery_lsm303dlhc.o
 .debug_abbrev  0x000005ae      0x18a ..\obj\TIM_metodar.o
 .debug_abbrev  0x00000738      0x145 ..\obj\system_stm32f30x.o
 .debug_abbrev  0x0000087d      0x1de ..\obj\stm32f30x_adc.o
 .debug_abbrev  0x00000a5b      0x2bd ..\obj\UART_metodar.o
 .debug_abbrev  0x00000d18       0x89 ..\obj\stm32f30x_it.o
 .debug_abbrev  0x00000da1      0x1e4 ..\obj\stm32f30x_gpio.o
 .debug_abbrev  0x00000f85      0x1a2 ..\obj\ADC_instalasjon1.o
 .debug_abbrev  0x00001127      0x161 ..\obj\main.o
 .debug_abbrev  0x00001288      0x3a3 ..\obj\printf.o
 .debug_abbrev  0x0000162b      0x190 ..\obj\avbrots_metodar.o
 .debug_abbrev  0x000017bb      0x172 ..\obj\SPI1_metodar.o
 .debug_abbrev  0x0000192d      0x170 ..\obj\GPIO_metodar.o
 .debug_abbrev  0x00001a9d      0x18d ..\obj\stm32f30x_exti.o
 .debug_abbrev  0x00001c2a      0x1d7 ..\obj\stm32f30x_spi.o
 .debug_abbrev  0x00001e01      0x207 ..\obj\stm32f30x_i2c.o
 .debug_abbrev  0x00002008       0x91 ..\obj\initialisering.o
 .debug_abbrev  0x00002099       0xd6 ..\obj\LSM303DLHC_metodar.o
 .debug_abbrev  0x0000216f      0x277 ..\obj\stm32f30x_tim.o
 .debug_abbrev  0x000023e6       0x12 ..\obj\startup_stm32f30x.o
 .debug_abbrev  0x000023f8      0x192 ..\obj\stm32f30x_syscfg.o
 .debug_abbrev  0x0000258a      0x171 ..\obj\SPI2_metodar.o
 .debug_abbrev  0x000026fb       0xaf ..\obj\LINMOT_metodar.o
 .debug_abbrev  0x000027aa      0x1c8 ..\obj\stm32f30x_usart.o

.debug_loc      0x00000000     0x782e
 .debug_loc     0x00000000       0x20 ..\obj\GPIO_Toggle_Example.o
 .debug_loc     0x00000020      0xbbb ..\obj\stm32f30x_rcc.o
 .debug_loc     0x00000bdb      0x387 ..\obj\stm32f3_discovery_lsm303dlhc.o
 .debug_loc     0x00000f62       0x2c ..\obj\TIM_metodar.o
 .debug_loc     0x00000f8e      0x109 ..\obj\system_stm32f30x.o
 .debug_loc     0x00001097      0xdd4 ..\obj\stm32f30x_adc.o
 .debug_loc     0x00001e6b      0x5f8 ..\obj\UART_metodar.o
 .debug_loc     0x00002463      0x351 ..\obj\stm32f30x_gpio.o
 .debug_loc     0x000027b4       0x13 ..\obj\ADC_instalasjon1.o
 .debug_loc     0x000027c7      0xf2f ..\obj\printf.o
 .debug_loc     0x000036f6       0x8b ..\obj\avbrots_metodar.o
 .debug_loc     0x00003781       0x2c ..\obj\SPI1_metodar.o
 .debug_loc     0x000037ad       0x21 ..\obj\GPIO_metodar.o
 .debug_loc     0x000037ce      0x28e ..\obj\stm32f30x_exti.o
 .debug_loc     0x00003a5c      0x6a4 ..\obj\stm32f30x_spi.o
 .debug_loc     0x00004100      0x5ab ..\obj\stm32f30x_i2c.o
 .debug_loc     0x000046ab     0x25d8 ..\obj\stm32f30x_tim.o
 .debug_loc     0x00006c83      0x1af ..\obj\stm32f30x_syscfg.o
 .debug_loc     0x00006e32       0xb0 ..\obj\SPI2_metodar.o
 .debug_loc     0x00006ee2      0x94c ..\obj\stm32f30x_usart.o

.debug_aranges  0x00000000     0x1090
 .debug_aranges
                0x00000000       0x28 ..\obj\GPIO_Toggle_Example.o
 .debug_aranges
                0x00000028      0x150 ..\obj\stm32f30x_rcc.o
 .debug_aranges
                0x00000178       0xa0 ..\obj\stm32f3_discovery_lsm303dlhc.o
 .debug_aranges
                0x00000218       0x40 ..\obj\TIM_metodar.o
 .debug_aranges
                0x00000258       0x28 ..\obj\system_stm32f30x.o
 .debug_aranges
                0x00000280      0x210 ..\obj\stm32f30x_adc.o
 .debug_aranges
                0x00000490       0x98 ..\obj\UART_metodar.o
 .debug_aranges
                0x00000528       0x40 ..\obj\stm32f30x_it.o
 .debug_aranges
                0x00000568       0x80 ..\obj\stm32f30x_gpio.o
 .debug_aranges
                0x000005e8       0x28 ..\obj\ADC_instalasjon1.o
 .debug_aranges
                0x00000610       0x20 ..\obj\main.o
 .debug_aranges
                0x00000630       0xa0 ..\obj\printf.o
 .debug_aranges
                0x000006d0       0x30 ..\obj\avbrots_metodar.o
 .debug_aranges
                0x00000700       0x30 ..\obj\SPI1_metodar.o
 .debug_aranges
                0x00000730       0x50 ..\obj\GPIO_metodar.o
 .debug_aranges
                0x00000780       0x50 ..\obj\stm32f30x_exti.o
 .debug_aranges
                0x000007d0      0x118 ..\obj\stm32f30x_spi.o
 .debug_aranges
                0x000008e8      0x158 ..\obj\stm32f30x_i2c.o
 .debug_aranges
                0x00000a40       0x20 ..\obj\initialisering.o
 .debug_aranges
                0x00000a60       0x20 ..\obj\LSM303DLHC_metodar.o
 .debug_aranges
                0x00000a80      0x378 ..\obj\stm32f30x_tim.o
 .debug_aranges
                0x00000df8       0x28 ..\obj\startup_stm32f30x.o
 .debug_aranges
                0x00000e20       0x68 ..\obj\stm32f30x_syscfg.o
 .debug_aranges
                0x00000e88       0x40 ..\obj\SPI2_metodar.o
 .debug_aranges
                0x00000ec8       0x28 ..\obj\LINMOT_metodar.o
 .debug_aranges
                0x00000ef0      0x1a0 ..\obj\stm32f30x_usart.o

.debug_ranges   0x00000000     0x1050
 .debug_ranges  0x00000000       0x18 ..\obj\GPIO_Toggle_Example.o
 .debug_ranges  0x00000018      0x160 ..\obj\stm32f30x_rcc.o
 .debug_ranges  0x00000178       0x90 ..\obj\stm32f3_discovery_lsm303dlhc.o
 .debug_ranges  0x00000208       0x30 ..\obj\TIM_metodar.o
 .debug_ranges  0x00000238       0x30 ..\obj\system_stm32f30x.o
 .debug_ranges  0x00000268      0x200 ..\obj\stm32f30x_adc.o
 .debug_ranges  0x00000468       0x88 ..\obj\UART_metodar.o
 .debug_ranges  0x000004f0       0x30 ..\obj\stm32f30x_it.o
 .debug_ranges  0x00000520       0x70 ..\obj\stm32f30x_gpio.o
 .debug_ranges  0x00000590       0x18 ..\obj\ADC_instalasjon1.o
 .debug_ranges  0x000005a8       0x10 ..\obj\main.o
 .debug_ranges  0x000005b8      0x120 ..\obj\printf.o
 .debug_ranges  0x000006d8       0x38 ..\obj\avbrots_metodar.o
 .debug_ranges  0x00000710       0x20 ..\obj\SPI1_metodar.o
 .debug_ranges  0x00000730       0x40 ..\obj\GPIO_metodar.o
 .debug_ranges  0x00000770       0x40 ..\obj\stm32f30x_exti.o
 .debug_ranges  0x000007b0      0x108 ..\obj\stm32f30x_spi.o
 .debug_ranges  0x000008b8      0x148 ..\obj\stm32f30x_i2c.o
 .debug_ranges  0x00000a00       0x10 ..\obj\initialisering.o
 .debug_ranges  0x00000a10       0x10 ..\obj\LSM303DLHC_metodar.o
 .debug_ranges  0x00000a20      0x3e0 ..\obj\stm32f30x_tim.o
 .debug_ranges  0x00000e00       0x20 ..\obj\startup_stm32f30x.o
 .debug_ranges  0x00000e20       0x58 ..\obj\stm32f30x_syscfg.o
 .debug_ranges  0x00000e78       0x30 ..\obj\SPI2_metodar.o
 .debug_ranges  0x00000ea8       0x18 ..\obj\LINMOT_metodar.o
 .debug_ranges  0x00000ec0      0x190 ..\obj\stm32f30x_usart.o

.debug_line     0x00000000     0x5ed7
 .debug_line    0x00000000      0x1e8 ..\obj\GPIO_Toggle_Example.o
 .debug_line    0x000001e8      0x5d8 ..\obj\stm32f30x_rcc.o
 .debug_line    0x000007c0      0x483 ..\obj\stm32f3_discovery_lsm303dlhc.o
 .debug_line    0x00000c43      0x2d4 ..\obj\TIM_metodar.o
 .debug_line    0x00000f17      0x1f4 ..\obj\system_stm32f30x.o
 .debug_line    0x0000110b      0x7ca ..\obj\stm32f30x_adc.o
 .debug_line    0x000018d5      0x44c ..\obj\UART_metodar.o
 .debug_line    0x00001d21      0x19c ..\obj\stm32f30x_it.o
 .debug_line    0x00001ebd      0x34b ..\obj\stm32f30x_gpio.o
 .debug_line    0x00002208      0x255 ..\obj\ADC_instalasjon1.o
 .debug_line    0x0000245d      0x29b ..\obj\main.o
 .debug_line    0x000026f8      0x442 ..\obj\printf.o
 .debug_line    0x00002b3a      0x240 ..\obj\avbrots_metodar.o
 .debug_line    0x00002d7a      0x2a3 ..\obj\SPI1_metodar.o
 .debug_line    0x0000301d      0x2d6 ..\obj\GPIO_metodar.o
 .debug_line    0x000032f3      0x29b ..\obj\stm32f30x_exti.o
 .debug_line    0x0000358e      0x520 ..\obj\stm32f30x_spi.o
 .debug_line    0x00003aae      0x569 ..\obj\stm32f30x_i2c.o
 .debug_line    0x00004017      0x16b ..\obj\initialisering.o
 .debug_line    0x00004182      0x1ca ..\obj\LSM303DLHC_metodar.o
 .debug_line    0x0000434c      0xda9 ..\obj\stm32f30x_tim.o
 .debug_line    0x000050f5       0x9d ..\obj\startup_stm32f30x.o
 .debug_line    0x00005192      0x253 ..\obj\stm32f30x_syscfg.o
 .debug_line    0x000053e5      0x2d1 ..\obj\SPI2_metodar.o
 .debug_line    0x000056b6      0x1a4 ..\obj\LINMOT_metodar.o
 .debug_line    0x0000585a      0x67d ..\obj\stm32f30x_usart.o

.debug_str      0x00000000     0x4eaf
 .debug_str     0x00000000      0x2cd ..\obj\GPIO_Toggle_Example.o
                                0x31e (size before relaxing)
 .debug_str     0x000002cd      0x664 ..\obj\stm32f30x_rcc.o
                                0x814 (size before relaxing)
 .debug_str     0x00000931      0x6e3 ..\obj\stm32f3_discovery_lsm303dlhc.o
                                0xa1e (size before relaxing)
 .debug_str     0x00001014      0x2b8 ..\obj\TIM_metodar.o
                                0x635 (size before relaxing)
 .debug_str     0x000012cc       0xeb ..\obj\system_stm32f30x.o
                                0x31f (size before relaxing)
 .debug_str     0x000013b7      0x98f ..\obj\stm32f30x_adc.o
                                0xbc6 (size before relaxing)
 .debug_str     0x00001d46      0x39a ..\obj\UART_metodar.o
                                0x772 (size before relaxing)
 .debug_str     0x000020e0       0x89 ..\obj\stm32f30x_it.o
                                0x1d4 (size before relaxing)
 .debug_str     0x00002169      0x165 ..\obj\stm32f30x_gpio.o
                                0x4d5 (size before relaxing)
 .debug_str     0x000022ce       0xa1 ..\obj\ADC_instalasjon1.o
                                0x706 (size before relaxing)
 .debug_str     0x0000236f      0x30c ..\obj\main.o
                                0x598 (size before relaxing)
 .debug_str     0x0000267b      0x4a6 ..\obj\printf.o
                                0x689 (size before relaxing)
 .debug_str     0x00002b21      0x534 ..\obj\avbrots_metodar.o
                                0x80a (size before relaxing)
 .debug_str     0x00003055      0x16c ..\obj\SPI1_metodar.o
                                0x53d (size before relaxing)
 .debug_str     0x000031c1       0x94 ..\obj\GPIO_metodar.o
                                0x4bd (size before relaxing)
 .debug_str     0x00003255      0x104 ..\obj\stm32f30x_exti.o
                                0x391 (size before relaxing)
 .debug_str     0x00003359      0x38f ..\obj\stm32f30x_spi.o
                                0x827 (size before relaxing)
 .debug_str     0x000036e8      0x356 ..\obj\stm32f30x_i2c.o
                                0x669 (size before relaxing)
 .debug_str     0x00003a3e       0x7a ..\obj\initialisering.o
                                0x25c (size before relaxing)
 .debug_str     0x00003ab8       0x45 ..\obj\LSM303DLHC_metodar.o
                                0x2ae (size before relaxing)
 .debug_str     0x00003afd      0xb88 ..\obj\stm32f30x_tim.o
                                0xfaa (size before relaxing)
 .debug_str     0x00004685      0x1a1 ..\obj\stm32f30x_syscfg.o
                                0x371 (size before relaxing)
 .debug_str     0x00004826       0xb6 ..\obj\SPI2_metodar.o
                                0x5a3 (size before relaxing)
 .debug_str     0x000048dc       0x34 ..\obj\LINMOT_metodar.o
                                0x225 (size before relaxing)
 .debug_str     0x00004910      0x59f ..\obj\stm32f30x_usart.o
                                0xa5f (size before relaxing)

.comment        0x00000000       0x6e
 .comment       0x00000000       0x6e ..\obj\GPIO_Toggle_Example.o
                                 0x6f (size before relaxing)
 .comment       0x0000006e       0x6f ..\obj\stm32f30x_rcc.o
 .comment       0x0000006e       0x6f ..\obj\stm32f3_discovery_lsm303dlhc.o
 .comment       0x0000006e       0x6f ..\obj\TIM_metodar.o
 .comment       0x0000006e       0x6f ..\obj\system_stm32f30x.o
 .comment       0x0000006e       0x6f ..\obj\stm32f30x_adc.o
 .comment       0x0000006e       0x6f ..\obj\UART_metodar.o
 .comment       0x0000006e       0x6f ..\obj\stm32f30x_it.o
 .comment       0x0000006e       0x6f ..\obj\stm32f30x_gpio.o
 .comment       0x0000006e       0x6f ..\obj\ADC_instalasjon1.o
 .comment       0x0000006e       0x6f ..\obj\main.o
 .comment       0x0000006e       0x6f ..\obj\printf.o
 .comment       0x0000006e       0x6f ..\obj\avbrots_metodar.o
 .comment       0x0000006e       0x6f ..\obj\SPI1_metodar.o
 .comment       0x0000006e       0x6f ..\obj\GPIO_metodar.o
 .comment       0x0000006e       0x6f ..\obj\stm32f30x_exti.o
 .comment       0x0000006e       0x6f ..\obj\stm32f30x_spi.o
 .comment       0x0000006e       0x6f ..\obj\stm32f30x_i2c.o
 .comment       0x0000006e       0x6f ..\obj\initialisering.o
 .comment       0x0000006e       0x6f ..\obj\LSM303DLHC_metodar.o
 .comment       0x0000006e       0x6f ..\obj\stm32f30x_tim.o
 .comment       0x0000006e       0x6f ..\obj\stm32f30x_syscfg.o
 .comment       0x0000006e       0x6f ..\obj\SPI2_metodar.o
 .comment       0x0000006e       0x6f ..\obj\LINMOT_metodar.o
 .comment       0x0000006e       0x6f ..\obj\stm32f30x_usart.o

.ARM.attributes
                0x00000000       0x37
 .ARM.attributes
                0x00000000       0x39 ..\obj\GPIO_Toggle_Example.o
 .ARM.attributes
                0x00000039       0x39 ..\obj\stm32f30x_rcc.o
 .ARM.attributes
                0x00000072       0x39 ..\obj\stm32f3_discovery_lsm303dlhc.o
 .ARM.attributes
                0x000000ab       0x39 ..\obj\TIM_metodar.o
 .ARM.attributes
                0x000000e4       0x39 ..\obj\system_stm32f30x.o
 .ARM.attributes
                0x0000011d       0x39 ..\obj\stm32f30x_adc.o
 .ARM.attributes
                0x00000156       0x39 ..\obj\UART_metodar.o
 .ARM.attributes
                0x0000018f       0x39 ..\obj\stm32f30x_it.o
 .ARM.attributes
                0x000001c8       0x39 ..\obj\stm32f30x_gpio.o
 .ARM.attributes
                0x00000201       0x39 ..\obj\ADC_instalasjon1.o
 .ARM.attributes
                0x0000023a       0x39 ..\obj\main.o
 .ARM.attributes
                0x00000273       0x39 ..\obj\printf.o
 .ARM.attributes
                0x000002ac       0x39 ..\obj\avbrots_metodar.o
 .ARM.attributes
                0x000002e5       0x39 ..\obj\SPI1_metodar.o
 .ARM.attributes
                0x0000031e       0x39 ..\obj\GPIO_metodar.o
 .ARM.attributes
                0x00000357       0x39 ..\obj\stm32f30x_exti.o
 .ARM.attributes
                0x00000390       0x39 ..\obj\stm32f30x_spi.o
 .ARM.attributes
                0x000003c9       0x39 ..\obj\stm32f30x_i2c.o
 .ARM.attributes
                0x00000402       0x39 ..\obj\initialisering.o
 .ARM.attributes
                0x0000043b       0x39 ..\obj\LSM303DLHC_metodar.o
 .ARM.attributes
                0x00000474       0x39 ..\obj\stm32f30x_tim.o
 .ARM.attributes
                0x000004ad       0x21 ..\obj\startup_stm32f30x.o
 .ARM.attributes
                0x000004ce       0x39 ..\obj\stm32f30x_syscfg.o
 .ARM.attributes
                0x00000507       0x39 ..\obj\SPI2_metodar.o
 .ARM.attributes
                0x00000540       0x39 ..\obj\LINMOT_metodar.o
 .ARM.attributes
                0x00000579       0x39 ..\obj\stm32f30x_usart.o
 .ARM.attributes
                0x000005b2       0x34 c:/program files (x86)/gnu tools arm embedded/5.4 2016q2/bin/../lib/gcc/arm-none-eabi/5.4.1/../../../../arm-none-eabi/lib/armv7e-m/fpu\libm.a(lib_a-w_pow.o)
 .ARM.attributes
                0x000005e6       0x34 c:/program files (x86)/gnu tools arm embedded/5.4 2016q2/bin/../lib/gcc/arm-none-eabi/5.4.1/../../../../arm-none-eabi/lib/armv7e-m/fpu\libm.a(lib_a-e_pow.o)
 .ARM.attributes
                0x0000061a       0x34 c:/program files (x86)/gnu tools arm embedded/5.4 2016q2/bin/../lib/gcc/arm-none-eabi/5.4.1/../../../../arm-none-eabi/lib/armv7e-m/fpu\libm.a(lib_a-e_sqrt.o)
 .ARM.attributes
                0x0000064e       0x34 c:/program files (x86)/gnu tools arm embedded/5.4 2016q2/bin/../lib/gcc/arm-none-eabi/5.4.1/../../../../arm-none-eabi/lib/armv7e-m/fpu\libm.a(lib_a-s_fabs.o)
 .ARM.attributes
                0x00000682       0x34 c:/program files (x86)/gnu tools arm embedded/5.4 2016q2/bin/../lib/gcc/arm-none-eabi/5.4.1/../../../../arm-none-eabi/lib/armv7e-m/fpu\libm.a(lib_a-s_finite.o)
 .ARM.attributes
                0x000006b6       0x34 c:/program files (x86)/gnu tools arm embedded/5.4 2016q2/bin/../lib/gcc/arm-none-eabi/5.4.1/../../../../arm-none-eabi/lib/armv7e-m/fpu\libm.a(lib_a-s_lib_ver.o)
 .ARM.attributes
                0x000006ea       0x34 c:/program files (x86)/gnu tools arm embedded/5.4 2016q2/bin/../lib/gcc/arm-none-eabi/5.4.1/../../../../arm-none-eabi/lib/armv7e-m/fpu\libm.a(lib_a-s_matherr.o)
 .ARM.attributes
                0x0000071e       0x34 c:/program files (x86)/gnu tools arm embedded/5.4 2016q2/bin/../lib/gcc/arm-none-eabi/5.4.1/../../../../arm-none-eabi/lib/armv7e-m/fpu\libm.a(lib_a-s_nan.o)
 .ARM.attributes
                0x00000752       0x34 c:/program files (x86)/gnu tools arm embedded/5.4 2016q2/bin/../lib/gcc/arm-none-eabi/5.4.1/../../../../arm-none-eabi/lib/armv7e-m/fpu\libm.a(lib_a-s_rint.o)
 .ARM.attributes
                0x00000786       0x34 c:/program files (x86)/gnu tools arm embedded/5.4 2016q2/bin/../lib/gcc/arm-none-eabi/5.4.1/../../../../arm-none-eabi/lib/armv7e-m/fpu\libm.a(lib_a-s_scalbn.o)
 .ARM.attributes
                0x000007ba       0x34 c:/program files (x86)/gnu tools arm embedded/5.4 2016q2/bin/../lib/gcc/arm-none-eabi/5.4.1/../../../../arm-none-eabi/lib/armv7e-m/fpu\libm.a(lib_a-s_copysign.o)
 .ARM.attributes
                0x000007ee       0x22 c:/program files (x86)/gnu tools arm embedded/5.4 2016q2/bin/../lib/gcc/arm-none-eabi/5.4.1/armv7e-m/fpu\libgcc.a(_arm_addsubdf3.o)
 .ARM.attributes
                0x00000810       0x22 c:/program files (x86)/gnu tools arm embedded/5.4 2016q2/bin/../lib/gcc/arm-none-eabi/5.4.1/armv7e-m/fpu\libgcc.a(_arm_muldivdf3.o)
 .ARM.attributes
                0x00000832       0x22 c:/program files (x86)/gnu tools arm embedded/5.4 2016q2/bin/../lib/gcc/arm-none-eabi/5.4.1/armv7e-m/fpu\libgcc.a(_arm_cmpdf2.o)
 .ARM.attributes
                0x00000854       0x22 c:/program files (x86)/gnu tools arm embedded/5.4 2016q2/bin/../lib/gcc/arm-none-eabi/5.4.1/armv7e-m/fpu\libgcc.a(_arm_unorddf2.o)
 .ARM.attributes
                0x00000876       0x22 c:/program files (x86)/gnu tools arm embedded/5.4 2016q2/bin/../lib/gcc/arm-none-eabi/5.4.1/armv7e-m/fpu\libgcc.a(_arm_fixunsdfsi.o)
 .ARM.attributes
                0x00000898       0x34 c:/program files (x86)/gnu tools arm embedded/5.4 2016q2/bin/../lib/gcc/arm-none-eabi/5.4.1/../../../../arm-none-eabi/lib/armv7e-m/fpu\libc.a(lib_a-errno.o)

.debug_frame    0x00000000     0x28dc
 .debug_frame   0x00000000       0x30 ..\obj\GPIO_Toggle_Example.o
 .debug_frame   0x00000030      0x298 ..\obj\stm32f30x_rcc.o
 .debug_frame   0x000002c8      0x250 ..\obj\stm32f3_discovery_lsm303dlhc.o
 .debug_frame   0x00000518       0x94 ..\obj\TIM_metodar.o
 .debug_frame   0x000005ac       0x44 ..\obj\system_stm32f30x.o
 .debug_frame   0x000005f0      0x490 ..\obj\stm32f30x_adc.o
 .debug_frame   0x00000a80      0x1fc ..\obj\UART_metodar.o
 .debug_frame   0x00000c7c       0x90 ..\obj\stm32f30x_it.o
 .debug_frame   0x00000d0c      0x134 ..\obj\stm32f30x_gpio.o
 .debug_frame   0x00000e40       0x48 ..\obj\ADC_instalasjon1.o
 .debug_frame   0x00000e88       0x38 ..\obj\main.o
 .debug_frame   0x00000ec0      0x240 ..\obj\printf.o
 .debug_frame   0x00001100       0x54 ..\obj\avbrots_metodar.o
 .debug_frame   0x00001154       0x70 ..\obj\SPI1_metodar.o
 .debug_frame   0x000011c4       0xac ..\obj\GPIO_metodar.o
 .debug_frame   0x00001270       0xd0 ..\obj\stm32f30x_exti.o
 .debug_frame   0x00001340      0x278 ..\obj\stm32f30x_spi.o
 .debug_frame   0x000015b8      0x2f0 ..\obj\stm32f30x_i2c.o
 .debug_frame   0x000018a8       0x2c ..\obj\initialisering.o
 .debug_frame   0x000018d4       0x30 ..\obj\LSM303DLHC_metodar.o
 .debug_frame   0x00001904      0x854 ..\obj\stm32f30x_tim.o
 .debug_frame   0x00002158       0xfc ..\obj\stm32f30x_syscfg.o
 .debug_frame   0x00002254       0x98 ..\obj\SPI2_metodar.o
 .debug_frame   0x000022ec       0x30 ..\obj\LINMOT_metodar.o
 .debug_frame   0x0000231c      0x398 ..\obj\stm32f30x_usart.o
 .debug_frame   0x000026b4       0x6c c:/program files (x86)/gnu tools arm embedded/5.4 2016q2/bin/../lib/gcc/arm-none-eabi/5.4.1/../../../../arm-none-eabi/lib/armv7e-m/fpu\libm.a(lib_a-w_pow.o)
 .debug_frame   0x00002720       0x64 c:/program files (x86)/gnu tools arm embedded/5.4 2016q2/bin/../lib/gcc/arm-none-eabi/5.4.1/../../../../arm-none-eabi/lib/armv7e-m/fpu\libm.a(lib_a-e_pow.o)
 .debug_frame   0x00002784       0x30 c:/program files (x86)/gnu tools arm embedded/5.4 2016q2/bin/../lib/gcc/arm-none-eabi/5.4.1/../../../../arm-none-eabi/lib/armv7e-m/fpu\libm.a(lib_a-e_sqrt.o)
 .debug_frame   0x000027b4       0x20 c:/program files (x86)/gnu tools arm embedded/5.4 2016q2/bin/../lib/gcc/arm-none-eabi/5.4.1/../../../../arm-none-eabi/lib/armv7e-m/fpu\libm.a(lib_a-s_fabs.o)
 .debug_frame   0x000027d4       0x20 c:/program files (x86)/gnu tools arm embedded/5.4 2016q2/bin/../lib/gcc/arm-none-eabi/5.4.1/../../../../arm-none-eabi/lib/armv7e-m/fpu\libm.a(lib_a-s_finite.o)
 .debug_frame   0x000027f4       0x20 c:/program files (x86)/gnu tools arm embedded/5.4 2016q2/bin/../lib/gcc/arm-none-eabi/5.4.1/../../../../arm-none-eabi/lib/armv7e-m/fpu\libm.a(lib_a-s_matherr.o)
 .debug_frame   0x00002814       0x20 c:/program files (x86)/gnu tools arm embedded/5.4 2016q2/bin/../lib/gcc/arm-none-eabi/5.4.1/../../../../arm-none-eabi/lib/armv7e-m/fpu\libm.a(lib_a-s_nan.o)
 .debug_frame   0x00002834       0x3c c:/program files (x86)/gnu tools arm embedded/5.4 2016q2/bin/../lib/gcc/arm-none-eabi/5.4.1/../../../../arm-none-eabi/lib/armv7e-m/fpu\libm.a(lib_a-s_rint.o)
 .debug_frame   0x00002870       0x2c c:/program files (x86)/gnu tools arm embedded/5.4 2016q2/bin/../lib/gcc/arm-none-eabi/5.4.1/../../../../arm-none-eabi/lib/armv7e-m/fpu\libm.a(lib_a-s_scalbn.o)
 .debug_frame   0x0000289c       0x20 c:/program files (x86)/gnu tools arm embedded/5.4 2016q2/bin/../lib/gcc/arm-none-eabi/5.4.1/../../../../arm-none-eabi/lib/armv7e-m/fpu\libm.a(lib_a-s_copysign.o)
 .debug_frame   0x000028bc       0x20 c:/program files (x86)/gnu tools arm embedded/5.4 2016q2/bin/../lib/gcc/arm-none-eabi/5.4.1/../../../../arm-none-eabi/lib/armv7e-m/fpu\libc.a(lib_a-errno.o)
