
Allocating common symbols
Common symbol       size              file

a_zf_k              0x4               ..\obj\main.o
a_xf_k              0x4               ..\obj\main.o
a_yf_k              0x4               ..\obj\main.o
buffer              0x6               ..\obj\main.o
mottatt_data        0x1               ..\obj\main.o
GPIO_InitStructure  0x8               ..\obj\GPIO_Toggle_Example.o

Discarded input sections

 .text          0x00000000        0x0 ..\obj\GPIO_Toggle_Example.o
 .data          0x00000000        0x0 ..\obj\GPIO_Toggle_Example.o
 .bss           0x00000000        0x0 ..\obj\GPIO_Toggle_Example.o
 .text.GPIO_Toggle_Example
                0x00000000        0x4 ..\obj\GPIO_Toggle_Example.o
 .text.Delay    0x00000000        0x4 ..\obj\GPIO_Toggle_Example.o
 .debug_info    0x00000000      0x222 ..\obj\GPIO_Toggle_Example.o
 .debug_abbrev  0x00000000       0xff ..\obj\GPIO_Toggle_Example.o
 .debug_loc     0x00000000       0x20 ..\obj\GPIO_Toggle_Example.o
 .debug_aranges
                0x00000000       0x28 ..\obj\GPIO_Toggle_Example.o
 .debug_ranges  0x00000000       0x18 ..\obj\GPIO_Toggle_Example.o
 .debug_line    0x00000000      0x2e0 ..\obj\GPIO_Toggle_Example.o
 .debug_str     0x00000000      0x35c ..\obj\GPIO_Toggle_Example.o
 .comment       0x00000000       0x6f ..\obj\GPIO_Toggle_Example.o
 .debug_frame   0x00000000       0x30 ..\obj\GPIO_Toggle_Example.o
 .ARM.attributes
                0x00000000       0x39 ..\obj\GPIO_Toggle_Example.o
 COMMON         0x00000000        0x8 ..\obj\GPIO_Toggle_Example.o
 .text          0x00000000        0x0 ..\obj\stm32f30x_rcc.o
 .bss           0x00000000        0x0 ..\obj\stm32f30x_rcc.o
 .text.RCC_DeInit
                0x00000000       0x54 ..\obj\stm32f30x_rcc.o
 .text.RCC_HSEConfig
                0x00000000       0x10 ..\obj\stm32f30x_rcc.o
 .text.RCC_WaitForHSEStartUp
                0x00000000       0x34 ..\obj\stm32f30x_rcc.o
 .text.RCC_AdjustHSICalibrationValue
                0x00000000       0x14 ..\obj\stm32f30x_rcc.o
 .text.RCC_HSICmd
                0x00000000        0xc ..\obj\stm32f30x_rcc.o
 .text.RCC_LSEConfig
                0x00000000       0x20 ..\obj\stm32f30x_rcc.o
 .text.RCC_LSEDriveConfig
                0x00000000       0x18 ..\obj\stm32f30x_rcc.o
 .text.RCC_LSICmd
                0x00000000        0xc ..\obj\stm32f30x_rcc.o
 .text.RCC_PLLConfig
                0x00000000       0x18 ..\obj\stm32f30x_rcc.o
 .text.RCC_PLLCmd
                0x00000000        0xc ..\obj\stm32f30x_rcc.o
 .text.RCC_PREDIV1Config
                0x00000000       0x14 ..\obj\stm32f30x_rcc.o
 .text.RCC_ClockSecuritySystemCmd
                0x00000000        0xc ..\obj\stm32f30x_rcc.o
 .text.RCC_MCOConfig
                0x00000000        0xc ..\obj\stm32f30x_rcc.o
 .text.RCC_SYSCLKConfig
                0x00000000       0x14 ..\obj\stm32f30x_rcc.o
 .text.RCC_GetSYSCLKSource
                0x00000000       0x10 ..\obj\stm32f30x_rcc.o
 .text.RCC_HCLKConfig
                0x00000000       0x14 ..\obj\stm32f30x_rcc.o
 .text.RCC_PCLK1Config
                0x00000000       0x14 ..\obj\stm32f30x_rcc.o
 .text.RCC_PCLK2Config
                0x00000000       0x14 ..\obj\stm32f30x_rcc.o
 .text.RCC_ADCCLKConfig
                0x00000000       0x20 ..\obj\stm32f30x_rcc.o
 .text.RCC_I2CCLKConfig
                0x00000000       0x20 ..\obj\stm32f30x_rcc.o
 .text.RCC_TIMCLKConfig
                0x00000000       0x20 ..\obj\stm32f30x_rcc.o
 .text.RCC_USARTCLKConfig
                0x00000000       0x5c ..\obj\stm32f30x_rcc.o
 .text.RCC_USBCLKConfig
                0x00000000        0xc ..\obj\stm32f30x_rcc.o
 .text.RCC_RTCCLKConfig
                0x00000000       0x10 ..\obj\stm32f30x_rcc.o
 .text.RCC_I2SCLKConfig
                0x00000000        0xc ..\obj\stm32f30x_rcc.o
 .text.RCC_RTCCLKCmd
                0x00000000        0xc ..\obj\stm32f30x_rcc.o
 .text.RCC_BackupResetCmd
                0x00000000        0xc ..\obj\stm32f30x_rcc.o
 .text.RCC_AHBPeriphResetCmd
                0x00000000       0x1c ..\obj\stm32f30x_rcc.o
 .text.RCC_APB2PeriphResetCmd
                0x00000000       0x1c ..\obj\stm32f30x_rcc.o
 .text.RCC_APB1PeriphResetCmd
                0x00000000       0x1c ..\obj\stm32f30x_rcc.o
 .text.RCC_ITConfig
                0x00000000       0x1c ..\obj\stm32f30x_rcc.o
 .text.RCC_GetFlagStatus
                0x00000000       0x48 ..\obj\stm32f30x_rcc.o
 .text.RCC_ClearFlag
                0x00000000       0x10 ..\obj\stm32f30x_rcc.o
 .text.RCC_GetITStatus
                0x00000000       0x14 ..\obj\stm32f30x_rcc.o
 .text.RCC_ClearITPendingBit
                0x00000000        0xc ..\obj\stm32f30x_rcc.o
 .text          0x00000000        0x0 ..\obj\stm32f3_discovery_lsm303dlhc.o
 .bss           0x00000000        0x0 ..\obj\stm32f3_discovery_lsm303dlhc.o
 .text.LSM303DLHC_AccRebootCmd
                0x00000000       0x30 ..\obj\stm32f3_discovery_lsm303dlhc.o
 .text.LSM303DLHC_AccFilterConfig
                0x00000000       0x40 ..\obj\stm32f3_discovery_lsm303dlhc.o
 .text.LSM303DLHC_AccFilterCmd
                0x00000000       0x34 ..\obj\stm32f3_discovery_lsm303dlhc.o
 .text.LSM303DLHC_AccFilterClickCmd
                0x00000000       0x34 ..\obj\stm32f3_discovery_lsm303dlhc.o
 .text.LSM303DLHC_AccIT1Config
                0x00000000       0x40 ..\obj\stm32f3_discovery_lsm303dlhc.o
 .text.LSM303DLHC_AccIT2Config
                0x00000000       0x40 ..\obj\stm32f3_discovery_lsm303dlhc.o
 .text.LSM303DLHC_AccINT1InterruptConfig
                0x00000000       0x40 ..\obj\stm32f3_discovery_lsm303dlhc.o
 .text.LSM303DLHC_AccINT2InterruptConfig
                0x00000000       0x40 ..\obj\stm32f3_discovery_lsm303dlhc.o
 .text.LSM303DLHC_AccClickITConfig
                0x00000000       0x3c ..\obj\stm32f3_discovery_lsm303dlhc.o
 .text.LSM303DLHC_AccGetDataStatus
                0x00000000       0x1c ..\obj\stm32f3_discovery_lsm303dlhc.o
 .text.LSM303DLHC_MagGetDataStatus
                0x00000000       0x1c ..\obj\stm32f3_discovery_lsm303dlhc.o
 .text.LSM303DLHC_TIMEOUT_UserCallback
                0x00000000        0x4 ..\obj\stm32f3_discovery_lsm303dlhc.o
 .text          0x00000000        0x0 ..\obj\TIM_metodar.o
 .data          0x00000000        0x0 ..\obj\TIM_metodar.o
 .bss           0x00000000        0x0 ..\obj\TIM_metodar.o
 .text.PWM_sett_vidde_TIM2_CH2
                0x00000000       0x38 ..\obj\TIM_metodar.o
 .text          0x00000000        0x0 ..\obj\system_stm32f30x.o
 .data          0x00000000       0x14 ..\obj\system_stm32f30x.o
 .bss           0x00000000        0x0 ..\obj\system_stm32f30x.o
 .text.SystemCoreClockUpdate
                0x00000000       0x5c ..\obj\system_stm32f30x.o
 .text          0x00000000        0x0 ..\obj\stm32f30x_adc.o
 .data          0x00000000        0x0 ..\obj\stm32f30x_adc.o
 .bss           0x00000000        0x0 ..\obj\stm32f30x_adc.o
 .text.ADC_DeInit
                0x00000000       0x58 ..\obj\stm32f30x_adc.o
 .text.ADC_Init
                0x00000000       0x40 ..\obj\stm32f30x_adc.o
 .text.ADC_StructInit
                0x00000000       0x18 ..\obj\stm32f30x_adc.o
 .text.ADC_InjectedInit
                0x00000000       0x30 ..\obj\stm32f30x_adc.o
 .text.ADC_InjectedStructInit
                0x00000000       0x14 ..\obj\stm32f30x_adc.o
 .text.ADC_CommonInit
                0x00000000       0x7c ..\obj\stm32f30x_adc.o
 .text.ADC_CommonStructInit
                0x00000000       0x10 ..\obj\stm32f30x_adc.o
 .text.ADC_Cmd  0x00000000       0x14 ..\obj\stm32f30x_adc.o
 .text.ADC_StartCalibration
                0x00000000        0xc ..\obj\stm32f30x_adc.o
 .text.ADC_GetCalibrationValue
                0x00000000        0x8 ..\obj\stm32f30x_adc.o
 .text.ADC_SetCalibrationValue
                0x00000000        0x8 ..\obj\stm32f30x_adc.o
 .text.ADC_SelectCalibrationMode
                0x00000000       0x10 ..\obj\stm32f30x_adc.o
 .text.ADC_GetCalibrationStatus
                0x00000000        0x8 ..\obj\stm32f30x_adc.o
 .text.ADC_DisableCmd
                0x00000000        0xc ..\obj\stm32f30x_adc.o
 .text.ADC_GetDisableCmdStatus
                0x00000000        0x8 ..\obj\stm32f30x_adc.o
 .text.ADC_VoltageRegulatorCmd
                0x00000000       0x1c ..\obj\stm32f30x_adc.o
 .text.ADC_SelectDifferentialMode
                0x00000000       0x28 ..\obj\stm32f30x_adc.o
 .text.ADC_SelectQueueOfContextMode
                0x00000000       0x14 ..\obj\stm32f30x_adc.o
 .text.ADC_AutoDelayCmd
                0x00000000       0x14 ..\obj\stm32f30x_adc.o
 .text.ADC_AnalogWatchdogCmd
                0x00000000        0xc ..\obj\stm32f30x_adc.o
 .text.ADC_AnalogWatchdog1ThresholdsConfig
                0x00000000       0x28 ..\obj\stm32f30x_adc.o
 .text.ADC_AnalogWatchdog2ThresholdsConfig
                0x00000000       0x20 ..\obj\stm32f30x_adc.o
 .text.ADC_AnalogWatchdog3ThresholdsConfig
                0x00000000       0x20 ..\obj\stm32f30x_adc.o
 .text.ADC_AnalogWatchdog1SingleChannelConfig
                0x00000000       0x10 ..\obj\stm32f30x_adc.o
 .text.ADC_AnalogWatchdog2SingleChannelConfig
                0x00000000       0x28 ..\obj\stm32f30x_adc.o
 .text.ADC_AnalogWatchdog3SingleChannelConfig
                0x00000000       0x28 ..\obj\stm32f30x_adc.o
 .text.ADC_TempSensorCmd
                0x00000000       0x38 ..\obj\stm32f30x_adc.o
 .text.ADC_VrefintCmd
                0x00000000       0x38 ..\obj\stm32f30x_adc.o
 .text.ADC_VbatCmd
                0x00000000       0x38 ..\obj\stm32f30x_adc.o
 .text.ADC_RegularChannelConfig
                0x00000000       0xc4 ..\obj\stm32f30x_adc.o
 .text.ADC_RegularChannelSequencerLengthConfig
                0x00000000       0x14 ..\obj\stm32f30x_adc.o
 .text.ADC_ExternalTriggerConfig
                0x00000000       0x14 ..\obj\stm32f30x_adc.o
 .text.ADC_StartConversion
                0x00000000        0xc ..\obj\stm32f30x_adc.o
 .text.ADC_GetStartConversionStatus
                0x00000000        0x8 ..\obj\stm32f30x_adc.o
 .text.ADC_StopConversion
                0x00000000        0xc ..\obj\stm32f30x_adc.o
 .text.ADC_DiscModeChannelCountConfig
                0x00000000       0x10 ..\obj\stm32f30x_adc.o
 .text.ADC_DiscModeCmd
                0x00000000       0x14 ..\obj\stm32f30x_adc.o
 .text.ADC_GetDualModeConversionValue
                0x00000000       0x24 ..\obj\stm32f30x_adc.o
 .text.ADC_SetChannelOffset1
                0x00000000       0x24 ..\obj\stm32f30x_adc.o
 .text.ADC_SetChannelOffset2
                0x00000000       0x24 ..\obj\stm32f30x_adc.o
 .text.ADC_SetChannelOffset3
                0x00000000       0x24 ..\obj\stm32f30x_adc.o
 .text.ADC_SetChannelOffset4
                0x00000000       0x24 ..\obj\stm32f30x_adc.o
 .text.ADC_ChannelOffset1Cmd
                0x00000000       0x14 ..\obj\stm32f30x_adc.o
 .text.ADC_ChannelOffset2Cmd
                0x00000000       0x14 ..\obj\stm32f30x_adc.o
 .text.ADC_ChannelOffset3Cmd
                0x00000000       0x14 ..\obj\stm32f30x_adc.o
 .text.ADC_ChannelOffset4Cmd
                0x00000000       0x14 ..\obj\stm32f30x_adc.o
 .text.ADC_DMACmd
                0x00000000       0x14 ..\obj\stm32f30x_adc.o
 .text.ADC_DMAConfig
                0x00000000       0x10 ..\obj\stm32f30x_adc.o
 .text.ADC_InjectedChannelSampleTimeConfig
                0x00000000       0x50 ..\obj\stm32f30x_adc.o
 .text.ADC_StartInjectedConversion
                0x00000000        0xc ..\obj\stm32f30x_adc.o
 .text.ADC_StopInjectedConversion
                0x00000000        0xc ..\obj\stm32f30x_adc.o
 .text.ADC_GetStartInjectedConversionStatus
                0x00000000        0x8 ..\obj\stm32f30x_adc.o
 .text.ADC_AutoInjectedConvCmd
                0x00000000       0x14 ..\obj\stm32f30x_adc.o
 .text.ADC_InjectedDiscModeCmd
                0x00000000       0x14 ..\obj\stm32f30x_adc.o
 .text.ADC_GetInjectedConversionValue
                0x00000000       0x1c ..\obj\stm32f30x_adc.o
 .text.ADC_ITConfig
                0x00000000       0x14 ..\obj\stm32f30x_adc.o
 .text.ADC_GetFlagStatus
                0x00000000        0xc ..\obj\stm32f30x_adc.o
 .text.ADC_ClearFlag
                0x00000000        0x4 ..\obj\stm32f30x_adc.o
 .text.ADC_GetCommonFlagStatus
                0x00000000       0x2c ..\obj\stm32f30x_adc.o
 .text.ADC_ClearCommonFlag
                0x00000000       0x2c ..\obj\stm32f30x_adc.o
 .text.ADC_GetITStatus
                0x00000000       0x18 ..\obj\stm32f30x_adc.o
 .text.ADC_ClearITPendingBit
                0x00000000        0x8 ..\obj\stm32f30x_adc.o
 .text          0x00000000        0x0 ..\obj\I2C_metodar.o
 .data          0x00000000        0x0 ..\obj\I2C_metodar.o
 .bss           0x00000000        0x0 ..\obj\I2C_metodar.o
 .debug_line    0x00000000        0x0 ..\obj\I2C_metodar.o
 .debug_str     0x00000000      0x10e ..\obj\I2C_metodar.o
 .comment       0x00000000       0x6f ..\obj\I2C_metodar.o
 .ARM.attributes
                0x00000000       0x39 ..\obj\I2C_metodar.o
 .text          0x00000000        0x0 ..\obj\UART_metodar.o
 .data          0x00000000        0x0 ..\obj\UART_metodar.o
 .bss           0x00000000        0x0 ..\obj\UART_metodar.o
 .text.USART1_Get
                0x00000000       0x1c ..\obj\UART_metodar.o
 .text.USART1_les
                0x00000000       0x1c ..\obj\UART_metodar.o
 .text.USART1_skriv
                0x00000000       0x1c ..\obj\UART_metodar.o
 .text.USART1_oppstart
                0x00000000       0x54 ..\obj\UART_metodar.o
 .text.USART1_Put
                0x00000000        0x4 ..\obj\UART_metodar.o
 .text.USART1_skriv_streng
                0x00000000       0x18 ..\obj\UART_metodar.o
 .text.USART2_Get
                0x00000000       0x1c ..\obj\UART_metodar.o
 .text.USART2_Put
                0x00000000        0x4 ..\obj\UART_metodar.o
 .text.USART2_skriv_streng
                0x00000000       0x18 ..\obj\UART_metodar.o
 .text.USART2_send_tid8_og_data16
                0x00000000       0x5c ..\obj\UART_metodar.o
 .text.USART2_handtering
                0x00000000       0x34 ..\obj\UART_metodar.o
 .text.USART2_handtering1
                0x00000000       0x74 ..\obj\UART_metodar.o
 .text.USART2_handtering2
                0x00000000       0x24 ..\obj\UART_metodar.o
 .text.USART2_handtering3
                0x00000000       0x34 ..\obj\UART_metodar.o
 .text          0x00000000        0x0 ..\obj\stm32f30x_it.o
 .data          0x00000000        0x0 ..\obj\stm32f30x_it.o
 .bss           0x00000000        0x0 ..\obj\stm32f30x_it.o
 .text          0x00000000        0x0 ..\obj\stm32f30x_gpio.o
 .data          0x00000000        0x0 ..\obj\stm32f30x_gpio.o
 .bss           0x00000000        0x0 ..\obj\stm32f30x_gpio.o
 .text.GPIO_DeInit
                0x00000000       0xcc ..\obj\stm32f30x_gpio.o
 .text.GPIO_StructInit
                0x00000000       0x14 ..\obj\stm32f30x_gpio.o
 .text.GPIO_PinLockConfig
                0x00000000       0x10 ..\obj\stm32f30x_gpio.o
 .text.GPIO_ReadInputDataBit
                0x00000000        0xc ..\obj\stm32f30x_gpio.o
 .text.GPIO_ReadInputData
                0x00000000        0x8 ..\obj\stm32f30x_gpio.o
 .text.GPIO_ReadOutputDataBit
                0x00000000        0xc ..\obj\stm32f30x_gpio.o
 .text.GPIO_ReadOutputData
                0x00000000        0x8 ..\obj\stm32f30x_gpio.o
 .text.GPIO_SetBits
                0x00000000        0x4 ..\obj\stm32f30x_gpio.o
 .text.GPIO_ResetBits
                0x00000000        0x4 ..\obj\stm32f30x_gpio.o
 .text.GPIO_WriteBit
                0x00000000        0xc ..\obj\stm32f30x_gpio.o
 .text.GPIO_Write
                0x00000000        0x4 ..\obj\stm32f30x_gpio.o
 .text          0x00000000        0x0 ..\obj\main.o
 .text.ADC_oppstart
                0x00000000       0xd8 ..\obj\main.o
 .text.ADCVerdi
                0x00000000       0x18 ..\obj\main.o
 .text          0x00000000        0x0 ..\obj\printf.o
 .data          0x00000000      0x430 ..\obj\printf.o
 .bss           0x00000000        0x0 ..\obj\printf.o
 .text.PrintChar
                0x00000000        0x4 ..\obj\printf.o
 .text.PutChar  0x00000000        0x8 ..\obj\printf.o
 .text.PutString
                0x00000000       0x24 ..\obj\printf.o
 .text.PutUnsignedInt
                0x00000000       0x54 ..\obj\printf.o
 .text.PutSignedInt
                0x00000000       0x90 ..\obj\printf.o
 .text.PutHexa  0x00000000       0x68 ..\obj\printf.o
 .text.vsnprintf
                0x00000000      0x168 ..\obj\printf.o
 .text.snprintf
                0x00000000       0x1c ..\obj\printf.o
 .text.vsprintf
                0x00000000        0xc ..\obj\printf.o
 .text.vfprintf
                0x00000000       0x4c ..\obj\printf.o
 .text.vprintf  0x00000000       0x14 ..\obj\printf.o
 .text.fprintf  0x00000000       0x1c ..\obj\printf.o
 .text.printf   0x00000000       0x28 ..\obj\printf.o
 .text.sprintf  0x00000000       0x20 ..\obj\printf.o
 .text.puts     0x00000000       0x14 ..\obj\printf.o
 .text.fputc    0x00000000       0x1c ..\obj\printf.o
 .text.fputs    0x00000000       0x38 ..\obj\printf.o
 .debug_info    0x00000000     0x136c ..\obj\printf.o
 .debug_abbrev  0x00000000      0x3a3 ..\obj\printf.o
 .debug_loc     0x00000000      0xf2f ..\obj\printf.o
 .debug_aranges
                0x00000000       0xa0 ..\obj\printf.o
 .debug_ranges  0x00000000      0x120 ..\obj\printf.o
 .debug_line    0x00000000      0x480 ..\obj\printf.o
 .debug_str     0x00000000      0x705 ..\obj\printf.o
 .comment       0x00000000       0x6f ..\obj\printf.o
 .debug_frame   0x00000000      0x240 ..\obj\printf.o
 .ARM.attributes
                0x00000000       0x39 ..\obj\printf.o
 .text          0x00000000        0x0 ..\obj\avbrots_metodar.o
 .data          0x00000000        0x0 ..\obj\avbrots_metodar.o
 .bss           0x00000000        0x0 ..\obj\avbrots_metodar.o
 .text          0x00000000        0x0 ..\obj\SPI1_metodar.o
 .data          0x00000000        0x0 ..\obj\SPI1_metodar.o
 .bss           0x00000000        0x0 ..\obj\SPI1_metodar.o
 .text.SPI1_SendByte_gyro
                0x00000000       0x4c ..\obj\SPI1_metodar.o
 .text          0x00000000        0x0 ..\obj\GPIO_metodar.o
 .data          0x00000000        0x0 ..\obj\GPIO_metodar.o
 .bss           0x00000000        0x0 ..\obj\GPIO_metodar.o
 .text.GPIO_lys_av
                0x00000000       0x14 ..\obj\GPIO_metodar.o
 .text.GPIO_lys_paa
                0x00000000       0x14 ..\obj\GPIO_metodar.o
 .text.GPIO_brytaravprelling
                0x00000000       0x74 ..\obj\GPIO_metodar.o
 .text          0x00000000        0x0 ..\obj\stm32f30x_exti.o
 .data          0x00000000        0x0 ..\obj\stm32f30x_exti.o
 .bss           0x00000000        0x0 ..\obj\stm32f30x_exti.o
 .text.EXTI_DeInit
                0x00000000       0x34 ..\obj\stm32f30x_exti.o
 .text.EXTI_StructInit
                0x00000000       0x10 ..\obj\stm32f30x_exti.o
 .text.EXTI_GenerateSWInterrupt
                0x00000000       0x24 ..\obj\stm32f30x_exti.o
 .text.EXTI_GetFlagStatus
                0x00000000       0x20 ..\obj\stm32f30x_exti.o
 .text.EXTI_GetITStatus
                0x00000000       0x28 ..\obj\stm32f30x_exti.o
 .text.EXTI_ClearITPendingBit
                0x00000000       0x18 ..\obj\stm32f30x_exti.o
 .text.EXTI_ClearFlag
                0x00000000        0x4 ..\obj\stm32f30x_exti.o
 .text          0x00000000        0x0 ..\obj\stm32f30x_spi.o
 .data          0x00000000        0x0 ..\obj\stm32f30x_spi.o
 .bss           0x00000000        0x0 ..\obj\stm32f30x_spi.o
 .text.SPI_I2S_DeInit
                0x00000000       0x6c ..\obj\stm32f30x_spi.o
 .text.SPI_StructInit
                0x00000000       0x1c ..\obj\stm32f30x_spi.o
 .text.I2S_StructInit
                0x00000000       0x14 ..\obj\stm32f30x_spi.o
 .text.I2S_Init
                0x00000000       0xa4 ..\obj\stm32f30x_spi.o
 .text.SPI_TIModeCmd
                0x00000000       0x1c ..\obj\stm32f30x_spi.o
 .text.I2S_Cmd  0x00000000       0x1c ..\obj\stm32f30x_spi.o
 .text.SPI_DataSizeConfig
                0x00000000       0x10 ..\obj\stm32f30x_spi.o
 .text.SPI_RxFIFOThresholdConfig
                0x00000000       0x18 ..\obj\stm32f30x_spi.o
 .text.SPI_BiDirectionalLineConfig
                0x00000000       0x20 ..\obj\stm32f30x_spi.o
 .text.SPI_NSSInternalSoftwareConfig
                0x00000000       0x20 ..\obj\stm32f30x_spi.o
 .text.I2S_FullDuplexConfig
                0x00000000       0x48 ..\obj\stm32f30x_spi.o
 .text.SPI_SSOutputCmd
                0x00000000       0x1c ..\obj\stm32f30x_spi.o
 .text.SPI_NSSPulseModeCmd
                0x00000000       0x1c ..\obj\stm32f30x_spi.o
 .text.SPI_I2S_SendData16
                0x00000000        0x4 ..\obj\stm32f30x_spi.o
 .text.SPI_I2S_ReceiveData16
                0x00000000        0x8 ..\obj\stm32f30x_spi.o
 .text.SPI_CRCLengthConfig
                0x00000000       0x18 ..\obj\stm32f30x_spi.o
 .text.SPI_CalculateCRC
                0x00000000       0x1c ..\obj\stm32f30x_spi.o
 .text.SPI_TransmitCRC
                0x00000000        0xc ..\obj\stm32f30x_spi.o
 .text.SPI_GetCRC
                0x00000000        0xc ..\obj\stm32f30x_spi.o
 .text.SPI_GetCRCPolynomial
                0x00000000        0x8 ..\obj\stm32f30x_spi.o
 .text.SPI_I2S_DMACmd
                0x00000000       0x14 ..\obj\stm32f30x_spi.o
 .text.SPI_LastDMATransferCmd
                0x00000000       0x18 ..\obj\stm32f30x_spi.o
 .text.SPI_I2S_ITConfig
                0x00000000       0x20 ..\obj\stm32f30x_spi.o
 .text.SPI_GetTransmissionFIFOStatus
                0x00000000        0x8 ..\obj\stm32f30x_spi.o
 .text.SPI_GetReceptionFIFOStatus
                0x00000000        0x8 ..\obj\stm32f30x_spi.o
 .text.SPI_I2S_GetFlagStatus
                0x00000000        0xc ..\obj\stm32f30x_spi.o
 .text.SPI_I2S_ClearFlag
                0x00000000        0x8 ..\obj\stm32f30x_spi.o
 .text.SPI_I2S_GetITStatus
                0x00000000       0x2c ..\obj\stm32f30x_spi.o
 .text          0x00000000        0x0 ..\obj\stm32f30x_i2c.o
 .data          0x00000000        0x0 ..\obj\stm32f30x_i2c.o
 .bss           0x00000000        0x0 ..\obj\stm32f30x_i2c.o
 .text.I2C_DeInit
                0x00000000       0x3c ..\obj\stm32f30x_i2c.o
 .text.I2C_StructInit
                0x00000000       0x18 ..\obj\stm32f30x_i2c.o
 .text.I2C_SoftwareResetCmd
                0x00000000       0x14 ..\obj\stm32f30x_i2c.o
 .text.I2C_StretchClockCmd
                0x00000000       0x14 ..\obj\stm32f30x_i2c.o
 .text.I2C_StopModeCmd
                0x00000000       0x14 ..\obj\stm32f30x_i2c.o
 .text.I2C_DualAddressCmd
                0x00000000       0x14 ..\obj\stm32f30x_i2c.o
 .text.I2C_OwnAddress2Config
                0x00000000       0x1c ..\obj\stm32f30x_i2c.o
 .text.I2C_GeneralCallCmd
                0x00000000       0x14 ..\obj\stm32f30x_i2c.o
 .text.I2C_SlaveByteControlCmd
                0x00000000       0x14 ..\obj\stm32f30x_i2c.o
 .text.I2C_SlaveAddressConfig
                0x00000000       0x14 ..\obj\stm32f30x_i2c.o
 .text.I2C_10BitAddressingModeCmd
                0x00000000       0x14 ..\obj\stm32f30x_i2c.o
 .text.I2C_AutoEndCmd
                0x00000000       0x14 ..\obj\stm32f30x_i2c.o
 .text.I2C_ReloadCmd
                0x00000000       0x14 ..\obj\stm32f30x_i2c.o
 .text.I2C_NumberOfBytesConfig
                0x00000000       0x10 ..\obj\stm32f30x_i2c.o
 .text.I2C_MasterRequestConfig
                0x00000000       0x14 ..\obj\stm32f30x_i2c.o
 .text.I2C_GenerateSTART
                0x00000000       0x14 ..\obj\stm32f30x_i2c.o
 .text.I2C_GenerateSTOP
                0x00000000       0x14 ..\obj\stm32f30x_i2c.o
 .text.I2C_10BitAddressHeaderCmd
                0x00000000       0x14 ..\obj\stm32f30x_i2c.o
 .text.I2C_AcknowledgeConfig
                0x00000000       0x14 ..\obj\stm32f30x_i2c.o
 .text.I2C_GetAddressMatched
                0x00000000        0xc ..\obj\stm32f30x_i2c.o
 .text.I2C_GetTransferDirection
                0x00000000       0x10 ..\obj\stm32f30x_i2c.o
 .text.I2C_SMBusAlertCmd
                0x00000000       0x14 ..\obj\stm32f30x_i2c.o
 .text.I2C_ClockTimeoutCmd
                0x00000000       0x14 ..\obj\stm32f30x_i2c.o
 .text.I2C_ExtendedClockTimeoutCmd
                0x00000000       0x14 ..\obj\stm32f30x_i2c.o
 .text.I2C_IdleClockTimeoutCmd
                0x00000000       0x14 ..\obj\stm32f30x_i2c.o
 .text.I2C_TimeoutAConfig
                0x00000000       0x14 ..\obj\stm32f30x_i2c.o
 .text.I2C_TimeoutBConfig
                0x00000000       0x1c ..\obj\stm32f30x_i2c.o
 .text.I2C_CalculatePEC
                0x00000000       0x14 ..\obj\stm32f30x_i2c.o
 .text.I2C_PECRequestCmd
                0x00000000       0x14 ..\obj\stm32f30x_i2c.o
 .text.I2C_GetPEC
                0x00000000        0x8 ..\obj\stm32f30x_i2c.o
 .text.I2C_ReadRegister
                0x00000000       0x18 ..\obj\stm32f30x_i2c.o
 .text.I2C_DMACmd
                0x00000000       0x14 ..\obj\stm32f30x_i2c.o
 .text.I2C_ITConfig
                0x00000000        0x4 ..\obj\stm32f30x_i2c.o
 .text.I2C_GetITStatus
                0x00000000       0x28 ..\obj\stm32f30x_i2c.o
 .text.I2C_ClearITPendingBit
                0x00000000        0x4 ..\obj\stm32f30x_i2c.o
 .text          0x00000000        0x0 ..\obj\initialisering.o
 .data          0x00000000        0x0 ..\obj\initialisering.o
 .bss           0x00000000        0x0 ..\obj\initialisering.o
 .text          0x00000000        0x0 ..\obj\LSM303DLHC_metodar.o
 .data          0x00000000        0x0 ..\obj\LSM303DLHC_metodar.o
 .bss           0x00000000        0x0 ..\obj\LSM303DLHC_metodar.o
 .text          0x00000000        0x0 ..\obj\system_stm32f30x_temp.o
 .data          0x00000000       0x14 ..\obj\system_stm32f30x_temp.o
 .bss           0x00000000        0x0 ..\obj\system_stm32f30x_temp.o
 .text.SystemCoreClockUpdate1
                0x00000000       0x60 ..\obj\system_stm32f30x_temp.o
 .text.SetSysClock1
                0x00000000       0xac ..\obj\system_stm32f30x_temp.o
 .text.SystemInit1
                0x00000000       0x70 ..\obj\system_stm32f30x_temp.o
 .debug_info    0x00000000      0x4f6 ..\obj\system_stm32f30x_temp.o
 .debug_abbrev  0x00000000      0x15c ..\obj\system_stm32f30x_temp.o
 .debug_loc     0x00000000      0x109 ..\obj\system_stm32f30x_temp.o
 .debug_aranges
                0x00000000       0x30 ..\obj\system_stm32f30x_temp.o
 .debug_ranges  0x00000000       0x20 ..\obj\system_stm32f30x_temp.o
 .debug_line    0x00000000      0x270 ..\obj\system_stm32f30x_temp.o
 .debug_str     0x00000000      0x368 ..\obj\system_stm32f30x_temp.o
 .comment       0x00000000       0x6f ..\obj\system_stm32f30x_temp.o
 .debug_frame   0x00000000       0x54 ..\obj\system_stm32f30x_temp.o
 .ARM.attributes
                0x00000000       0x39 ..\obj\system_stm32f30x_temp.o
 .text          0x00000000        0x0 ..\obj\syscalls.o
 .data          0x00000000        0x0 ..\obj\syscalls.o
 .bss           0x00000000        0x4 ..\obj\syscalls.o
 .text._sbrk    0x00000000       0x1c ..\obj\syscalls.o
 .text.link     0x00000000        0x8 ..\obj\syscalls.o
 .text._close   0x00000000        0x8 ..\obj\syscalls.o
 .text._fstat   0x00000000        0xc ..\obj\syscalls.o
 .text._isatty  0x00000000        0x4 ..\obj\syscalls.o
 .text._lseek   0x00000000        0x4 ..\obj\syscalls.o
 .text._read    0x00000000        0x4 ..\obj\syscalls.o
 .text._write   0x00000000        0x4 ..\obj\syscalls.o
 .text.abort    0x00000000        0x4 ..\obj\syscalls.o
 .debug_info    0x00000000      0x45b ..\obj\syscalls.o
 .debug_abbrev  0x00000000       0xf4 ..\obj\syscalls.o
 .debug_loc     0x00000000      0x108 ..\obj\syscalls.o
 .debug_aranges
                0x00000000       0x60 ..\obj\syscalls.o
 .debug_ranges  0x00000000       0x50 ..\obj\syscalls.o
 .debug_line    0x00000000      0x20e ..\obj\syscalls.o
 .debug_str     0x00000000      0x3ce ..\obj\syscalls.o
 .comment       0x00000000       0x6f ..\obj\syscalls.o
 .debug_frame   0x00000000       0xa0 ..\obj\syscalls.o
 .ARM.attributes
                0x00000000       0x39 ..\obj\syscalls.o
 .text          0x00000000        0x0 ..\obj\stm32f30x_misc.o
 .data          0x00000000        0x0 ..\obj\stm32f30x_misc.o
 .bss           0x00000000        0x0 ..\obj\stm32f30x_misc.o
 .text.NVIC_PriorityGroupConfig
                0x00000000       0x14 ..\obj\stm32f30x_misc.o
 .text.NVIC_Init
                0x00000000       0x6c ..\obj\stm32f30x_misc.o
 .text.NVIC_SetVectorTable
                0x00000000       0x14 ..\obj\stm32f30x_misc.o
 .text.NVIC_SystemLPConfig
                0x00000000       0x18 ..\obj\stm32f30x_misc.o
 .text.SysTick_CLKSourceConfig
                0x00000000       0x18 ..\obj\stm32f30x_misc.o
 .debug_info    0x00000000      0x55c ..\obj\stm32f30x_misc.o
 .debug_abbrev  0x00000000      0x156 ..\obj\stm32f30x_misc.o
 .debug_loc     0x00000000      0x185 ..\obj\stm32f30x_misc.o
 .debug_aranges
                0x00000000       0x40 ..\obj\stm32f30x_misc.o
 .debug_ranges  0x00000000       0x30 ..\obj\stm32f30x_misc.o
 .debug_line    0x00000000      0x341 ..\obj\stm32f30x_misc.o
 .debug_str     0x00000000      0x42c ..\obj\stm32f30x_misc.o
 .comment       0x00000000       0x6f ..\obj\stm32f30x_misc.o
 .debug_frame   0x00000000       0x74 ..\obj\stm32f30x_misc.o
 .ARM.attributes
                0x00000000       0x39 ..\obj\stm32f30x_misc.o
 .text          0x00000000        0x0 ..\obj\stm32f30x_tim.o
 .data          0x00000000        0x0 ..\obj\stm32f30x_tim.o
 .bss           0x00000000        0x0 ..\obj\stm32f30x_tim.o
 .text.TIM_DeInit
                0x00000000      0x140 ..\obj\stm32f30x_tim.o
 .text.TIM_TimeBaseStructInit
                0x00000000       0x14 ..\obj\stm32f30x_tim.o
 .text.TIM_PrescalerConfig
                0x00000000        0x8 ..\obj\stm32f30x_tim.o
 .text.TIM_CounterModeConfig
                0x00000000       0x10 ..\obj\stm32f30x_tim.o
 .text.TIM_SetCounter
                0x00000000        0x4 ..\obj\stm32f30x_tim.o
 .text.TIM_SetAutoreload
                0x00000000        0x4 ..\obj\stm32f30x_tim.o
 .text.TIM_GetCounter
                0x00000000        0x4 ..\obj\stm32f30x_tim.o
 .text.TIM_GetPrescaler
                0x00000000        0x8 ..\obj\stm32f30x_tim.o
 .text.TIM_UpdateDisableConfig
                0x00000000       0x1c ..\obj\stm32f30x_tim.o
 .text.TIM_UpdateRequestConfig
                0x00000000       0x1c ..\obj\stm32f30x_tim.o
 .text.TIM_UIFRemap
                0x00000000       0x1c ..\obj\stm32f30x_tim.o
 .text.TIM_ARRPreloadConfig
                0x00000000       0x1c ..\obj\stm32f30x_tim.o
 .text.TIM_SelectOnePulseMode
                0x00000000       0x18 ..\obj\stm32f30x_tim.o
 .text.TIM_SetClockDivision
                0x00000000       0x18 ..\obj\stm32f30x_tim.o
 .text.TIM_OC1Init
                0x00000000       0x88 ..\obj\stm32f30x_tim.o
 .text.TIM_OC3Init
                0x00000000       0x70 ..\obj\stm32f30x_tim.o
 .text.TIM_OC4Init
                0x00000000       0x58 ..\obj\stm32f30x_tim.o
 .text.TIM_OC5Init
                0x00000000       0x58 ..\obj\stm32f30x_tim.o
 .text.TIM_OC6Init
                0x00000000       0x54 ..\obj\stm32f30x_tim.o
 .text.TIM_SelectGC5C1
                0x00000000       0x14 ..\obj\stm32f30x_tim.o
 .text.TIM_SelectGC5C2
                0x00000000       0x14 ..\obj\stm32f30x_tim.o
 .text.TIM_SelectGC5C3
                0x00000000       0x14 ..\obj\stm32f30x_tim.o
 .text.TIM_OCStructInit
                0x00000000       0x14 ..\obj\stm32f30x_tim.o
 .text.TIM_SelectOCxM
                0x00000000       0x54 ..\obj\stm32f30x_tim.o
 .text.TIM_SetCompare1
                0x00000000        0x4 ..\obj\stm32f30x_tim.o
 .text.TIM_SetCompare2
                0x00000000        0x4 ..\obj\stm32f30x_tim.o
 .text.TIM_SetCompare3
                0x00000000        0x4 ..\obj\stm32f30x_tim.o
 .text.TIM_SetCompare4
                0x00000000        0x4 ..\obj\stm32f30x_tim.o
 .text.TIM_SetCompare5
                0x00000000        0x4 ..\obj\stm32f30x_tim.o
 .text.TIM_SetCompare6
                0x00000000        0x4 ..\obj\stm32f30x_tim.o
 .text.TIM_ForcedOC1Config
                0x00000000       0x10 ..\obj\stm32f30x_tim.o
 .text.TIM_ForcedOC2Config
                0x00000000       0x14 ..\obj\stm32f30x_tim.o
 .text.TIM_ForcedOC3Config
                0x00000000        0xc ..\obj\stm32f30x_tim.o
 .text.TIM_ForcedOC4Config
                0x00000000       0x10 ..\obj\stm32f30x_tim.o
 .text.TIM_ForcedOC5Config
                0x00000000        0xc ..\obj\stm32f30x_tim.o
 .text.TIM_ForcedOC6Config
                0x00000000       0x10 ..\obj\stm32f30x_tim.o
 .text.TIM_OC1PreloadConfig
                0x00000000        0xc ..\obj\stm32f30x_tim.o
 .text.TIM_OC2PreloadConfig
                0x00000000       0x10 ..\obj\stm32f30x_tim.o
 .text.TIM_OC3PreloadConfig
                0x00000000        0xc ..\obj\stm32f30x_tim.o
 .text.TIM_OC4PreloadConfig
                0x00000000       0x10 ..\obj\stm32f30x_tim.o
 .text.TIM_OC5PreloadConfig
                0x00000000        0xc ..\obj\stm32f30x_tim.o
 .text.TIM_OC6PreloadConfig
                0x00000000       0x10 ..\obj\stm32f30x_tim.o
 .text.TIM_OC1FastConfig
                0x00000000        0xc ..\obj\stm32f30x_tim.o
 .text.TIM_OC2FastConfig
                0x00000000       0x10 ..\obj\stm32f30x_tim.o
 .text.TIM_OC3FastConfig
                0x00000000        0xc ..\obj\stm32f30x_tim.o
 .text.TIM_OC4FastConfig
                0x00000000       0x10 ..\obj\stm32f30x_tim.o
 .text.TIM_ClearOC1Ref
                0x00000000        0xc ..\obj\stm32f30x_tim.o
 .text.TIM_ClearOC2Ref
                0x00000000       0x10 ..\obj\stm32f30x_tim.o
 .text.TIM_ClearOC3Ref
                0x00000000        0xc ..\obj\stm32f30x_tim.o
 .text.TIM_ClearOC4Ref
                0x00000000       0x10 ..\obj\stm32f30x_tim.o
 .text.TIM_ClearOC5Ref
                0x00000000        0xc ..\obj\stm32f30x_tim.o
 .text.TIM_ClearOC6Ref
                0x00000000       0x10 ..\obj\stm32f30x_tim.o
 .text.TIM_SelectOCREFClear
                0x00000000       0x14 ..\obj\stm32f30x_tim.o
 .text.TIM_OC1PolarityConfig
                0x00000000        0xc ..\obj\stm32f30x_tim.o
 .text.TIM_OC1NPolarityConfig
                0x00000000        0xc ..\obj\stm32f30x_tim.o
 .text.TIM_OC2PolarityConfig
                0x00000000       0x10 ..\obj\stm32f30x_tim.o
 .text.TIM_OC2NPolarityConfig
                0x00000000       0x10 ..\obj\stm32f30x_tim.o
 .text.TIM_OC3PolarityConfig
                0x00000000       0x10 ..\obj\stm32f30x_tim.o
 .text.TIM_OC3NPolarityConfig
                0x00000000       0x10 ..\obj\stm32f30x_tim.o
 .text.TIM_OC4PolarityConfig
                0x00000000       0x10 ..\obj\stm32f30x_tim.o
 .text.TIM_OC5PolarityConfig
                0x00000000       0x10 ..\obj\stm32f30x_tim.o
 .text.TIM_OC6PolarityConfig
                0x00000000       0x10 ..\obj\stm32f30x_tim.o
 .text.TIM_CCxCmd
                0x00000000       0x20 ..\obj\stm32f30x_tim.o
 .text.TIM_CCxNCmd
                0x00000000       0x20 ..\obj\stm32f30x_tim.o
 .text.TIM_ICInit
                0x00000000      0x12c ..\obj\stm32f30x_tim.o
 .text.TIM_ICStructInit
                0x00000000       0x10 ..\obj\stm32f30x_tim.o
 .text.TIM_PWMIConfig
                0x00000000      0x110 ..\obj\stm32f30x_tim.o
 .text.TIM_GetCapture1
                0x00000000        0x4 ..\obj\stm32f30x_tim.o
 .text.TIM_GetCapture2
                0x00000000        0x4 ..\obj\stm32f30x_tim.o
 .text.TIM_GetCapture3
                0x00000000        0x4 ..\obj\stm32f30x_tim.o
 .text.TIM_GetCapture4
                0x00000000        0x4 ..\obj\stm32f30x_tim.o
 .text.TIM_SetIC1Prescaler
                0x00000000       0x10 ..\obj\stm32f30x_tim.o
 .text.TIM_SetIC2Prescaler
                0x00000000       0x14 ..\obj\stm32f30x_tim.o
 .text.TIM_SetIC3Prescaler
                0x00000000       0x14 ..\obj\stm32f30x_tim.o
 .text.TIM_SetIC4Prescaler
                0x00000000       0x18 ..\obj\stm32f30x_tim.o
 .text.TIM_BDTRConfig
                0x00000000       0x28 ..\obj\stm32f30x_tim.o
 .text.TIM_Break1Config
                0x00000000       0x14 ..\obj\stm32f30x_tim.o
 .text.TIM_Break2Config
                0x00000000       0x14 ..\obj\stm32f30x_tim.o
 .text.TIM_Break1Cmd
                0x00000000       0x14 ..\obj\stm32f30x_tim.o
 .text.TIM_Break2Cmd
                0x00000000       0x14 ..\obj\stm32f30x_tim.o
 .text.TIM_BDTRStructInit
                0x00000000       0x14 ..\obj\stm32f30x_tim.o
 .text.TIM_CtrlPWMOutputs
                0x00000000       0x14 ..\obj\stm32f30x_tim.o
 .text.TIM_SelectCOM
                0x00000000       0x18 ..\obj\stm32f30x_tim.o
 .text.TIM_CCPreloadControl
                0x00000000       0x18 ..\obj\stm32f30x_tim.o
 .text.TIM_GenerateEvent
                0x00000000        0x4 ..\obj\stm32f30x_tim.o
 .text.TIM_GetFlagStatus
                0x00000000        0xc ..\obj\stm32f30x_tim.o
 .text.TIM_ClearFlag
                0x00000000        0x8 ..\obj\stm32f30x_tim.o
 .text.TIM_GetITStatus
                0x00000000       0x14 ..\obj\stm32f30x_tim.o
 .text.TIM_ClearITPendingBit
                0x00000000        0x8 ..\obj\stm32f30x_tim.o
 .text.TIM_DMAConfig
                0x00000000        0x8 ..\obj\stm32f30x_tim.o
 .text.TIM_DMACmd
                0x00000000       0x18 ..\obj\stm32f30x_tim.o
 .text.TIM_ITConfig
                0x00000000        0x4 ..\obj\stm32f30x_tim.o
 .text.TIM_SelectCCDMA
                0x00000000       0x18 ..\obj\stm32f30x_tim.o
 .text.TIM_InternalClockConfig
                0x00000000        0xc ..\obj\stm32f30x_tim.o
 .text.TIM_ITRxExternalClockConfig
                0x00000000       0x18 ..\obj\stm32f30x_tim.o
 .text.TIM_TIxExternalClockConfig
                0x00000000       0x74 ..\obj\stm32f30x_tim.o
 .text.TIM_ETRClockMode1Config
                0x00000000       0x28 ..\obj\stm32f30x_tim.o
 .text.TIM_ETRClockMode2Config
                0x00000000       0x20 ..\obj\stm32f30x_tim.o
 .text.TIM_SelectInputTrigger
                0x00000000       0x10 ..\obj\stm32f30x_tim.o
 .text.TIM_SelectOutputTrigger
                0x00000000       0x14 ..\obj\stm32f30x_tim.o
 .text.TIM_SelectOutputTrigger2
                0x00000000       0x10 ..\obj\stm32f30x_tim.o
 .text.TIM_SelectSlaveMode
                0x00000000       0x14 ..\obj\stm32f30x_tim.o
 .text.TIM_SelectMasterSlaveMode
                0x00000000       0x14 ..\obj\stm32f30x_tim.o
 .text.TIM_ETRConfig
                0x00000000       0x18 ..\obj\stm32f30x_tim.o
 .text.TIM_EncoderInterfaceConfig
                0x00000000       0x38 ..\obj\stm32f30x_tim.o
 .text.TIM_SelectHallSensor
                0x00000000       0x18 ..\obj\stm32f30x_tim.o
 .text.TIM_RemapConfig
                0x00000000        0x8 ..\obj\stm32f30x_tim.o
 .text          0x00000000        0x0 ..\obj\stm32f3_discovery_l3gd20.o
 .data          0x00000000        0x4 ..\obj\stm32f3_discovery_l3gd20.o
 .bss           0x00000000        0x0 ..\obj\stm32f3_discovery_l3gd20.o
 .text.L3GD20_SendByte
                0x00000000       0x60 ..\obj\stm32f3_discovery_l3gd20.o
 .text.L3GD20_Write
                0x00000000       0x54 ..\obj\stm32f3_discovery_l3gd20.o
 .text.L3GD20_Init
                0x00000000      0x1b4 ..\obj\stm32f3_discovery_l3gd20.o
 .text.L3GD20_Read
                0x00000000       0x58 ..\obj\stm32f3_discovery_l3gd20.o
 .text.L3GD20_RebootCmd
                0x00000000       0x30 ..\obj\stm32f3_discovery_l3gd20.o
 .text.L3GD20_INT1InterruptConfig
                0x00000000       0x68 ..\obj\stm32f3_discovery_l3gd20.o
 .text.L3GD20_INT1InterruptCmd
                0x00000000       0x30 ..\obj\stm32f3_discovery_l3gd20.o
 .text.L3GD20_INT2InterruptCmd
                0x00000000       0x30 ..\obj\stm32f3_discovery_l3gd20.o
 .text.L3GD20_FilterConfig
                0x00000000       0x38 ..\obj\stm32f3_discovery_l3gd20.o
 .text.L3GD20_FilterCmd
                0x00000000       0x30 ..\obj\stm32f3_discovery_l3gd20.o
 .text.L3GD20_GetDataStatus
                0x00000000       0x1c ..\obj\stm32f3_discovery_l3gd20.o
 .debug_info    0x00000000      0xe21 ..\obj\stm32f3_discovery_l3gd20.o
 .debug_abbrev  0x00000000      0x26a ..\obj\stm32f3_discovery_l3gd20.o
 .debug_loc     0x00000000      0x2a0 ..\obj\stm32f3_discovery_l3gd20.o
 .debug_aranges
                0x00000000       0x70 ..\obj\stm32f3_discovery_l3gd20.o
 .debug_ranges  0x00000000       0x90 ..\obj\stm32f3_discovery_l3gd20.o
 .debug_line    0x00000000      0x4bc ..\obj\stm32f3_discovery_l3gd20.o
 .debug_str     0x00000000      0x874 ..\obj\stm32f3_discovery_l3gd20.o
 .comment       0x00000000       0x6f ..\obj\stm32f3_discovery_l3gd20.o
 .debug_frame   0x00000000      0x18c ..\obj\stm32f3_discovery_l3gd20.o
 .ARM.attributes
                0x00000000       0x39 ..\obj\stm32f3_discovery_l3gd20.o
 .text          0x00000000       0x14 ..\obj\startup_stm32f30x.o
 .data          0x00000000        0x0 ..\obj\startup_stm32f30x.o
 .bss           0x00000000        0x0 ..\obj\startup_stm32f30x.o
 .text          0x00000000        0x0 ..\obj\stm32f30x_syscfg.o
 .data          0x00000000        0x0 ..\obj\stm32f30x_syscfg.o
 .bss           0x00000000        0x0 ..\obj\stm32f30x_syscfg.o
 .text.SYSCFG_DeInit
                0x00000000       0x28 ..\obj\stm32f30x_syscfg.o
 .text.SYSCFG_MemoryRemapConfig
                0x00000000       0x14 ..\obj\stm32f30x_syscfg.o
 .text.SYSCFG_EncoderRemapConfig
                0x00000000       0x18 ..\obj\stm32f30x_syscfg.o
 .text.SYSCFG_USBInterruptLineRemapCmd
                0x00000000        0xc ..\obj\stm32f30x_syscfg.o
 .text.SYSCFG_ITConfig
                0x00000000       0x1c ..\obj\stm32f30x_syscfg.o
 .text.SYSCFG_I2CFastModePlusConfig
                0x00000000        0x4 ..\obj\stm32f30x_syscfg.o
 .text.SYSCFG_TriggerRemapConfig
                0x00000000        0x4 ..\obj\stm32f30x_syscfg.o
 .text.SYSCFG_DMAChannelRemapConfig
                0x00000000        0x4 ..\obj\stm32f30x_syscfg.o
 .text.SYSCFG_BypassParityCheckDisable
                0x00000000        0xc ..\obj\stm32f30x_syscfg.o
 .text.SYSCFG_SRAMWRPEnable
                0x00000000       0x10 ..\obj\stm32f30x_syscfg.o
 .text.SYSCFG_GetFlagStatus
                0x00000000       0x10 ..\obj\stm32f30x_syscfg.o
 .text.SYSCFG_ClearFlag
                0x00000000       0x10 ..\obj\stm32f30x_syscfg.o
 .text.SYSCFG_BreakConfig
                0x00000000        0x4 ..\obj\stm32f30x_syscfg.o
 .text          0x00000000        0x0 ..\obj\SPI2_metodar.o
 .data          0x00000000        0x0 ..\obj\SPI2_metodar.o
 .bss           0x00000000        0x0 ..\obj\SPI2_metodar.o
 .text.SPI2_SendByte_Sokkel1
                0x00000000       0x4c ..\obj\SPI2_metodar.o
 .text.Exp_click_sokkel1_skriv_til_AB
                0x00000000       0x60 ..\obj\SPI2_metodar.o
 .text          0x00000000        0x0 ..\obj\LINMOT_metodar.o
 .data          0x00000000        0x0 ..\obj\LINMOT_metodar.o
 .bss           0x00000000        0x0 ..\obj\LINMOT_metodar.o
 .text.LinMot_bytt_retning
                0x00000000       0x14 ..\obj\LINMOT_metodar.o
 .text          0x00000000        0x0 ..\obj\stm32f30x_can.o
 .data          0x00000000        0x0 ..\obj\stm32f30x_can.o
 .bss           0x00000000        0x0 ..\obj\stm32f30x_can.o
 .text.CAN_DeInit
                0x00000000       0x1c ..\obj\stm32f30x_can.o
 .text.CAN_Init
                0x00000000      0x118 ..\obj\stm32f30x_can.o
 .text.CAN_FilterInit
                0x00000000       0xf4 ..\obj\stm32f30x_can.o
 .text.CAN_StructInit
                0x00000000       0x28 ..\obj\stm32f30x_can.o
 .text.CAN_SlaveStartBank
                0x00000000       0x3c ..\obj\stm32f30x_can.o
 .text.CAN_DBGFreeze
                0x00000000       0x14 ..\obj\stm32f30x_can.o
 .text.CAN_TTComModeCmd
                0x00000000       0x5c ..\obj\stm32f30x_can.o
 .text.CAN_Transmit
                0x00000000       0xac ..\obj\stm32f30x_can.o
 .text.CAN_TransmitStatus
                0x00000000       0x50 ..\obj\stm32f30x_can.o
 .text.CAN_CancelTransmit
                0x00000000       0x2c ..\obj\stm32f30x_can.o
 .text.CAN_Receive
                0x00000000       0xa0 ..\obj\stm32f30x_can.o
 .text.CAN_FIFORelease
                0x00000000       0x18 ..\obj\stm32f30x_can.o
 .text.CAN_MessagePending
                0x00000000       0x18 ..\obj\stm32f30x_can.o
 .text.CAN_OperatingModeRequest
                0x00000000       0xb4 ..\obj\stm32f30x_can.o
 .text.CAN_Sleep
                0x00000000       0x20 ..\obj\stm32f30x_can.o
 .text.CAN_WakeUp
                0x00000000       0x2c ..\obj\stm32f30x_can.o
 .text.CAN_GetLastErrorCode
                0x00000000        0x8 ..\obj\stm32f30x_can.o
 .text.CAN_GetReceiveErrorCounter
                0x00000000        0x8 ..\obj\stm32f30x_can.o
 .text.CAN_GetLSBTransmitErrorCounter
                0x00000000        0x8 ..\obj\stm32f30x_can.o
 .text.CAN_ITConfig
                0x00000000       0x14 ..\obj\stm32f30x_can.o
 .text.CAN_GetFlagStatus
                0x00000000       0x54 ..\obj\stm32f30x_can.o
 .text.CAN_ClearFlag
                0x00000000       0x30 ..\obj\stm32f30x_can.o
 .text.CAN_GetITStatus
                0x00000000       0xe4 ..\obj\stm32f30x_can.o
 .text.CAN_ClearITPendingBit
                0x00000000       0x8c ..\obj\stm32f30x_can.o
 .debug_info    0x00000000      0xc45 ..\obj\stm32f30x_can.o
 .debug_abbrev  0x00000000      0x284 ..\obj\stm32f30x_can.o
 .debug_loc     0x00000000      0x928 ..\obj\stm32f30x_can.o
 .debug_aranges
                0x00000000       0xd8 ..\obj\stm32f30x_can.o
 .debug_ranges  0x00000000      0x138 ..\obj\stm32f30x_can.o
 .debug_line    0x00000000      0x6b8 ..\obj\stm32f30x_can.o
 .debug_str     0x00000000      0x7a9 ..\obj\stm32f30x_can.o
 .comment       0x00000000       0x6f ..\obj\stm32f30x_can.o
 .debug_frame   0x00000000      0x20c ..\obj\stm32f30x_can.o
 .ARM.attributes
                0x00000000       0x39 ..\obj\stm32f30x_can.o
 .text          0x00000000        0x0 ..\obj\stm32f3_discovery.o
 .data          0x00000000       0x24 ..\obj\stm32f3_discovery.o
 .bss           0x00000000        0x0 ..\obj\stm32f3_discovery.o
 .text.STM_EVAL_LEDInit
                0x00000000       0x48 ..\obj\stm32f3_discovery.o
 .text.STM_EVAL_LEDOn
                0x00000000       0x1c ..\obj\stm32f3_discovery.o
 .text.STM_EVAL_LEDOff
                0x00000000       0x1c ..\obj\stm32f3_discovery.o
 .text.STM_EVAL_LEDToggle
                0x00000000       0x20 ..\obj\stm32f3_discovery.o
 .text.STM_EVAL_PBInit
                0x00000000       0x80 ..\obj\stm32f3_discovery.o
 .text.STM_EVAL_PBGetState
                0x00000000       0x18 ..\obj\stm32f3_discovery.o
 .rodata        0x00000000       0x46 ..\obj\stm32f3_discovery.o
 .debug_info    0x00000000      0x9a3 ..\obj\stm32f3_discovery.o
 .debug_abbrev  0x00000000      0x1dc ..\obj\stm32f3_discovery.o
 .debug_loc     0x00000000       0xa5 ..\obj\stm32f3_discovery.o
 .debug_aranges
                0x00000000       0x48 ..\obj\stm32f3_discovery.o
 .debug_ranges  0x00000000       0x38 ..\obj\stm32f3_discovery.o
 .debug_line    0x00000000      0x3cd ..\obj\stm32f3_discovery.o
 .debug_str     0x00000000      0xb58 ..\obj\stm32f3_discovery.o
 .comment       0x00000000       0x6f ..\obj\stm32f3_discovery.o
 .debug_frame   0x00000000       0xa0 ..\obj\stm32f3_discovery.o
 .ARM.attributes
                0x00000000       0x39 ..\obj\stm32f3_discovery.o
 .text          0x00000000        0x0 ..\obj\stm32f30x_usart.o
 .data          0x00000000        0x0 ..\obj\stm32f30x_usart.o
 .bss           0x00000000        0x0 ..\obj\stm32f30x_usart.o
 .text.USART_DeInit
                0x00000000       0xb0 ..\obj\stm32f30x_usart.o
 .text.USART_StructInit
                0x00000000       0x18 ..\obj\stm32f30x_usart.o
 .text.USART_DirectionModeCmd
                0x00000000       0x14 ..\obj\stm32f30x_usart.o
 .text.USART_OverSampling8Cmd
                0x00000000       0x14 ..\obj\stm32f30x_usart.o
 .text.USART_OneBitMethodCmd
                0x00000000       0x14 ..\obj\stm32f30x_usart.o
 .text.USART_MSBFirstCmd
                0x00000000       0x14 ..\obj\stm32f30x_usart.o
 .text.USART_DataInvCmd
                0x00000000       0x14 ..\obj\stm32f30x_usart.o
 .text.USART_InvPinCmd
                0x00000000       0x14 ..\obj\stm32f30x_usart.o
 .text.USART_SWAPPinCmd
                0x00000000       0x14 ..\obj\stm32f30x_usart.o
 .text.USART_ReceiverTimeOutCmd
                0x00000000       0x14 ..\obj\stm32f30x_usart.o
 .text.USART_SetReceiverTimeOut
                0x00000000       0x10 ..\obj\stm32f30x_usart.o
 .text.USART_SetPrescaler
                0x00000000       0x14 ..\obj\stm32f30x_usart.o
 .text.USART_STOPModeCmd
                0x00000000       0x14 ..\obj\stm32f30x_usart.o
 .text.USART_StopModeWakeUpSourceConfig
                0x00000000       0x10 ..\obj\stm32f30x_usart.o
 .text.USART_AutoBaudRateCmd
                0x00000000       0x14 ..\obj\stm32f30x_usart.o
 .text.USART_AutoBaudRateConfig
                0x00000000       0x10 ..\obj\stm32f30x_usart.o
 .text.USART_SetAddress
                0x00000000       0x14 ..\obj\stm32f30x_usart.o
 .text.USART_MuteModeCmd
                0x00000000       0x14 ..\obj\stm32f30x_usart.o
 .text.USART_MuteModeWakeUpConfig
                0x00000000       0x10 ..\obj\stm32f30x_usart.o
 .text.USART_AddressDetectionConfig
                0x00000000       0x10 ..\obj\stm32f30x_usart.o
 .text.USART_LINBreakDetectLengthConfig
                0x00000000       0x10 ..\obj\stm32f30x_usart.o
 .text.USART_LINCmd
                0x00000000       0x14 ..\obj\stm32f30x_usart.o
 .text.USART_HalfDuplexCmd
                0x00000000       0x14 ..\obj\stm32f30x_usart.o
 .text.USART_SetGuardTime
                0x00000000       0x14 ..\obj\stm32f30x_usart.o
 .text.USART_SmartCardCmd
                0x00000000       0x14 ..\obj\stm32f30x_usart.o
 .text.USART_SmartCardNACKCmd
                0x00000000       0x14 ..\obj\stm32f30x_usart.o
 .text.USART_SetAutoRetryCount
                0x00000000       0x14 ..\obj\stm32f30x_usart.o
 .text.USART_SetBlockLength
                0x00000000       0x14 ..\obj\stm32f30x_usart.o
 .text.USART_IrDAConfig
                0x00000000       0x10 ..\obj\stm32f30x_usart.o
 .text.USART_IrDACmd
                0x00000000       0x14 ..\obj\stm32f30x_usart.o
 .text.USART_DECmd
                0x00000000       0x14 ..\obj\stm32f30x_usart.o
 .text.USART_DEPolarityConfig
                0x00000000       0x10 ..\obj\stm32f30x_usart.o
 .text.USART_SetDEAssertionTime
                0x00000000       0x14 ..\obj\stm32f30x_usart.o
 .text.USART_SetDEDeassertionTime
                0x00000000       0x14 ..\obj\stm32f30x_usart.o
 .text.USART_DMACmd
                0x00000000       0x14 ..\obj\stm32f30x_usart.o
 .text.USART_DMAReceptionErrorConfig
                0x00000000       0x10 ..\obj\stm32f30x_usart.o
 .text.USART_ITConfig
                0x00000000       0x38 ..\obj\stm32f30x_usart.o
 .text.USART_RequestCmd
                0x00000000       0x18 ..\obj\stm32f30x_usart.o
 .text.USART_OverrunDetectionConfig
                0x00000000       0x10 ..\obj\stm32f30x_usart.o
 .text.USART_ClearFlag
                0x00000000        0x4 ..\obj\stm32f30x_usart.o
 .text.USART_GetITStatus
                0x00000000       0x44 ..\obj\stm32f30x_usart.o
 .text.USART_ClearITPendingBit
                0x00000000        0xc ..\obj\stm32f30x_usart.o

Memory Configuration

Name             Origin             Length             Attributes
rom              0x08000000         0x00040000         xr
ram              0x20000000         0x0000a000         xrw
ram1             0x10000000         0x00002000         xrw
*default*        0x00000000         0xffffffff

Linker script and memory map

                0x2000a000                _eram = 0x2000a000

.text           0x08000000     0x18e4
 *(.isr_vector)
 .isr_vector    0x08000000      0x188 ..\obj\startup_stm32f30x.o
                0x08000000                g_pfnVectors
 *(.text*)
 .text.RCC_GetClocksFreq
                0x08000188      0x2a8 ..\obj\stm32f30x_rcc.o
                0x08000188                RCC_GetClocksFreq
 .text.RCC_AHBPeriphClockCmd
                0x08000430       0x1c ..\obj\stm32f30x_rcc.o
                0x08000430                RCC_AHBPeriphClockCmd
 .text.RCC_APB2PeriphClockCmd
                0x0800044c       0x1c ..\obj\stm32f30x_rcc.o
                0x0800044c                RCC_APB2PeriphClockCmd
 .text.RCC_APB1PeriphClockCmd
                0x08000468       0x1c ..\obj\stm32f30x_rcc.o
                0x08000468                RCC_APB1PeriphClockCmd
 .text.LSM303DLHC_LowLevel_Init
                0x08000484      0x124 ..\obj\stm32f3_discovery_lsm303dlhc.o
 .text.LSM303DLHC_Write
                0x080005a8       0xf8 ..\obj\stm32f3_discovery_lsm303dlhc.o
                0x080005a8                LSM303DLHC_Write
 .text.LSM303DLHC_AccInit
                0x080006a0       0x60 ..\obj\stm32f3_discovery_lsm303dlhc.o
                0x080006a0                LSM303DLHC_AccInit
 .text.LSM303DLHC_MagInit
                0x08000700       0x70 ..\obj\stm32f3_discovery_lsm303dlhc.o
                0x08000700                LSM303DLHC_MagInit
 .text.LSM303DLHC_Read
                0x08000770      0x118 ..\obj\stm32f3_discovery_lsm303dlhc.o
                0x08000770                LSM303DLHC_Read
 .text.TIM_oppstart
                0x08000888       0x98 ..\obj\TIM_metodar.o
                0x08000888                TIM_oppstart
 .text.SystemInit
                0x08000920      0x110 ..\obj\system_stm32f30x.o
                0x08000920                SystemInit
 .text.ADC_GetConversionValue
                0x08000a30        0x8 ..\obj\stm32f30x_adc.o
                0x08000a30                ADC_GetConversionValue
 .text.USART2_les
                0x08000a38       0x1c ..\obj\UART_metodar.o
                0x08000a38                USART2_les
 .text.USART2_skriv
                0x08000a54       0x1c ..\obj\UART_metodar.o
                0x08000a54                USART2_skriv
 .text.USART2_oppstart
                0x08000a70       0xb4 ..\obj\UART_metodar.o
                0x08000a70                USART2_oppstart
 .text.USART2_send_tid8_og_data16x3
                0x08000b24       0xf0 ..\obj\UART_metodar.o
                0x08000b24                USART2_send_tid8_og_data16x3
 .text.NMI_Handler
                0x08000c14        0x4 ..\obj\stm32f30x_it.o
                0x08000c14                NMI_Handler
 .text.HardFault_Handler
                0x08000c18        0x4 ..\obj\stm32f30x_it.o
                0x08000c18                HardFault_Handler
 .text.MemManage_Handler
                0x08000c1c        0x4 ..\obj\stm32f30x_it.o
                0x08000c1c                MemManage_Handler
 .text.BusFault_Handler
                0x08000c20        0x4 ..\obj\stm32f30x_it.o
                0x08000c20                BusFault_Handler
 .text.UsageFault_Handler
                0x08000c24        0x4 ..\obj\stm32f30x_it.o
                0x08000c24                UsageFault_Handler
 .text.SVC_Handler
                0x08000c28        0x4 ..\obj\stm32f30x_it.o
                0x08000c28                SVC_Handler
 .text.DebugMon_Handler
                0x08000c2c        0x4 ..\obj\stm32f30x_it.o
                0x08000c2c                DebugMon_Handler
 .text.PendSV_Handler
                0x08000c30        0x4 ..\obj\stm32f30x_it.o
                0x08000c30                PendSV_Handler
 .text.GPIO_Init
                0x08000c34       0xb8 ..\obj\stm32f30x_gpio.o
                0x08000c34                GPIO_Init
 .text.GPIO_PinAFConfig
                0x08000cec       0x2c ..\obj\stm32f30x_gpio.o
                0x08000cec                GPIO_PinAFConfig
 .text.startup.main
                0x08000d18      0x184 ..\obj\main.o
                0x08000d18                main
 .text.avbrot_oppstart
                0x08000e9c        0x8 ..\obj\avbrots_metodar.o
                0x08000e9c                avbrot_oppstart
 .text.SysTick_oppstart
                0x08000ea4       0x2c ..\obj\avbrots_metodar.o
                0x08000ea4                SysTick_oppstart
 .text.SysTick_Handler
                0x08000ed0       0xc0 ..\obj\avbrots_metodar.o
                0x08000ed0                SysTick_Handler
 .text.SPI1_oppstart
                0x08000f90       0xe0 ..\obj\SPI1_metodar.o
                0x08000f90                SPI1_oppstart
 .text.gyro_oppstart
                0x08001070       0x68 ..\obj\SPI1_metodar.o
                0x08001070                gyro_oppstart
 .text.GPIO_oppstart
                0x080010d8       0x80 ..\obj\GPIO_metodar.o
                0x080010d8                GPIO_oppstart
 .text.GPIO_sjekk_brytar
                0x08001158       0x2c ..\obj\GPIO_metodar.o
                0x08001158                GPIO_sjekk_brytar
 .text.EXTI_Init
                0x08001184      0x110 ..\obj\stm32f30x_exti.o
                0x08001184                EXTI_Init
 .text.SPI_Init
                0x08001294       0x8c ..\obj\stm32f30x_spi.o
                0x08001294                SPI_Init
 .text.SPI_Cmd  0x08001320       0x1c ..\obj\stm32f30x_spi.o
                0x08001320                SPI_Cmd
 .text.SPI_SendData8
                0x0800133c        0x4 ..\obj\stm32f30x_spi.o
                0x0800133c                SPI_SendData8
 .text.SPI_ReceiveData8
                0x08001340        0x4 ..\obj\stm32f30x_spi.o
                0x08001340                SPI_ReceiveData8
 .text.I2C_Init
                0x08001344       0x64 ..\obj\stm32f30x_i2c.o
                0x08001344                I2C_Init
 .text.I2C_Cmd  0x080013a8       0x14 ..\obj\stm32f30x_i2c.o
                0x080013a8                I2C_Cmd
 .text.I2C_TransferHandling
                0x080013bc       0x24 ..\obj\stm32f30x_i2c.o
                0x080013bc                I2C_TransferHandling
 .text.I2C_SendData
                0x080013e0        0x4 ..\obj\stm32f30x_i2c.o
                0x080013e0                I2C_SendData
 .text.I2C_ReceiveData
                0x080013e4        0x8 ..\obj\stm32f30x_i2c.o
                0x080013e4                I2C_ReceiveData
 .text.I2C_GetFlagStatus
                0x080013ec        0xc ..\obj\stm32f30x_i2c.o
                0x080013ec                I2C_GetFlagStatus
 .text.I2C_ClearFlag
                0x080013f8        0x4 ..\obj\stm32f30x_i2c.o
                0x080013f8                I2C_ClearFlag
 .text.maskinvare_init
                0x080013fc       0x34 ..\obj\initialisering.o
                0x080013fc                maskinvare_init
 .text.aks_oppstart
                0x08001430       0x4c ..\obj\LSM303DLHC_metodar.o
                0x08001430                aks_oppstart
 .text.TIM_TimeBaseInit
                0x0800147c       0xa8 ..\obj\stm32f30x_tim.o
                0x0800147c                TIM_TimeBaseInit
 .text.TIM_Cmd  0x08001524       0x1c ..\obj\stm32f30x_tim.o
                0x08001524                TIM_Cmd
 .text.TIM_OC2Init
                0x08001540       0x74 ..\obj\stm32f30x_tim.o
                0x08001540                TIM_OC2Init
 .text.Reset_Handler
                0x080015b4       0x44 ..\obj\startup_stm32f30x.o
                0x080015b4                Reset_Handler
 .text.Default_Handler
                0x080015f8        0x2 ..\obj\startup_stm32f30x.o
                0x080015f8                RTC_Alarm_IRQHandler
                0x080015f8                TIM8_TRG_COM_IRQHandler
                0x080015f8                TIM8_CC_IRQHandler
                0x080015f8                TIM1_CC_IRQHandler
                0x080015f8                USB_HP_IRQHandler
                0x080015f8                PVD_IRQHandler
                0x080015f8                EXTI3_IRQHandler
                0x080015f8                EXTI0_IRQHandler
                0x080015f8                I2C2_EV_IRQHandler
                0x080015f8                FPU_IRQHandler
                0x080015f8                EXTI2_TS_IRQHandler
                0x080015f8                TIM1_UP_TIM16_IRQHandler
                0x080015f8                ADC1_2_IRQHandler
                0x080015f8                SPI1_IRQHandler
                0x080015f8                TIM6_DAC_IRQHandler
                0x080015f8                TIM8_UP_IRQHandler
                0x080015f8                DMA2_Channel2_IRQHandler
                0x080015f8                DMA1_Channel4_IRQHandler
                0x080015f8                USART3_IRQHandler
                0x080015f8                DMA1_Channel7_IRQHandler
                0x080015f8                CAN1_RX1_IRQHandler
                0x080015f8                UART5_IRQHandler
                0x080015f8                ADC3_IRQHandler
                0x080015f8                TIM4_IRQHandler
                0x080015f8                DMA2_Channel1_IRQHandler
                0x080015f8                I2C1_EV_IRQHandler
                0x080015f8                DMA1_Channel6_IRQHandler
                0x080015f8                UART4_IRQHandler
                0x080015f8                DMA2_Channel4_IRQHandler
                0x080015f8                TIM3_IRQHandler
                0x080015f8                RCC_IRQHandler
                0x080015f8                DMA1_Channel1_IRQHandler
                0x080015f8                Default_Handler
                0x080015f8                USBWakeUp_RMP_IRQHandler
                0x080015f8                EXTI15_10_IRQHandler
                0x080015f8                TIM7_IRQHandler
                0x080015f8                EXTI9_5_IRQHandler
                0x080015f8                TAMPER_STAMP_IRQHandler
                0x080015f8                RTC_WKUP_IRQHandler
                0x080015f8                SPI2_IRQHandler
                0x080015f8                DMA2_Channel5_IRQHandler
                0x080015f8                DMA1_Channel5_IRQHandler
                0x080015f8                USB_LP_IRQHandler
                0x080015f8                EXTI4_IRQHandler
                0x080015f8                USB_LP_CAN1_RX0_IRQHandler
                0x080015f8                TIM1_TRG_COM_TIM17_IRQHandler
                0x080015f8                USB_HP_CAN1_TX_IRQHandler
                0x080015f8                DMA1_Channel3_IRQHandler
                0x080015f8                ADC4_IRQHandler
                0x080015f8                WWDG_IRQHandler
                0x080015f8                TIM2_IRQHandler
                0x080015f8                COMP7_IRQHandler
                0x080015f8                COMP1_2_3_IRQHandler
                0x080015f8                EXTI1_IRQHandler
                0x080015f8                USART2_IRQHandler
                0x080015f8                COMP4_5_6_IRQHandler
                0x080015f8                I2C2_ER_IRQHandler
                0x080015f8                DMA1_Channel2_IRQHandler
                0x080015f8                TIM8_BRK_IRQHandler
                0x080015f8                CAN1_SCE_IRQHandler
                0x080015f8                FLASH_IRQHandler
                0x080015f8                USART1_IRQHandler
                0x080015f8                SPI3_IRQHandler
                0x080015f8                I2C1_ER_IRQHandler
                0x080015f8                USBWakeUp_IRQHandler
                0x080015f8                DMA2_Channel3_IRQHandler
                0x080015f8                TIM1_BRK_TIM15_IRQHandler
 *fill*         0x080015fa        0x2 
 .text.SYSCFG_EXTILineConfig
                0x080015fc       0x30 ..\obj\stm32f30x_syscfg.o
                0x080015fc                SYSCFG_EXTILineConfig
 .text.SPI2_oppstart
                0x0800162c       0xd4 ..\obj\SPI2_metodar.o
                0x0800162c                SPI2_oppstart
 .text.Exp_click_sokkel1_sett_retningAB
                0x08001700       0x60 ..\obj\SPI2_metodar.o
                0x08001700                Exp_click_sokkel1_sett_retningAB
 .text.Exp_click_sokkel1_oppstart
                0x08001760        0x8 ..\obj\SPI2_metodar.o
                0x08001760                Exp_click_sokkel1_oppstart
 .text.LinMot_oppstart
                0x08001768       0x3c ..\obj\LINMOT_metodar.o
                0x08001768                LinMot_oppstart
 .text.USART_Init
                0x080017a4       0xbc ..\obj\stm32f30x_usart.o
                0x080017a4                USART_Init
 .text.USART_ClockInit
                0x08001860       0x20 ..\obj\stm32f30x_usart.o
                0x08001860                USART_ClockInit
 .text.USART_ClockStructInit
                0x08001880        0xc ..\obj\stm32f30x_usart.o
                0x08001880                USART_ClockStructInit
 .text.USART_Cmd
                0x0800188c       0x14 ..\obj\stm32f30x_usart.o
                0x0800188c                USART_Cmd
 .text.USART_SendData
                0x080018a0        0x8 ..\obj\stm32f30x_usart.o
                0x080018a0                USART_SendData
 .text.USART_ReceiveData
                0x080018a8        0x8 ..\obj\stm32f30x_usart.o
                0x080018a8                USART_ReceiveData
 .text.USART_GetFlagStatus
                0x080018b0        0xc ..\obj\stm32f30x_usart.o
                0x080018b0                USART_GetFlagStatus
 *(.init)
 *(.fini)
 *crtbegin.o(.ctors)
 *crtbegin?.o(.ctors)
 *(EXCLUDE_FILE(*crtend.o *crtend?.o) .ctors)
 *(SORT(.ctors.*))
 *(.ctors)
 *crtbegin.o(.dtors)
 *crtbegin?.o(.dtors)
 *(EXCLUDE_FILE(*crtend.o *crtend?.o) .dtors)
 *(SORT(.dtors.*))
 *(.dtors)
 *(.rodata*)
 .rodata.str1.4
                0x080018bc       0x28 ..\obj\UART_metodar.o
                                 0x26 (size before relaxing)
 *(.eh_fram e*)

.glue_7         0x080018e4        0x0
 .glue_7        0x080018e4        0x0 linker stubs

.glue_7t        0x080018e4        0x0
 .glue_7t       0x080018e4        0x0 linker stubs

.vfp11_veneer   0x080018e4        0x0
 .vfp11_veneer  0x080018e4        0x0 linker stubs

.v4_bx          0x080018e4        0x0
 .v4_bx         0x080018e4        0x0 linker stubs

.iplt           0x080018e4        0x0
 .iplt          0x080018e4        0x0 ..\obj\GPIO_Toggle_Example.o

.rel.dyn        0x080018e4        0x0
 .rel.iplt      0x080018e4        0x0 ..\obj\GPIO_Toggle_Example.o

.ARM.extab
 *(.ARM.extab* .gnu.linkonce.armextab.*)
                0x080018e4                __exidx_start = .

.ARM.exidx
 *(.ARM.exidx* .gnu.linkonce.armexidx.*)
                0x080018e4                __exidx_end = .
                0x080018e4                __etext = .
                0x080018e4                _sidata = __etext

.data           0x20000000       0x58 load address 0x080018e4
                0x20000000                __data_start__ = .
                0x20000000                _sdata = __data_start__
 *(vtable)
 *(.data*)
 .data          0x20000000       0x2a ..\obj\stm32f30x_rcc.o
 *fill*         0x2000002a        0x2 
 .data          0x2000002c        0x4 ..\obj\stm32f3_discovery_lsm303dlhc.o
                0x2000002c                LSM303DLHC_Timeout
 .data          0x20000030       0x27 ..\obj\main.o
                0x20000030                hex2ascii_tabell
                0x20000040                a1
                0x20000044                b1
                0x20000048                a_zf_k_1
                0x2000004c                PWM_vidde
                0x2000004e                PWM_periode
                0x20000050                teikn
                0x20000052                maaling_teljar
                0x20000054                klar_for_nytt_trykk_av_USERbrytar
                0x20000055                brytar_var_nettopp_slept
                0x20000056                tilstand
                0x20000058                . = ALIGN (0x4)
 *fill*         0x20000057        0x1 
                [!provide]                PROVIDE (__preinit_array_start, .)
 *(.preinit_array)
                [!provide]                PROVIDE (__preinit_array_end, .)
                0x20000058                . = ALIGN (0x4)
                [!provide]                PROVIDE (__init_array_start, .)
 *(SORT(.init_array.*))
 *(.init_array)
                [!provide]                PROVIDE (__init_array_end, .)
                0x20000058                . = ALIGN (0x4)
                [!provide]                PROVIDE (__fini_array_start, .)
 *(SORT(.fini_array.*))
 *(.fini_array)
                [!provide]                PROVIDE (__fini_array_end, .)
 *(.jcr*)
                0x20000058                . = ALIGN (0x4)
                0x20000058                __data_end__ = .
                0x20000058                _edata = __data_end__

.igot.plt       0x20000058        0x0 load address 0x0800193c
 .igot.plt      0x20000058        0x0 ..\obj\GPIO_Toggle_Example.o

.bss            0x20000058       0x44 load address 0x0800193c
                0x20000058                . = ALIGN (0x4)
                0x20000058                __bss_start__ = .
                0x20000058                _sbss = __bss_start__
 *(.bss*)
 .bss           0x20000058       0x2e ..\obj\main.o
                0x20000058                gyldig_trykk_av_USERbrytar
                0x20000059                diode_moenster
                0x2000005a                legg_til_meldingshovud
                0x2000005b                ny_maaling
                0x2000005c                a_x
                0x2000005e                a_y
                0x20000060                a_z
                0x20000064                a_xf_k_1
                0x20000068                a_yf_k_1
                0x2000006c                send_maaling
                0x2000006d                samplenr
                0x2000006e                legg_til_meldingshale
                0x2000006f                send_maalingar_til_loggar
                0x20000070                send_ei_brytarmelding_via_uart
                0x20000071                tikkteljar_uartkomm
                0x20000072                temperatur
                0x20000074                loggeverdi
                0x20000076                tikkteljar_sampling
                0x20000078                PWM_preskalering
                0x2000007a                testteljar
                0x2000007c                testmaaling
                0x2000007e                send_ny_tidsserie
                0x2000007f                oppdater_diodar
                0x20000080                tikkteljar_diodar
                0x20000082                tikkteljar_avprelling
                0x20000083                trykkteljar_USERbrytar
                0x20000084                sleppteljar_USERbrytar
                0x20000085                nedtrykt_er_naa_USERbrytar
 *(COMMON)
 *fill*         0x20000086        0x2 
 COMMON         0x20000088       0x13 ..\obj\main.o
                0x20000088                a_zf_k
                0x2000008c                a_xf_k
                0x20000090                a_yf_k
                0x20000094                buffer
                0x2000009a                mottatt_data
                0x2000009c                . = ALIGN (0x4)
 *fill*         0x2000009b        0x1 
                0x2000009c                __bss_end__ = .
                0x2000009c                _ebss = __bss_end__

.heap           0x2000009c        0x0
                0x2000009c                __end__ = .
                0x2000009c                _end = __end__
                0x2000009c                end = __end__
 *(.heap*)
                0x2000009c                __HeapLimit = .

.co_stack       0x2000009c        0x4 load address 0x08001980
                0x200000a0                . = ALIGN (0x8)
 *fill*         0x2000009c        0x4 
 *(.co_stack .co_stack.*)
                0x2000a000                __StackTop = (ORIGIN (ram) + LENGTH (ram))
                0x20009ffc                __StackLimit = (__StackTop - SIZEOF (.co_stack))
                [!provide]                PROVIDE (__stack, __StackTop)
                0x00000001                ASSERT ((__StackLimit >= __HeapLimit), region ram  overflowed with stack)
LOAD ..\obj\GPIO_Toggle_Example.o
LOAD ..\obj\stm32f30x_rcc.o
LOAD ..\obj\stm32f3_discovery_lsm303dlhc.o
LOAD ..\obj\TIM_metodar.o
LOAD ..\obj\system_stm32f30x.o
LOAD ..\obj\stm32f30x_adc.o
LOAD ..\obj\I2C_metodar.o
LOAD ..\obj\UART_metodar.o
LOAD ..\obj\stm32f30x_it.o
LOAD ..\obj\stm32f30x_gpio.o
LOAD ..\obj\main.o
LOAD ..\obj\printf.o
LOAD ..\obj\avbrots_metodar.o
LOAD ..\obj\SPI1_metodar.o
LOAD ..\obj\GPIO_metodar.o
LOAD ..\obj\stm32f30x_exti.o
LOAD ..\obj\stm32f30x_spi.o
LOAD ..\obj\stm32f30x_i2c.o
LOAD ..\obj\initialisering.o
LOAD ..\obj\LSM303DLHC_metodar.o
LOAD ..\obj\system_stm32f30x_temp.o
LOAD ..\obj\syscalls.o
LOAD ..\obj\stm32f30x_misc.o
LOAD ..\obj\stm32f30x_tim.o
LOAD ..\obj\stm32f3_discovery_l3gd20.o
LOAD ..\obj\startup_stm32f30x.o
LOAD ..\obj\stm32f30x_syscfg.o
LOAD ..\obj\SPI2_metodar.o
LOAD ..\obj\LINMOT_metodar.o
LOAD ..\obj\stm32f30x_can.o
LOAD ..\obj\stm32f3_discovery.o
LOAD ..\obj\stm32f30x_usart.o
START GROUP
LOAD c:/program files (x86)/gnu tools arm embedded/5.4 2016q2/bin/../lib/gcc/arm-none-eabi/5.4.1/armv7e-m/fpu\libgcc.a
LOAD c:/program files (x86)/gnu tools arm embedded/5.4 2016q2/bin/../lib/gcc/arm-none-eabi/5.4.1/../../../../arm-none-eabi/lib/armv7e-m/fpu\libg.a
LOAD c:/program files (x86)/gnu tools arm embedded/5.4 2016q2/bin/../lib/gcc/arm-none-eabi/5.4.1/../../../../arm-none-eabi/lib/armv7e-m/fpu\libc.a
END GROUP
OUTPUT(aks_xyz_loggar_stm32f3disc.elf elf32-littlearm)

.debug_info     0x00000000     0xdb48
 .debug_info    0x00000000      0xb78 ..\obj\stm32f30x_rcc.o
 .debug_info    0x00000b78     0x11bf ..\obj\stm32f3_discovery_lsm303dlhc.o
 .debug_info    0x00001d37      0x722 ..\obj\TIM_metodar.o
 .debug_info    0x00002459      0x4db ..\obj\system_stm32f30x.o
 .debug_info    0x00002934     0x138e ..\obj\stm32f30x_adc.o
 .debug_info    0x00003cc2      0xe71 ..\obj\UART_metodar.o
 .debug_info    0x00004b33       0xf1 ..\obj\stm32f30x_it.o
 .debug_info    0x00004c24      0x752 ..\obj\stm32f30x_gpio.o
 .debug_info    0x00005376      0xd7b ..\obj\main.o
 .debug_info    0x000060f1      0x80c ..\obj\avbrots_metodar.o
 .debug_info    0x000068fd      0x6e5 ..\obj\SPI1_metodar.o
 .debug_info    0x00006fe2      0x43d ..\obj\GPIO_metodar.o
 .debug_info    0x0000741f      0x3a6 ..\obj\stm32f30x_exti.o
 .debug_info    0x000077c5      0xc48 ..\obj\stm32f30x_spi.o
 .debug_info    0x0000840d      0xbd7 ..\obj\stm32f30x_i2c.o
 .debug_info    0x00008fe4      0x188 ..\obj\initialisering.o
 .debug_info    0x0000916c      0x1c6 ..\obj\LSM303DLHC_metodar.o
 .debug_info    0x00009332     0x28f1 ..\obj\stm32f30x_tim.o
 .debug_info    0x0000bc23      0x122 ..\obj\startup_stm32f30x.o
 .debug_info    0x0000bd45      0x318 ..\obj\stm32f30x_syscfg.o
 .debug_info    0x0000c05d      0x7c5 ..\obj\SPI2_metodar.o
 .debug_info    0x0000c822      0x33f ..\obj\LINMOT_metodar.o
 .debug_info    0x0000cb61      0xfe7 ..\obj\stm32f30x_usart.o

.debug_abbrev   0x00000000     0x2471
 .debug_abbrev  0x00000000      0x297 ..\obj\stm32f30x_rcc.o
 .debug_abbrev  0x00000297      0x218 ..\obj\stm32f3_discovery_lsm303dlhc.o
 .debug_abbrev  0x000004af      0x158 ..\obj\TIM_metodar.o
 .debug_abbrev  0x00000607      0x145 ..\obj\system_stm32f30x.o
 .debug_abbrev  0x0000074c      0x1de ..\obj\stm32f30x_adc.o
 .debug_abbrev  0x0000092a      0x2bd ..\obj\UART_metodar.o
 .debug_abbrev  0x00000be7       0x89 ..\obj\stm32f30x_it.o
 .debug_abbrev  0x00000c70      0x1e4 ..\obj\stm32f30x_gpio.o
 .debug_abbrev  0x00000e54      0x244 ..\obj\main.o
 .debug_abbrev  0x00001098      0x190 ..\obj\avbrots_metodar.o
 .debug_abbrev  0x00001228      0x172 ..\obj\SPI1_metodar.o
 .debug_abbrev  0x0000139a      0x161 ..\obj\GPIO_metodar.o
 .debug_abbrev  0x000014fb      0x18d ..\obj\stm32f30x_exti.o
 .debug_abbrev  0x00001688      0x1d7 ..\obj\stm32f30x_spi.o
 .debug_abbrev  0x0000185f      0x207 ..\obj\stm32f30x_i2c.o
 .debug_abbrev  0x00001a66       0x91 ..\obj\initialisering.o
 .debug_abbrev  0x00001af7       0xd6 ..\obj\LSM303DLHC_metodar.o
 .debug_abbrev  0x00001bcd      0x277 ..\obj\stm32f30x_tim.o
 .debug_abbrev  0x00001e44       0x12 ..\obj\startup_stm32f30x.o
 .debug_abbrev  0x00001e56      0x192 ..\obj\stm32f30x_syscfg.o
 .debug_abbrev  0x00001fe8      0x171 ..\obj\SPI2_metodar.o
 .debug_abbrev  0x00002159      0x150 ..\obj\LINMOT_metodar.o
 .debug_abbrev  0x000022a9      0x1c8 ..\obj\stm32f30x_usart.o

.debug_loc      0x00000000     0x6977
 .debug_loc     0x00000000      0xbbb ..\obj\stm32f30x_rcc.o
 .debug_loc     0x00000bbb      0x387 ..\obj\stm32f3_discovery_lsm303dlhc.o
 .debug_loc     0x00000f42       0x2d ..\obj\TIM_metodar.o
 .debug_loc     0x00000f6f      0x109 ..\obj\system_stm32f30x.o
 .debug_loc     0x00001078      0xdd4 ..\obj\stm32f30x_adc.o
 .debug_loc     0x00001e4c      0x600 ..\obj\UART_metodar.o
 .debug_loc     0x0000244c      0x351 ..\obj\stm32f30x_gpio.o
 .debug_loc     0x0000279d       0xda ..\obj\main.o
 .debug_loc     0x00002877       0x74 ..\obj\avbrots_metodar.o
 .debug_loc     0x000028eb       0x2c ..\obj\SPI1_metodar.o
 .debug_loc     0x00002917      0x28e ..\obj\stm32f30x_exti.o
 .debug_loc     0x00002ba5      0x6a4 ..\obj\stm32f30x_spi.o
 .debug_loc     0x00003249      0x5ab ..\obj\stm32f30x_i2c.o
 .debug_loc     0x000037f4     0x25d8 ..\obj\stm32f30x_tim.o
 .debug_loc     0x00005dcc      0x1af ..\obj\stm32f30x_syscfg.o
 .debug_loc     0x00005f7b       0xb0 ..\obj\SPI2_metodar.o
 .debug_loc     0x0000602b      0x94c ..\obj\stm32f30x_usart.o

.debug_aranges  0x00000000      0xf88
 .debug_aranges
                0x00000000      0x150 ..\obj\stm32f30x_rcc.o
 .debug_aranges
                0x00000150       0xa0 ..\obj\stm32f3_discovery_lsm303dlhc.o
 .debug_aranges
                0x000001f0       0x28 ..\obj\TIM_metodar.o
 .debug_aranges
                0x00000218       0x28 ..\obj\system_stm32f30x.o
 .debug_aranges
                0x00000240      0x210 ..\obj\stm32f30x_adc.o
 .debug_aranges
                0x00000450       0x98 ..\obj\UART_metodar.o
 .debug_aranges
                0x000004e8       0x40 ..\obj\stm32f30x_it.o
 .debug_aranges
                0x00000528       0x80 ..\obj\stm32f30x_gpio.o
 .debug_aranges
                0x000005a8       0x30 ..\obj\main.o
 .debug_aranges
                0x000005d8       0x30 ..\obj\avbrots_metodar.o
 .debug_aranges
                0x00000608       0x30 ..\obj\SPI1_metodar.o
 .debug_aranges
                0x00000638       0x40 ..\obj\GPIO_metodar.o
 .debug_aranges
                0x00000678       0x50 ..\obj\stm32f30x_exti.o
 .debug_aranges
                0x000006c8      0x118 ..\obj\stm32f30x_spi.o
 .debug_aranges
                0x000007e0      0x158 ..\obj\stm32f30x_i2c.o
 .debug_aranges
                0x00000938       0x20 ..\obj\initialisering.o
 .debug_aranges
                0x00000958       0x20 ..\obj\LSM303DLHC_metodar.o
 .debug_aranges
                0x00000978      0x378 ..\obj\stm32f30x_tim.o
 .debug_aranges
                0x00000cf0       0x28 ..\obj\startup_stm32f30x.o
 .debug_aranges
                0x00000d18       0x68 ..\obj\stm32f30x_syscfg.o
 .debug_aranges
                0x00000d80       0x40 ..\obj\SPI2_metodar.o
 .debug_aranges
                0x00000dc0       0x28 ..\obj\LINMOT_metodar.o
 .debug_aranges
                0x00000de8      0x1a0 ..\obj\stm32f30x_usart.o

.debug_ranges   0x00000000      0xf20
 .debug_ranges  0x00000000      0x160 ..\obj\stm32f30x_rcc.o
 .debug_ranges  0x00000160       0x90 ..\obj\stm32f3_discovery_lsm303dlhc.o
 .debug_ranges  0x000001f0       0x18 ..\obj\TIM_metodar.o
 .debug_ranges  0x00000208       0x30 ..\obj\system_stm32f30x.o
 .debug_ranges  0x00000238      0x200 ..\obj\stm32f30x_adc.o
 .debug_ranges  0x00000438       0x88 ..\obj\UART_metodar.o
 .debug_ranges  0x000004c0       0x30 ..\obj\stm32f30x_it.o
 .debug_ranges  0x000004f0       0x70 ..\obj\stm32f30x_gpio.o
 .debug_ranges  0x00000560       0x58 ..\obj\main.o
 .debug_ranges  0x000005b8       0x38 ..\obj\avbrots_metodar.o
 .debug_ranges  0x000005f0       0x20 ..\obj\SPI1_metodar.o
 .debug_ranges  0x00000610       0x30 ..\obj\GPIO_metodar.o
 .debug_ranges  0x00000640       0x40 ..\obj\stm32f30x_exti.o
 .debug_ranges  0x00000680      0x108 ..\obj\stm32f30x_spi.o
 .debug_ranges  0x00000788      0x148 ..\obj\stm32f30x_i2c.o
 .debug_ranges  0x000008d0       0x10 ..\obj\initialisering.o
 .debug_ranges  0x000008e0       0x10 ..\obj\LSM303DLHC_metodar.o
 .debug_ranges  0x000008f0      0x3e0 ..\obj\stm32f30x_tim.o
 .debug_ranges  0x00000cd0       0x20 ..\obj\startup_stm32f30x.o
 .debug_ranges  0x00000cf0       0x58 ..\obj\stm32f30x_syscfg.o
 .debug_ranges  0x00000d48       0x30 ..\obj\SPI2_metodar.o
 .debug_ranges  0x00000d78       0x18 ..\obj\LINMOT_metodar.o
 .debug_ranges  0x00000d90      0x190 ..\obj\stm32f30x_usart.o

.debug_line     0x00000000     0x6b14
 .debug_line    0x00000000      0x6d0 ..\obj\stm32f30x_rcc.o
 .debug_line    0x000006d0      0x57b ..\obj\stm32f3_discovery_lsm303dlhc.o
 .debug_line    0x00000c4b      0x359 ..\obj\TIM_metodar.o
 .debug_line    0x00000fa4      0x2ae ..\obj\system_stm32f30x.o
 .debug_line    0x00001252      0x8c2 ..\obj\stm32f30x_adc.o
 .debug_line    0x00001b14      0x542 ..\obj\UART_metodar.o
 .debug_line    0x00002056      0x218 ..\obj\stm32f30x_it.o
 .debug_line    0x0000226e      0x443 ..\obj\stm32f30x_gpio.o
 .debug_line    0x000026b1      0x4ec ..\obj\main.o
 .debug_line    0x00002b9d      0x2f5 ..\obj\avbrots_metodar.o
 .debug_line    0x00002e92      0x39b ..\obj\SPI1_metodar.o
 .debug_line    0x0000322d      0x3ac ..\obj\GPIO_metodar.o
 .debug_line    0x000035d9      0x393 ..\obj\stm32f30x_exti.o
 .debug_line    0x0000396c      0x618 ..\obj\stm32f30x_spi.o
 .debug_line    0x00003f84      0x661 ..\obj\stm32f30x_i2c.o
 .debug_line    0x000045e5      0x1e5 ..\obj\initialisering.o
 .debug_line    0x000047ca      0x284 ..\obj\LSM303DLHC_metodar.o
 .debug_line    0x00004a4e      0xea1 ..\obj\stm32f30x_tim.o
 .debug_line    0x000058ef       0xdb ..\obj\startup_stm32f30x.o
 .debug_line    0x000059ca      0x30d ..\obj\stm32f30x_syscfg.o
 .debug_line    0x00005cd7      0x3c9 ..\obj\SPI2_metodar.o
 .debug_line    0x000060a0      0x2ff ..\obj\LINMOT_metodar.o
 .debug_line    0x0000639f      0x775 ..\obj\stm32f30x_usart.o

.debug_str      0x00000000     0x4daf
 .debug_str     0x00000000      0x7bc ..\obj\stm32f30x_rcc.o
                                0x852 (size before relaxing)
 .debug_str     0x000007bc      0x875 ..\obj\stm32f3_discovery_lsm303dlhc.o
                                0xa5c (size before relaxing)
 .debug_str     0x00001031      0x2a8 ..\obj\TIM_metodar.o
                                0x625 (size before relaxing)
 .debug_str     0x000012d9      0x129 ..\obj\system_stm32f30x.o
                                0x35d (size before relaxing)
 .debug_str     0x00001402      0x9cd ..\obj\stm32f30x_adc.o
                                0xc04 (size before relaxing)
 .debug_str     0x00001dcf      0x3f4 ..\obj\UART_metodar.o
                                0x7c0 (size before relaxing)
 .debug_str     0x000021c3       0xc7 ..\obj\stm32f30x_it.o
                                0x212 (size before relaxing)
 .debug_str     0x0000228a      0x1a3 ..\obj\stm32f30x_gpio.o
                                0x513 (size before relaxing)
 .debug_str     0x0000242d      0x2f3 ..\obj\main.o
                                0x9fa (size before relaxing)
 .debug_str     0x00002720      0x55e ..\obj\avbrots_metodar.o
                                0x861 (size before relaxing)
 .debug_str     0x00002c7e      0x1aa ..\obj\SPI1_metodar.o
                                0x57b (size before relaxing)
 .debug_str     0x00002e28       0xad ..\obj\GPIO_metodar.o
                                0x4c0 (size before relaxing)
 .debug_str     0x00002ed5      0x142 ..\obj\stm32f30x_exti.o
                                0x3cf (size before relaxing)
 .debug_str     0x00003017      0x3cd ..\obj\stm32f30x_spi.o
                                0x865 (size before relaxing)
 .debug_str     0x000033e4      0x394 ..\obj\stm32f30x_i2c.o
                                0x6a7 (size before relaxing)
 .debug_str     0x00003778       0xb8 ..\obj\initialisering.o
                                0x27b (size before relaxing)
 .debug_str     0x00003830       0x83 ..\obj\LSM303DLHC_metodar.o
                                0x2ec (size before relaxing)
 .debug_str     0x000038b3      0xbc6 ..\obj\stm32f30x_tim.o
                                0xfe8 (size before relaxing)
 .debug_str     0x00004479      0x1df ..\obj\stm32f30x_syscfg.o
                                0x3af (size before relaxing)
 .debug_str     0x00004658       0xf4 ..\obj\SPI2_metodar.o
                                0x5e1 (size before relaxing)
 .debug_str     0x0000474c       0x86 ..\obj\LINMOT_metodar.o
                                0x3e6 (size before relaxing)
 .debug_str     0x000047d2      0x5dd ..\obj\stm32f30x_usart.o
                                0xa9d (size before relaxing)

.comment        0x00000000       0x6e
 .comment       0x00000000       0x6e ..\obj\stm32f30x_rcc.o
                                 0x6f (size before relaxing)
 .comment       0x0000006e       0x6f ..\obj\stm32f3_discovery_lsm303dlhc.o
 .comment       0x0000006e       0x6f ..\obj\TIM_metodar.o
 .comment       0x0000006e       0x6f ..\obj\system_stm32f30x.o
 .comment       0x0000006e       0x6f ..\obj\stm32f30x_adc.o
 .comment       0x0000006e       0x6f ..\obj\UART_metodar.o
 .comment       0x0000006e       0x6f ..\obj\stm32f30x_it.o
 .comment       0x0000006e       0x6f ..\obj\stm32f30x_gpio.o
 .comment       0x0000006e       0x6f ..\obj\main.o
 .comment       0x0000006e       0x6f ..\obj\avbrots_metodar.o
 .comment       0x0000006e       0x6f ..\obj\SPI1_metodar.o
 .comment       0x0000006e       0x6f ..\obj\GPIO_metodar.o
 .comment       0x0000006e       0x6f ..\obj\stm32f30x_exti.o
 .comment       0x0000006e       0x6f ..\obj\stm32f30x_spi.o
 .comment       0x0000006e       0x6f ..\obj\stm32f30x_i2c.o
 .comment       0x0000006e       0x6f ..\obj\initialisering.o
 .comment       0x0000006e       0x6f ..\obj\LSM303DLHC_metodar.o
 .comment       0x0000006e       0x6f ..\obj\stm32f30x_tim.o
 .comment       0x0000006e       0x6f ..\obj\stm32f30x_syscfg.o
 .comment       0x0000006e       0x6f ..\obj\SPI2_metodar.o
 .comment       0x0000006e       0x6f ..\obj\LINMOT_metodar.o
 .comment       0x0000006e       0x6f ..\obj\stm32f30x_usart.o

.ARM.attributes
                0x00000000       0x37
 .ARM.attributes
                0x00000000       0x39 ..\obj\stm32f30x_rcc.o
 .ARM.attributes
                0x00000039       0x39 ..\obj\stm32f3_discovery_lsm303dlhc.o
 .ARM.attributes
                0x00000072       0x39 ..\obj\TIM_metodar.o
 .ARM.attributes
                0x000000ab       0x39 ..\obj\system_stm32f30x.o
 .ARM.attributes
                0x000000e4       0x39 ..\obj\stm32f30x_adc.o
 .ARM.attributes
                0x0000011d       0x39 ..\obj\UART_metodar.o
 .ARM.attributes
                0x00000156       0x39 ..\obj\stm32f30x_it.o
 .ARM.attributes
                0x0000018f       0x39 ..\obj\stm32f30x_gpio.o
 .ARM.attributes
                0x000001c8       0x39 ..\obj\main.o
 .ARM.attributes
                0x00000201       0x39 ..\obj\avbrots_metodar.o
 .ARM.attributes
                0x0000023a       0x39 ..\obj\SPI1_metodar.o
 .ARM.attributes
                0x00000273       0x39 ..\obj\GPIO_metodar.o
 .ARM.attributes
                0x000002ac       0x39 ..\obj\stm32f30x_exti.o
 .ARM.attributes
                0x000002e5       0x39 ..\obj\stm32f30x_spi.o
 .ARM.attributes
                0x0000031e       0x39 ..\obj\stm32f30x_i2c.o
 .ARM.attributes
                0x00000357       0x39 ..\obj\initialisering.o
 .ARM.attributes
                0x00000390       0x39 ..\obj\LSM303DLHC_metodar.o
 .ARM.attributes
                0x000003c9       0x39 ..\obj\stm32f30x_tim.o
 .ARM.attributes
                0x00000402       0x21 ..\obj\startup_stm32f30x.o
 .ARM.attributes
                0x00000423       0x39 ..\obj\stm32f30x_syscfg.o
 .ARM.attributes
                0x0000045c       0x39 ..\obj\SPI2_metodar.o
 .ARM.attributes
                0x00000495       0x39 ..\obj\LINMOT_metodar.o
 .ARM.attributes
                0x000004ce       0x39 ..\obj\stm32f30x_usart.o

.debug_frame    0x00000000     0x23e0
 .debug_frame   0x00000000      0x298 ..\obj\stm32f30x_rcc.o
 .debug_frame   0x00000298      0x250 ..\obj\stm32f3_discovery_lsm303dlhc.o
 .debug_frame   0x000004e8       0x50 ..\obj\TIM_metodar.o
 .debug_frame   0x00000538       0x44 ..\obj\system_stm32f30x.o
 .debug_frame   0x0000057c      0x490 ..\obj\stm32f30x_adc.o
 .debug_frame   0x00000a0c      0x1fc ..\obj\UART_metodar.o
 .debug_frame   0x00000c08       0x90 ..\obj\stm32f30x_it.o
 .debug_frame   0x00000c98      0x134 ..\obj\stm32f30x_gpio.o
 .debug_frame   0x00000dcc       0x70 ..\obj\main.o
 .debug_frame   0x00000e3c       0x54 ..\obj\avbrots_metodar.o
 .debug_frame   0x00000e90       0x70 ..\obj\SPI1_metodar.o
 .debug_frame   0x00000f00       0x8c ..\obj\GPIO_metodar.o
 .debug_frame   0x00000f8c       0xd0 ..\obj\stm32f30x_exti.o
 .debug_frame   0x0000105c      0x278 ..\obj\stm32f30x_spi.o
 .debug_frame   0x000012d4      0x2f0 ..\obj\stm32f30x_i2c.o
 .debug_frame   0x000015c4       0x2c ..\obj\initialisering.o
 .debug_frame   0x000015f0       0x30 ..\obj\LSM303DLHC_metodar.o
 .debug_frame   0x00001620      0x854 ..\obj\stm32f30x_tim.o
 .debug_frame   0x00001e74       0xfc ..\obj\stm32f30x_syscfg.o
 .debug_frame   0x00001f70       0x98 ..\obj\SPI2_metodar.o
 .debug_frame   0x00002008       0x40 ..\obj\LINMOT_metodar.o
 .debug_frame   0x00002048      0x398 ..\obj\stm32f30x_usart.o
