
Allocating common symbols
Common symbol       size              file

a_zf_k              0x4               ..\obj\main.o
a_xf_k              0x4               ..\obj\main.o
a_yf_k              0x4               ..\obj\main.o
buffer              0x6               ..\obj\main.o
mottatt_data        0x1               ..\obj\main.o
GPIO_InitStructure  0x8               ..\obj\GPIO_Toggle_Example.o

Discarded input sections

 .text          0x00000000        0x0 ..\obj\GPIO_Toggle_Example.o
 .data          0x00000000        0x0 ..\obj\GPIO_Toggle_Example.o
 .bss           0x00000000        0x0 ..\obj\GPIO_Toggle_Example.o
 .text.GPIO_Toggle_Example
                0x00000000        0x4 ..\obj\GPIO_Toggle_Example.o
 .text.Delay    0x00000000        0x4 ..\obj\GPIO_Toggle_Example.o
 .debug_info    0x00000000      0x212 ..\obj\GPIO_Toggle_Example.o
 .debug_abbrev  0x00000000       0xe0 ..\obj\GPIO_Toggle_Example.o
 .debug_loc     0x00000000       0x20 ..\obj\GPIO_Toggle_Example.o
 .debug_aranges
                0x00000000       0x28 ..\obj\GPIO_Toggle_Example.o
 .debug_ranges  0x00000000       0x18 ..\obj\GPIO_Toggle_Example.o
 .debug_line    0x00000000      0x2ae ..\obj\GPIO_Toggle_Example.o
 .debug_str     0x00000000      0x34f ..\obj\GPIO_Toggle_Example.o
 .comment       0x00000000       0x71 ..\obj\GPIO_Toggle_Example.o
 .debug_frame   0x00000000       0x30 ..\obj\GPIO_Toggle_Example.o
 .ARM.attributes
                0x00000000       0x39 ..\obj\GPIO_Toggle_Example.o
 COMMON         0x00000000        0x8 ..\obj\GPIO_Toggle_Example.o
 .text          0x00000000        0x0 ..\obj\stm32f30x_rcc.o
 .bss           0x00000000        0x0 ..\obj\stm32f30x_rcc.o
 .text.RCC_DeInit
                0x00000000       0x54 ..\obj\stm32f30x_rcc.o
 .text.RCC_HSEConfig
                0x00000000       0x10 ..\obj\stm32f30x_rcc.o
 .text.RCC_AdjustHSICalibrationValue
                0x00000000       0x14 ..\obj\stm32f30x_rcc.o
 .text.RCC_HSICmd
                0x00000000        0xc ..\obj\stm32f30x_rcc.o
 .text.RCC_LSEConfig
                0x00000000       0x20 ..\obj\stm32f30x_rcc.o
 .text.RCC_LSEDriveConfig
                0x00000000       0x18 ..\obj\stm32f30x_rcc.o
 .text.RCC_LSICmd
                0x00000000        0xc ..\obj\stm32f30x_rcc.o
 .text.RCC_PLLConfig
                0x00000000       0x18 ..\obj\stm32f30x_rcc.o
 .text.RCC_PLLCmd
                0x00000000        0xc ..\obj\stm32f30x_rcc.o
 .text.RCC_PREDIV1Config
                0x00000000       0x14 ..\obj\stm32f30x_rcc.o
 .text.RCC_ClockSecuritySystemCmd
                0x00000000        0xc ..\obj\stm32f30x_rcc.o
 .text.RCC_MCOConfig
                0x00000000        0xc ..\obj\stm32f30x_rcc.o
 .text.RCC_SYSCLKConfig
                0x00000000       0x14 ..\obj\stm32f30x_rcc.o
 .text.RCC_GetSYSCLKSource
                0x00000000       0x10 ..\obj\stm32f30x_rcc.o
 .text.RCC_HCLKConfig
                0x00000000       0x14 ..\obj\stm32f30x_rcc.o
 .text.RCC_PCLK1Config
                0x00000000       0x14 ..\obj\stm32f30x_rcc.o
 .text.RCC_PCLK2Config
                0x00000000       0x14 ..\obj\stm32f30x_rcc.o
 .text.RCC_ADCCLKConfig
                0x00000000       0x20 ..\obj\stm32f30x_rcc.o
 .text.RCC_I2CCLKConfig
                0x00000000       0x20 ..\obj\stm32f30x_rcc.o
 .text.RCC_TIMCLKConfig
                0x00000000       0x20 ..\obj\stm32f30x_rcc.o
 .text.RCC_USARTCLKConfig
                0x00000000       0x5c ..\obj\stm32f30x_rcc.o
 .text.RCC_USBCLKConfig
                0x00000000        0xc ..\obj\stm32f30x_rcc.o
 .text.RCC_RTCCLKConfig
                0x00000000       0x10 ..\obj\stm32f30x_rcc.o
 .text.RCC_I2SCLKConfig
                0x00000000        0xc ..\obj\stm32f30x_rcc.o
 .text.RCC_RTCCLKCmd
                0x00000000        0xc ..\obj\stm32f30x_rcc.o
 .text.RCC_BackupResetCmd
                0x00000000        0xc ..\obj\stm32f30x_rcc.o
 .text.RCC_AHBPeriphResetCmd
                0x00000000       0x18 ..\obj\stm32f30x_rcc.o
 .text.RCC_APB2PeriphResetCmd
                0x00000000       0x18 ..\obj\stm32f30x_rcc.o
 .text.RCC_APB1PeriphResetCmd
                0x00000000       0x18 ..\obj\stm32f30x_rcc.o
 .text.RCC_ITConfig
                0x00000000       0x18 ..\obj\stm32f30x_rcc.o
 .text.RCC_GetFlagStatus
                0x00000000       0x48 ..\obj\stm32f30x_rcc.o
 .text.RCC_WaitForHSEStartUp
                0x00000000       0x34 ..\obj\stm32f30x_rcc.o
 .text.RCC_ClearFlag
                0x00000000       0x10 ..\obj\stm32f30x_rcc.o
 .text.RCC_GetITStatus
                0x00000000       0x14 ..\obj\stm32f30x_rcc.o
 .text.RCC_ClearITPendingBit
                0x00000000        0xc ..\obj\stm32f30x_rcc.o
 .text          0x00000000        0x0 ..\obj\stm32f3_discovery_lsm303dlhc.o
 .bss           0x00000000        0x0 ..\obj\stm32f3_discovery_lsm303dlhc.o
 .text.LSM303DLHC_AccRebootCmd
                0x00000000       0x30 ..\obj\stm32f3_discovery_lsm303dlhc.o
 .text.LSM303DLHC_AccFilterConfig
                0x00000000       0x40 ..\obj\stm32f3_discovery_lsm303dlhc.o
 .text.LSM303DLHC_AccFilterCmd
                0x00000000       0x34 ..\obj\stm32f3_discovery_lsm303dlhc.o
 .text.LSM303DLHC_AccFilterClickCmd
                0x00000000       0x34 ..\obj\stm32f3_discovery_lsm303dlhc.o
 .text.LSM303DLHC_AccIT1Config
                0x00000000       0x40 ..\obj\stm32f3_discovery_lsm303dlhc.o
 .text.LSM303DLHC_AccIT2Config
                0x00000000       0x40 ..\obj\stm32f3_discovery_lsm303dlhc.o
 .text.LSM303DLHC_AccINT1InterruptConfig
                0x00000000       0x40 ..\obj\stm32f3_discovery_lsm303dlhc.o
 .text.LSM303DLHC_AccINT2InterruptConfig
                0x00000000       0x40 ..\obj\stm32f3_discovery_lsm303dlhc.o
 .text.LSM303DLHC_AccClickITConfig
                0x00000000       0x3c ..\obj\stm32f3_discovery_lsm303dlhc.o
 .text.LSM303DLHC_AccGetDataStatus
                0x00000000       0x1c ..\obj\stm32f3_discovery_lsm303dlhc.o
 .text.LSM303DLHC_MagGetDataStatus
                0x00000000       0x1c ..\obj\stm32f3_discovery_lsm303dlhc.o
 .text.LSM303DLHC_TIMEOUT_UserCallback
                0x00000000        0x4 ..\obj\stm32f3_discovery_lsm303dlhc.o
 .text          0x00000000        0x0 ..\obj\TIM_metodar.o
 .data          0x00000000        0x0 ..\obj\TIM_metodar.o
 .bss           0x00000000        0x0 ..\obj\TIM_metodar.o
 .text.PWM_sett_vidde_TIM2_CH2
                0x00000000       0x38 ..\obj\TIM_metodar.o
 .text          0x00000000        0x0 ..\obj\system_stm32f30x.o
 .data          0x00000000       0x14 ..\obj\system_stm32f30x.o
 .bss           0x00000000        0x0 ..\obj\system_stm32f30x.o
 .text.SystemCoreClockUpdate
                0x00000000       0x5c ..\obj\system_stm32f30x.o
 .text          0x00000000        0x0 ..\obj\I2C_metodar.o
 .data          0x00000000        0x0 ..\obj\I2C_metodar.o
 .bss           0x00000000        0x0 ..\obj\I2C_metodar.o
 .debug_line    0x00000000        0x0 ..\obj\I2C_metodar.o
 .debug_str     0x00000000      0x101 ..\obj\I2C_metodar.o
 .comment       0x00000000       0x71 ..\obj\I2C_metodar.o
 .ARM.attributes
                0x00000000       0x39 ..\obj\I2C_metodar.o
 .text          0x00000000        0x0 ..\obj\UART_metodar.o
 .data          0x00000000        0x0 ..\obj\UART_metodar.o
 .bss           0x00000000        0x0 ..\obj\UART_metodar.o
 .text.USART1_Put
                0x00000000       0x1c ..\obj\UART_metodar.o
 .text.USART1_Get
                0x00000000       0x1c ..\obj\UART_metodar.o
 .text.USART1_les
                0x00000000       0x1c ..\obj\UART_metodar.o
 .text.USART1_skriv
                0x00000000       0x1c ..\obj\UART_metodar.o
 .text.USART1_oppstart
                0x00000000       0x54 ..\obj\UART_metodar.o
 .text.USART1_skriv_streng
                0x00000000       0x18 ..\obj\UART_metodar.o
 .text.USART2_Put
                0x00000000       0x1c ..\obj\UART_metodar.o
 .text.USART2_Get
                0x00000000       0x1c ..\obj\UART_metodar.o
 .text.USART2_skriv_streng
                0x00000000       0x18 ..\obj\UART_metodar.o
 .text.USART2_send_tid8_og_data16
                0x00000000       0x64 ..\obj\UART_metodar.o
 .text.USART2_handtering
                0x00000000       0x34 ..\obj\UART_metodar.o
 .text.USART2_handtering1
                0x00000000       0x74 ..\obj\UART_metodar.o
 .text.USART2_handtering2
                0x00000000       0x24 ..\obj\UART_metodar.o
 .text.USART2_handtering3
                0x00000000       0x34 ..\obj\UART_metodar.o
 .text          0x00000000        0x0 ..\obj\stm32f30x_it.o
 .data          0x00000000        0x0 ..\obj\stm32f30x_it.o
 .bss           0x00000000        0x0 ..\obj\stm32f30x_it.o
 .text          0x00000000        0x0 ..\obj\stm32f30x_gpio.o
 .data          0x00000000        0x0 ..\obj\stm32f30x_gpio.o
 .bss           0x00000000        0x0 ..\obj\stm32f30x_gpio.o
 .text.GPIO_DeInit
                0x00000000       0xcc ..\obj\stm32f30x_gpio.o
 .text.GPIO_StructInit
                0x00000000       0x14 ..\obj\stm32f30x_gpio.o
 .text.GPIO_PinLockConfig
                0x00000000       0x10 ..\obj\stm32f30x_gpio.o
 .text.GPIO_ReadInputDataBit
                0x00000000        0xc ..\obj\stm32f30x_gpio.o
 .text.GPIO_ReadInputData
                0x00000000        0x8 ..\obj\stm32f30x_gpio.o
 .text.GPIO_ReadOutputDataBit
                0x00000000        0xc ..\obj\stm32f30x_gpio.o
 .text.GPIO_ReadOutputData
                0x00000000        0x8 ..\obj\stm32f30x_gpio.o
 .text.GPIO_SetBits
                0x00000000        0x4 ..\obj\stm32f30x_gpio.o
 .text.GPIO_ResetBits
                0x00000000        0x4 ..\obj\stm32f30x_gpio.o
 .text.GPIO_WriteBit
                0x00000000        0xc ..\obj\stm32f30x_gpio.o
 .text.GPIO_Write
                0x00000000        0x4 ..\obj\stm32f30x_gpio.o
 .text          0x00000000        0x0 ..\obj\LCD_metodar.o
 .data          0x00000000        0x0 ..\obj\LCD_metodar.o
 .bss           0x00000000        0x0 ..\obj\LCD_metodar.o
 .text.LCD_kommando
                0x00000000       0x54 ..\obj\LCD_metodar.o
 .text.LCD_tekst
                0x00000000       0x5c ..\obj\LCD_metodar.o
 .text.LCD_init
                0x00000000       0xc0 ..\obj\LCD_metodar.o
 .text.LCD_data
                0x00000000       0x54 ..\obj\LCD_metodar.o
 .text.LCD_tal2siff_4
                0x00000000       0x40 ..\obj\LCD_metodar.o
 .text.LCD_skrivesyklus_data
                0x00000000       0x40 ..\obj\LCD_metodar.o
 .text.LCD_skrivesyklus_kommando
                0x00000000       0x40 ..\obj\LCD_metodar.o
 .text.vent_400nsek
                0x00000000       0x1c ..\obj\LCD_metodar.o
 .text.vent_100usek
                0x00000000       0x1c ..\obj\LCD_metodar.o
 .text.vent_400msek
                0x00000000       0x34 ..\obj\LCD_metodar.o
 .rodata.str1.4
                0x00000000       0x18 ..\obj\LCD_metodar.o
 .debug_info    0x00000000      0x63b ..\obj\LCD_metodar.o
 .debug_abbrev  0x00000000      0x1f1 ..\obj\LCD_metodar.o
 .debug_loc     0x00000000      0x110 ..\obj\LCD_metodar.o
 .debug_aranges
                0x00000000       0x68 ..\obj\LCD_metodar.o
 .debug_ranges  0x00000000      0x1a8 ..\obj\LCD_metodar.o
 .debug_line    0x00000000      0x3b0 ..\obj\LCD_metodar.o
 .debug_str     0x00000000      0x314 ..\obj\LCD_metodar.o
 .comment       0x00000000       0x71 ..\obj\LCD_metodar.o
 .debug_frame   0x00000000      0x150 ..\obj\LCD_metodar.o
 .ARM.attributes
                0x00000000       0x39 ..\obj\LCD_metodar.o
 .text          0x00000000        0x0 ..\obj\main.o
 .text          0x00000000        0x0 ..\obj\printf.o
 .data          0x00000000      0x430 ..\obj\printf.o
 .bss           0x00000000        0x0 ..\obj\printf.o
 .text.PrintChar
                0x00000000        0x4 ..\obj\printf.o
 .text.PutChar  0x00000000        0x8 ..\obj\printf.o
 .text.PutString
                0x00000000       0x24 ..\obj\printf.o
 .text.PutUnsignedInt
                0x00000000       0x54 ..\obj\printf.o
 .text.PutSignedInt
                0x00000000       0x9c ..\obj\printf.o
 .text.PutHexa  0x00000000       0x68 ..\obj\printf.o
 .text.vsnprintf
                0x00000000      0x174 ..\obj\printf.o
 .text.snprintf
                0x00000000       0x1c ..\obj\printf.o
 .text.vsprintf
                0x00000000        0xc ..\obj\printf.o
 .text.vfprintf
                0x00000000       0x50 ..\obj\printf.o
 .text.vprintf  0x00000000       0x14 ..\obj\printf.o
 .text.fprintf  0x00000000       0x1c ..\obj\printf.o
 .text.printf   0x00000000       0x28 ..\obj\printf.o
 .text.sprintf  0x00000000       0x20 ..\obj\printf.o
 .text.puts     0x00000000       0x14 ..\obj\printf.o
 .text.fputc    0x00000000       0x1c ..\obj\printf.o
 .text.fputs    0x00000000       0x38 ..\obj\printf.o
 .debug_info    0x00000000     0x1363 ..\obj\printf.o
 .debug_abbrev  0x00000000      0x3bf ..\obj\printf.o
 .debug_loc     0x00000000      0xfef ..\obj\printf.o
 .debug_aranges
                0x00000000       0xa0 ..\obj\printf.o
 .debug_ranges  0x00000000      0x100 ..\obj\printf.o
 .debug_line    0x00000000      0x479 ..\obj\printf.o
 .debug_str     0x00000000      0x6df ..\obj\printf.o
 .comment       0x00000000       0x71 ..\obj\printf.o
 .debug_frame   0x00000000      0x23c ..\obj\printf.o
 .ARM.attributes
                0x00000000       0x39 ..\obj\printf.o
 .text          0x00000000        0x0 ..\obj\avbrots_metodar.o
 .data          0x00000000        0x0 ..\obj\avbrots_metodar.o
 .bss           0x00000000        0x0 ..\obj\avbrots_metodar.o
 .text          0x00000000        0x0 ..\obj\SPI1_metodar.o
 .data          0x00000000        0x0 ..\obj\SPI1_metodar.o
 .bss           0x00000000        0x0 ..\obj\SPI1_metodar.o
 .text.SPI1_SendByte_gyro
                0x00000000       0x4c ..\obj\SPI1_metodar.o
 .text          0x00000000        0x0 ..\obj\GPIO_metodar.o
 .data          0x00000000        0x0 ..\obj\GPIO_metodar.o
 .bss           0x00000000        0x0 ..\obj\GPIO_metodar.o
 .text.GPIO_blink
                0x00000000       0x14 ..\obj\GPIO_metodar.o
 .text.GPIO_lys_av
                0x00000000       0x14 ..\obj\GPIO_metodar.o
 .text.GPIO_lys_paa
                0x00000000       0x14 ..\obj\GPIO_metodar.o
 .text.GPIO_brytaravprelling
                0x00000000       0x74 ..\obj\GPIO_metodar.o
 .text          0x00000000        0x0 ..\obj\stm32f30x_exti.o
 .data          0x00000000        0x0 ..\obj\stm32f30x_exti.o
 .bss           0x00000000        0x0 ..\obj\stm32f30x_exti.o
 .text.EXTI_DeInit
                0x00000000       0x34 ..\obj\stm32f30x_exti.o
 .text.EXTI_StructInit
                0x00000000       0x10 ..\obj\stm32f30x_exti.o
 .text.EXTI_GenerateSWInterrupt
                0x00000000       0x20 ..\obj\stm32f30x_exti.o
 .text.EXTI_GetFlagStatus
                0x00000000       0x20 ..\obj\stm32f30x_exti.o
 .text.EXTI_ClearFlag
                0x00000000       0x18 ..\obj\stm32f30x_exti.o
 .text.EXTI_GetITStatus
                0x00000000       0x28 ..\obj\stm32f30x_exti.o
 .text.EXTI_ClearITPendingBit
                0x00000000       0x18 ..\obj\stm32f30x_exti.o
 .text          0x00000000        0x0 ..\obj\stm32f30x_spi.o
 .data          0x00000000        0x0 ..\obj\stm32f30x_spi.o
 .bss           0x00000000        0x0 ..\obj\stm32f30x_spi.o
 .text.SPI_I2S_DeInit
                0x00000000       0x6c ..\obj\stm32f30x_spi.o
 .text.SPI_StructInit
                0x00000000       0x1c ..\obj\stm32f30x_spi.o
 .text.I2S_StructInit
                0x00000000       0x14 ..\obj\stm32f30x_spi.o
 .text.I2S_Init
                0x00000000       0xa4 ..\obj\stm32f30x_spi.o
 .text.SPI_TIModeCmd
                0x00000000       0x1c ..\obj\stm32f30x_spi.o
 .text.I2S_Cmd  0x00000000       0x1c ..\obj\stm32f30x_spi.o
 .text.SPI_DataSizeConfig
                0x00000000       0x10 ..\obj\stm32f30x_spi.o
 .text.SPI_RxFIFOThresholdConfig
                0x00000000       0x18 ..\obj\stm32f30x_spi.o
 .text.SPI_BiDirectionalLineConfig
                0x00000000       0x20 ..\obj\stm32f30x_spi.o
 .text.SPI_NSSInternalSoftwareConfig
                0x00000000       0x20 ..\obj\stm32f30x_spi.o
 .text.I2S_FullDuplexConfig
                0x00000000       0x48 ..\obj\stm32f30x_spi.o
 .text.SPI_SSOutputCmd
                0x00000000       0x1c ..\obj\stm32f30x_spi.o
 .text.SPI_NSSPulseModeCmd
                0x00000000       0x1c ..\obj\stm32f30x_spi.o
 .text.SPI_I2S_SendData16
                0x00000000        0x4 ..\obj\stm32f30x_spi.o
 .text.SPI_I2S_ReceiveData16
                0x00000000        0x8 ..\obj\stm32f30x_spi.o
 .text.SPI_CRCLengthConfig
                0x00000000       0x18 ..\obj\stm32f30x_spi.o
 .text.SPI_CalculateCRC
                0x00000000       0x1c ..\obj\stm32f30x_spi.o
 .text.SPI_TransmitCRC
                0x00000000        0xc ..\obj\stm32f30x_spi.o
 .text.SPI_GetCRC
                0x00000000        0xc ..\obj\stm32f30x_spi.o
 .text.SPI_GetCRCPolynomial
                0x00000000        0x8 ..\obj\stm32f30x_spi.o
 .text.SPI_I2S_DMACmd
                0x00000000       0x14 ..\obj\stm32f30x_spi.o
 .text.SPI_LastDMATransferCmd
                0x00000000       0x18 ..\obj\stm32f30x_spi.o
 .text.SPI_I2S_ITConfig
                0x00000000       0x20 ..\obj\stm32f30x_spi.o
 .text.SPI_GetTransmissionFIFOStatus
                0x00000000        0x8 ..\obj\stm32f30x_spi.o
 .text.SPI_GetReceptionFIFOStatus
                0x00000000        0x8 ..\obj\stm32f30x_spi.o
 .text.SPI_I2S_GetFlagStatus
                0x00000000        0xc ..\obj\stm32f30x_spi.o
 .text.SPI_I2S_ClearFlag
                0x00000000        0x8 ..\obj\stm32f30x_spi.o
 .text.SPI_I2S_GetITStatus
                0x00000000       0x2c ..\obj\stm32f30x_spi.o
 .text          0x00000000        0x0 ..\obj\stm32f30x_i2c.o
 .data          0x00000000        0x0 ..\obj\stm32f30x_i2c.o
 .bss           0x00000000        0x0 ..\obj\stm32f30x_i2c.o
 .text.I2C_DeInit
                0x00000000       0x3c ..\obj\stm32f30x_i2c.o
 .text.I2C_StructInit
                0x00000000       0x18 ..\obj\stm32f30x_i2c.o
 .text.I2C_SoftwareResetCmd
                0x00000000       0x14 ..\obj\stm32f30x_i2c.o
 .text.I2C_ITConfig
                0x00000000       0x14 ..\obj\stm32f30x_i2c.o
 .text.I2C_StretchClockCmd
                0x00000000       0x14 ..\obj\stm32f30x_i2c.o
 .text.I2C_StopModeCmd
                0x00000000       0x14 ..\obj\stm32f30x_i2c.o
 .text.I2C_DualAddressCmd
                0x00000000       0x14 ..\obj\stm32f30x_i2c.o
 .text.I2C_OwnAddress2Config
                0x00000000       0x1c ..\obj\stm32f30x_i2c.o
 .text.I2C_GeneralCallCmd
                0x00000000       0x14 ..\obj\stm32f30x_i2c.o
 .text.I2C_SlaveByteControlCmd
                0x00000000       0x14 ..\obj\stm32f30x_i2c.o
 .text.I2C_SlaveAddressConfig
                0x00000000       0x14 ..\obj\stm32f30x_i2c.o
 .text.I2C_10BitAddressingModeCmd
                0x00000000       0x14 ..\obj\stm32f30x_i2c.o
 .text.I2C_AutoEndCmd
                0x00000000       0x14 ..\obj\stm32f30x_i2c.o
 .text.I2C_ReloadCmd
                0x00000000       0x14 ..\obj\stm32f30x_i2c.o
 .text.I2C_NumberOfBytesConfig
                0x00000000       0x10 ..\obj\stm32f30x_i2c.o
 .text.I2C_MasterRequestConfig
                0x00000000       0x14 ..\obj\stm32f30x_i2c.o
 .text.I2C_GenerateSTART
                0x00000000       0x14 ..\obj\stm32f30x_i2c.o
 .text.I2C_GenerateSTOP
                0x00000000       0x14 ..\obj\stm32f30x_i2c.o
 .text.I2C_10BitAddressHeaderCmd
                0x00000000       0x14 ..\obj\stm32f30x_i2c.o
 .text.I2C_AcknowledgeConfig
                0x00000000       0x14 ..\obj\stm32f30x_i2c.o
 .text.I2C_GetAddressMatched
                0x00000000        0xc ..\obj\stm32f30x_i2c.o
 .text.I2C_GetTransferDirection
                0x00000000       0x10 ..\obj\stm32f30x_i2c.o
 .text.I2C_SMBusAlertCmd
                0x00000000       0x14 ..\obj\stm32f30x_i2c.o
 .text.I2C_ClockTimeoutCmd
                0x00000000       0x14 ..\obj\stm32f30x_i2c.o
 .text.I2C_ExtendedClockTimeoutCmd
                0x00000000       0x14 ..\obj\stm32f30x_i2c.o
 .text.I2C_IdleClockTimeoutCmd
                0x00000000       0x14 ..\obj\stm32f30x_i2c.o
 .text.I2C_TimeoutAConfig
                0x00000000       0x14 ..\obj\stm32f30x_i2c.o
 .text.I2C_TimeoutBConfig
                0x00000000       0x1c ..\obj\stm32f30x_i2c.o
 .text.I2C_CalculatePEC
                0x00000000       0x14 ..\obj\stm32f30x_i2c.o
 .text.I2C_PECRequestCmd
                0x00000000       0x14 ..\obj\stm32f30x_i2c.o
 .text.I2C_GetPEC
                0x00000000        0x8 ..\obj\stm32f30x_i2c.o
 .text.I2C_ReadRegister
                0x00000000       0x18 ..\obj\stm32f30x_i2c.o
 .text.I2C_DMACmd
                0x00000000       0x14 ..\obj\stm32f30x_i2c.o
 .text.I2C_GetITStatus
                0x00000000       0x28 ..\obj\stm32f30x_i2c.o
 .text.I2C_ClearITPendingBit
                0x00000000        0x4 ..\obj\stm32f30x_i2c.o
 .text          0x00000000        0x0 ..\obj\initialisering.o
 .data          0x00000000        0x0 ..\obj\initialisering.o
 .bss           0x00000000        0x0 ..\obj\initialisering.o
 .text          0x00000000        0x0 ..\obj\LSM303DLHC_metodar.o
 .data          0x00000000        0x0 ..\obj\LSM303DLHC_metodar.o
 .bss           0x00000000        0x0 ..\obj\LSM303DLHC_metodar.o
 .text          0x00000000        0x0 ..\obj\system_stm32f30x_temp.o
 .data          0x00000000       0x14 ..\obj\system_stm32f30x_temp.o
 .bss           0x00000000        0x0 ..\obj\system_stm32f30x_temp.o
 .text.SystemCoreClockUpdate1
                0x00000000       0x60 ..\obj\system_stm32f30x_temp.o
 .text.SetSysClock1
                0x00000000       0xac ..\obj\system_stm32f30x_temp.o
 .text.SystemInit1
                0x00000000       0x70 ..\obj\system_stm32f30x_temp.o
 .debug_info    0x00000000      0x4d3 ..\obj\system_stm32f30x_temp.o
 .debug_abbrev  0x00000000      0x15a ..\obj\system_stm32f30x_temp.o
 .debug_loc     0x00000000      0x109 ..\obj\system_stm32f30x_temp.o
 .debug_aranges
                0x00000000       0x30 ..\obj\system_stm32f30x_temp.o
 .debug_ranges  0x00000000       0x20 ..\obj\system_stm32f30x_temp.o
 .debug_line    0x00000000      0x253 ..\obj\system_stm32f30x_temp.o
 .debug_str     0x00000000      0x35b ..\obj\system_stm32f30x_temp.o
 .comment       0x00000000       0x71 ..\obj\system_stm32f30x_temp.o
 .debug_frame   0x00000000       0x54 ..\obj\system_stm32f30x_temp.o
 .ARM.attributes
                0x00000000       0x39 ..\obj\system_stm32f30x_temp.o
 .text          0x00000000        0x0 ..\obj\syscalls.o
 .data          0x00000000        0x0 ..\obj\syscalls.o
 .bss           0x00000000        0x4 ..\obj\syscalls.o
 .text._sbrk    0x00000000       0x1c ..\obj\syscalls.o
 .text.link     0x00000000        0x8 ..\obj\syscalls.o
 .text._close   0x00000000        0x8 ..\obj\syscalls.o
 .text._fstat   0x00000000        0xc ..\obj\syscalls.o
 .text._isatty  0x00000000        0x4 ..\obj\syscalls.o
 .text._lseek   0x00000000        0x4 ..\obj\syscalls.o
 .text._read    0x00000000        0x4 ..\obj\syscalls.o
 .text._write   0x00000000        0x4 ..\obj\syscalls.o
 .text.abort    0x00000000        0x4 ..\obj\syscalls.o
 .debug_info    0x00000000      0x3ed ..\obj\syscalls.o
 .debug_abbrev  0x00000000       0xf1 ..\obj\syscalls.o
 .debug_loc     0x00000000      0x108 ..\obj\syscalls.o
 .debug_aranges
                0x00000000       0x60 ..\obj\syscalls.o
 .debug_ranges  0x00000000       0x50 ..\obj\syscalls.o
 .debug_line    0x00000000      0x18d ..\obj\syscalls.o
 .debug_str     0x00000000      0x350 ..\obj\syscalls.o
 .comment       0x00000000       0x71 ..\obj\syscalls.o
 .debug_frame   0x00000000       0xa0 ..\obj\syscalls.o
 .ARM.attributes
                0x00000000       0x39 ..\obj\syscalls.o
 .text          0x00000000        0x0 ..\obj\stm32f30x_misc.o
 .data          0x00000000        0x0 ..\obj\stm32f30x_misc.o
 .bss           0x00000000        0x0 ..\obj\stm32f30x_misc.o
 .text.NVIC_PriorityGroupConfig
                0x00000000       0x14 ..\obj\stm32f30x_misc.o
 .text.NVIC_Init
                0x00000000       0x70 ..\obj\stm32f30x_misc.o
 .text.NVIC_SetVectorTable
                0x00000000       0x14 ..\obj\stm32f30x_misc.o
 .text.NVIC_SystemLPConfig
                0x00000000       0x18 ..\obj\stm32f30x_misc.o
 .text.SysTick_CLKSourceConfig
                0x00000000       0x18 ..\obj\stm32f30x_misc.o
 .debug_info    0x00000000      0x543 ..\obj\stm32f30x_misc.o
 .debug_abbrev  0x00000000      0x154 ..\obj\stm32f30x_misc.o
 .debug_loc     0x00000000      0x17b ..\obj\stm32f30x_misc.o
 .debug_aranges
                0x00000000       0x40 ..\obj\stm32f30x_misc.o
 .debug_ranges  0x00000000       0x30 ..\obj\stm32f30x_misc.o
 .debug_line    0x00000000      0x308 ..\obj\stm32f30x_misc.o
 .debug_str     0x00000000      0x41f ..\obj\stm32f30x_misc.o
 .comment       0x00000000       0x71 ..\obj\stm32f30x_misc.o
 .debug_frame   0x00000000       0x74 ..\obj\stm32f30x_misc.o
 .ARM.attributes
                0x00000000       0x39 ..\obj\stm32f30x_misc.o
 .text          0x00000000        0x0 ..\obj\stm32f30x_tim.o
 .data          0x00000000        0x0 ..\obj\stm32f30x_tim.o
 .bss           0x00000000        0x0 ..\obj\stm32f30x_tim.o
 .text.TIM_DeInit
                0x00000000      0x140 ..\obj\stm32f30x_tim.o
 .text.TIM_TimeBaseStructInit
                0x00000000       0x14 ..\obj\stm32f30x_tim.o
 .text.TIM_PrescalerConfig
                0x00000000        0x8 ..\obj\stm32f30x_tim.o
 .text.TIM_CounterModeConfig
                0x00000000       0x10 ..\obj\stm32f30x_tim.o
 .text.TIM_SetCounter
                0x00000000        0x4 ..\obj\stm32f30x_tim.o
 .text.TIM_SetAutoreload
                0x00000000        0x4 ..\obj\stm32f30x_tim.o
 .text.TIM_GetCounter
                0x00000000        0x4 ..\obj\stm32f30x_tim.o
 .text.TIM_GetPrescaler
                0x00000000        0x8 ..\obj\stm32f30x_tim.o
 .text.TIM_UpdateDisableConfig
                0x00000000       0x1c ..\obj\stm32f30x_tim.o
 .text.TIM_UpdateRequestConfig
                0x00000000       0x1c ..\obj\stm32f30x_tim.o
 .text.TIM_UIFRemap
                0x00000000       0x1c ..\obj\stm32f30x_tim.o
 .text.TIM_ARRPreloadConfig
                0x00000000       0x1c ..\obj\stm32f30x_tim.o
 .text.TIM_SelectOnePulseMode
                0x00000000       0x18 ..\obj\stm32f30x_tim.o
 .text.TIM_SetClockDivision
                0x00000000       0x18 ..\obj\stm32f30x_tim.o
 .text.TIM_OC1Init
                0x00000000       0x90 ..\obj\stm32f30x_tim.o
 .text.TIM_OC3Init
                0x00000000       0x70 ..\obj\stm32f30x_tim.o
 .text.TIM_OC4Init
                0x00000000       0x58 ..\obj\stm32f30x_tim.o
 .text.TIM_OC5Init
                0x00000000       0x58 ..\obj\stm32f30x_tim.o
 .text.TIM_OC6Init
                0x00000000       0x54 ..\obj\stm32f30x_tim.o
 .text.TIM_SelectGC5C1
                0x00000000       0x14 ..\obj\stm32f30x_tim.o
 .text.TIM_SelectGC5C2
                0x00000000       0x14 ..\obj\stm32f30x_tim.o
 .text.TIM_SelectGC5C3
                0x00000000       0x14 ..\obj\stm32f30x_tim.o
 .text.TIM_OCStructInit
                0x00000000       0x14 ..\obj\stm32f30x_tim.o
 .text.TIM_SelectOCxM
                0x00000000       0x54 ..\obj\stm32f30x_tim.o
 .text.TIM_SetCompare1
                0x00000000        0x4 ..\obj\stm32f30x_tim.o
 .text.TIM_SetCompare2
                0x00000000        0x4 ..\obj\stm32f30x_tim.o
 .text.TIM_SetCompare3
                0x00000000        0x4 ..\obj\stm32f30x_tim.o
 .text.TIM_SetCompare4
                0x00000000        0x4 ..\obj\stm32f30x_tim.o
 .text.TIM_SetCompare5
                0x00000000        0x4 ..\obj\stm32f30x_tim.o
 .text.TIM_SetCompare6
                0x00000000        0x4 ..\obj\stm32f30x_tim.o
 .text.TIM_ForcedOC1Config
                0x00000000       0x10 ..\obj\stm32f30x_tim.o
 .text.TIM_ForcedOC2Config
                0x00000000       0x14 ..\obj\stm32f30x_tim.o
 .text.TIM_ForcedOC3Config
                0x00000000        0xc ..\obj\stm32f30x_tim.o
 .text.TIM_ForcedOC4Config
                0x00000000       0x10 ..\obj\stm32f30x_tim.o
 .text.TIM_ForcedOC5Config
                0x00000000        0xc ..\obj\stm32f30x_tim.o
 .text.TIM_ForcedOC6Config
                0x00000000       0x10 ..\obj\stm32f30x_tim.o
 .text.TIM_OC1PreloadConfig
                0x00000000        0xc ..\obj\stm32f30x_tim.o
 .text.TIM_OC2PreloadConfig
                0x00000000       0x10 ..\obj\stm32f30x_tim.o
 .text.TIM_OC3PreloadConfig
                0x00000000        0xc ..\obj\stm32f30x_tim.o
 .text.TIM_OC4PreloadConfig
                0x00000000       0x10 ..\obj\stm32f30x_tim.o
 .text.TIM_OC5PreloadConfig
                0x00000000        0xc ..\obj\stm32f30x_tim.o
 .text.TIM_OC6PreloadConfig
                0x00000000       0x10 ..\obj\stm32f30x_tim.o
 .text.TIM_OC1FastConfig
                0x00000000        0xc ..\obj\stm32f30x_tim.o
 .text.TIM_OC2FastConfig
                0x00000000       0x10 ..\obj\stm32f30x_tim.o
 .text.TIM_OC3FastConfig
                0x00000000        0xc ..\obj\stm32f30x_tim.o
 .text.TIM_OC4FastConfig
                0x00000000       0x10 ..\obj\stm32f30x_tim.o
 .text.TIM_ClearOC1Ref
                0x00000000        0xc ..\obj\stm32f30x_tim.o
 .text.TIM_ClearOC2Ref
                0x00000000       0x10 ..\obj\stm32f30x_tim.o
 .text.TIM_ClearOC3Ref
                0x00000000        0xc ..\obj\stm32f30x_tim.o
 .text.TIM_ClearOC4Ref
                0x00000000       0x10 ..\obj\stm32f30x_tim.o
 .text.TIM_ClearOC5Ref
                0x00000000        0xc ..\obj\stm32f30x_tim.o
 .text.TIM_ClearOC6Ref
                0x00000000       0x10 ..\obj\stm32f30x_tim.o
 .text.TIM_SelectOCREFClear
                0x00000000       0x14 ..\obj\stm32f30x_tim.o
 .text.TIM_OC1PolarityConfig
                0x00000000        0xc ..\obj\stm32f30x_tim.o
 .text.TIM_OC1NPolarityConfig
                0x00000000        0xc ..\obj\stm32f30x_tim.o
 .text.TIM_OC2PolarityConfig
                0x00000000       0x10 ..\obj\stm32f30x_tim.o
 .text.TIM_OC2NPolarityConfig
                0x00000000       0x10 ..\obj\stm32f30x_tim.o
 .text.TIM_OC3PolarityConfig
                0x00000000       0x10 ..\obj\stm32f30x_tim.o
 .text.TIM_OC3NPolarityConfig
                0x00000000       0x10 ..\obj\stm32f30x_tim.o
 .text.TIM_OC4PolarityConfig
                0x00000000       0x10 ..\obj\stm32f30x_tim.o
 .text.TIM_OC5PolarityConfig
                0x00000000       0x10 ..\obj\stm32f30x_tim.o
 .text.TIM_OC6PolarityConfig
                0x00000000       0x10 ..\obj\stm32f30x_tim.o
 .text.TIM_CCxCmd
                0x00000000       0x1c ..\obj\stm32f30x_tim.o
 .text.TIM_CCxNCmd
                0x00000000       0x1c ..\obj\stm32f30x_tim.o
 .text.TIM_ICInit
                0x00000000      0x12c ..\obj\stm32f30x_tim.o
 .text.TIM_ICStructInit
                0x00000000       0x10 ..\obj\stm32f30x_tim.o
 .text.TIM_PWMIConfig
                0x00000000      0x114 ..\obj\stm32f30x_tim.o
 .text.TIM_GetCapture1
                0x00000000        0x4 ..\obj\stm32f30x_tim.o
 .text.TIM_GetCapture2
                0x00000000        0x4 ..\obj\stm32f30x_tim.o
 .text.TIM_GetCapture3
                0x00000000        0x4 ..\obj\stm32f30x_tim.o
 .text.TIM_GetCapture4
                0x00000000        0x4 ..\obj\stm32f30x_tim.o
 .text.TIM_SetIC1Prescaler
                0x00000000       0x10 ..\obj\stm32f30x_tim.o
 .text.TIM_SetIC2Prescaler
                0x00000000       0x14 ..\obj\stm32f30x_tim.o
 .text.TIM_SetIC3Prescaler
                0x00000000       0x14 ..\obj\stm32f30x_tim.o
 .text.TIM_SetIC4Prescaler
                0x00000000       0x18 ..\obj\stm32f30x_tim.o
 .text.TIM_BDTRConfig
                0x00000000       0x28 ..\obj\stm32f30x_tim.o
 .text.TIM_Break1Config
                0x00000000       0x14 ..\obj\stm32f30x_tim.o
 .text.TIM_Break2Config
                0x00000000       0x14 ..\obj\stm32f30x_tim.o
 .text.TIM_Break1Cmd
                0x00000000       0x14 ..\obj\stm32f30x_tim.o
 .text.TIM_Break2Cmd
                0x00000000       0x14 ..\obj\stm32f30x_tim.o
 .text.TIM_BDTRStructInit
                0x00000000       0x14 ..\obj\stm32f30x_tim.o
 .text.TIM_CtrlPWMOutputs
                0x00000000       0x14 ..\obj\stm32f30x_tim.o
 .text.TIM_SelectCOM
                0x00000000       0x18 ..\obj\stm32f30x_tim.o
 .text.TIM_CCPreloadControl
                0x00000000       0x18 ..\obj\stm32f30x_tim.o
 .text.TIM_ITConfig
                0x00000000       0x18 ..\obj\stm32f30x_tim.o
 .text.TIM_GenerateEvent
                0x00000000        0x4 ..\obj\stm32f30x_tim.o
 .text.TIM_GetFlagStatus
                0x00000000        0xc ..\obj\stm32f30x_tim.o
 .text.TIM_ClearFlag
                0x00000000        0x8 ..\obj\stm32f30x_tim.o
 .text.TIM_GetITStatus
                0x00000000       0x14 ..\obj\stm32f30x_tim.o
 .text.TIM_ClearITPendingBit
                0x00000000        0x8 ..\obj\stm32f30x_tim.o
 .text.TIM_DMAConfig
                0x00000000        0x8 ..\obj\stm32f30x_tim.o
 .text.TIM_DMACmd
                0x00000000       0x18 ..\obj\stm32f30x_tim.o
 .text.TIM_SelectCCDMA
                0x00000000       0x18 ..\obj\stm32f30x_tim.o
 .text.TIM_InternalClockConfig
                0x00000000        0xc ..\obj\stm32f30x_tim.o
 .text.TIM_ITRxExternalClockConfig
                0x00000000       0x18 ..\obj\stm32f30x_tim.o
 .text.TIM_TIxExternalClockConfig
                0x00000000       0x74 ..\obj\stm32f30x_tim.o
 .text.TIM_ETRClockMode1Config
                0x00000000       0x28 ..\obj\stm32f30x_tim.o
 .text.TIM_ETRClockMode2Config
                0x00000000       0x20 ..\obj\stm32f30x_tim.o
 .text.TIM_SelectInputTrigger
                0x00000000       0x10 ..\obj\stm32f30x_tim.o
 .text.TIM_SelectOutputTrigger
                0x00000000       0x14 ..\obj\stm32f30x_tim.o
 .text.TIM_SelectOutputTrigger2
                0x00000000       0x10 ..\obj\stm32f30x_tim.o
 .text.TIM_SelectSlaveMode
                0x00000000       0x14 ..\obj\stm32f30x_tim.o
 .text.TIM_SelectMasterSlaveMode
                0x00000000       0x14 ..\obj\stm32f30x_tim.o
 .text.TIM_ETRConfig
                0x00000000       0x18 ..\obj\stm32f30x_tim.o
 .text.TIM_EncoderInterfaceConfig
                0x00000000       0x38 ..\obj\stm32f30x_tim.o
 .text.TIM_SelectHallSensor
                0x00000000       0x18 ..\obj\stm32f30x_tim.o
 .text.TIM_RemapConfig
                0x00000000        0x8 ..\obj\stm32f30x_tim.o
 .text          0x00000000        0x0 ..\obj\stm32f3_discovery_l3gd20.o
 .data          0x00000000        0x4 ..\obj\stm32f3_discovery_l3gd20.o
 .bss           0x00000000        0x0 ..\obj\stm32f3_discovery_l3gd20.o
 .text.L3GD20_SendByte
                0x00000000       0x60 ..\obj\stm32f3_discovery_l3gd20.o
 .text.L3GD20_Write
                0x00000000       0x54 ..\obj\stm32f3_discovery_l3gd20.o
 .text.L3GD20_Init
                0x00000000      0x1b8 ..\obj\stm32f3_discovery_l3gd20.o
 .text.L3GD20_Read
                0x00000000       0x58 ..\obj\stm32f3_discovery_l3gd20.o
 .text.L3GD20_RebootCmd
                0x00000000       0x30 ..\obj\stm32f3_discovery_l3gd20.o
 .text.L3GD20_INT1InterruptConfig
                0x00000000       0x68 ..\obj\stm32f3_discovery_l3gd20.o
 .text.L3GD20_INT1InterruptCmd
                0x00000000       0x30 ..\obj\stm32f3_discovery_l3gd20.o
 .text.L3GD20_INT2InterruptCmd
                0x00000000       0x30 ..\obj\stm32f3_discovery_l3gd20.o
 .text.L3GD20_FilterConfig
                0x00000000       0x38 ..\obj\stm32f3_discovery_l3gd20.o
 .text.L3GD20_FilterCmd
                0x00000000       0x30 ..\obj\stm32f3_discovery_l3gd20.o
 .text.L3GD20_GetDataStatus
                0x00000000       0x1c ..\obj\stm32f3_discovery_l3gd20.o
 .debug_info    0x00000000      0xec7 ..\obj\stm32f3_discovery_l3gd20.o
 .debug_abbrev  0x00000000      0x2a8 ..\obj\stm32f3_discovery_l3gd20.o
 .debug_loc     0x00000000      0x2a0 ..\obj\stm32f3_discovery_l3gd20.o
 .debug_aranges
                0x00000000       0x70 ..\obj\stm32f3_discovery_l3gd20.o
 .debug_ranges  0x00000000       0x90 ..\obj\stm32f3_discovery_l3gd20.o
 .debug_line    0x00000000      0x48c ..\obj\stm32f3_discovery_l3gd20.o
 .debug_str     0x00000000      0x882 ..\obj\stm32f3_discovery_l3gd20.o
 .comment       0x00000000       0x71 ..\obj\stm32f3_discovery_l3gd20.o
 .debug_frame   0x00000000      0x18c ..\obj\stm32f3_discovery_l3gd20.o
 .ARM.attributes
                0x00000000       0x39 ..\obj\stm32f3_discovery_l3gd20.o
 .text          0x00000000       0x14 ..\obj\startup_stm32f30x.o
 .data          0x00000000        0x0 ..\obj\startup_stm32f30x.o
 .bss           0x00000000        0x0 ..\obj\startup_stm32f30x.o
 .text          0x00000000        0x0 ..\obj\stm32f30x_syscfg.o
 .data          0x00000000        0x0 ..\obj\stm32f30x_syscfg.o
 .bss           0x00000000        0x0 ..\obj\stm32f30x_syscfg.o
 .text.SYSCFG_DeInit
                0x00000000       0x28 ..\obj\stm32f30x_syscfg.o
 .text.SYSCFG_MemoryRemapConfig
                0x00000000       0x14 ..\obj\stm32f30x_syscfg.o
 .text.SYSCFG_DMAChannelRemapConfig
                0x00000000       0x18 ..\obj\stm32f30x_syscfg.o
 .text.SYSCFG_TriggerRemapConfig
                0x00000000       0x18 ..\obj\stm32f30x_syscfg.o
 .text.SYSCFG_EncoderRemapConfig
                0x00000000       0x18 ..\obj\stm32f30x_syscfg.o
 .text.SYSCFG_USBInterruptLineRemapCmd
                0x00000000        0xc ..\obj\stm32f30x_syscfg.o
 .text.SYSCFG_I2CFastModePlusConfig
                0x00000000       0x18 ..\obj\stm32f30x_syscfg.o
 .text.SYSCFG_ITConfig
                0x00000000       0x18 ..\obj\stm32f30x_syscfg.o
 .text.SYSCFG_BreakConfig
                0x00000000       0x10 ..\obj\stm32f30x_syscfg.o
 .text.SYSCFG_BypassParityCheckDisable
                0x00000000        0xc ..\obj\stm32f30x_syscfg.o
 .text.SYSCFG_SRAMWRPEnable
                0x00000000       0x10 ..\obj\stm32f30x_syscfg.o
 .text.SYSCFG_GetFlagStatus
                0x00000000       0x10 ..\obj\stm32f30x_syscfg.o
 .text.SYSCFG_ClearFlag
                0x00000000       0x10 ..\obj\stm32f30x_syscfg.o
 .text          0x00000000        0x0 ..\obj\SPI2_metodar.o
 .data          0x00000000        0x0 ..\obj\SPI2_metodar.o
 .bss           0x00000000        0x0 ..\obj\SPI2_metodar.o
 .text.SPI2_SendByte_Sokkel1
                0x00000000       0x4c ..\obj\SPI2_metodar.o
 .text.Exp_click_sokkel1_skriv_til_AB
                0x00000000       0x60 ..\obj\SPI2_metodar.o
 .text          0x00000000        0x0 ..\obj\LINMOT_metodar.o
 .data          0x00000000        0x0 ..\obj\LINMOT_metodar.o
 .bss           0x00000000        0x0 ..\obj\LINMOT_metodar.o
 .text.LinMot_oppstart
                0x00000000       0x3c ..\obj\LINMOT_metodar.o
 .text.LinMot_bytt_retning
                0x00000000       0x14 ..\obj\LINMOT_metodar.o
 .debug_info    0x00000000      0x359 ..\obj\LINMOT_metodar.o
 .debug_abbrev  0x00000000      0x15e ..\obj\LINMOT_metodar.o
 .debug_aranges
                0x00000000       0x28 ..\obj\LINMOT_metodar.o
 .debug_ranges  0x00000000       0x18 ..\obj\LINMOT_metodar.o
 .debug_line    0x00000000      0x2c5 ..\obj\LINMOT_metodar.o
 .debug_str     0x00000000      0x3e9 ..\obj\LINMOT_metodar.o
 .comment       0x00000000       0x71 ..\obj\LINMOT_metodar.o
 .debug_frame   0x00000000       0x40 ..\obj\LINMOT_metodar.o
 .ARM.attributes
                0x00000000       0x39 ..\obj\LINMOT_metodar.o
 .text          0x00000000        0x0 ..\obj\stm32f30x_can.o
 .data          0x00000000        0x0 ..\obj\stm32f30x_can.o
 .bss           0x00000000        0x0 ..\obj\stm32f30x_can.o
 .text.CAN_DeInit
                0x00000000       0x1c ..\obj\stm32f30x_can.o
 .text.CAN_Init
                0x00000000      0x118 ..\obj\stm32f30x_can.o
 .text.CAN_FilterInit
                0x00000000       0xf8 ..\obj\stm32f30x_can.o
 .text.CAN_StructInit
                0x00000000       0x28 ..\obj\stm32f30x_can.o
 .text.CAN_SlaveStartBank
                0x00000000       0x3c ..\obj\stm32f30x_can.o
 .text.CAN_DBGFreeze
                0x00000000       0x14 ..\obj\stm32f30x_can.o
 .text.CAN_TTComModeCmd
                0x00000000       0x5c ..\obj\stm32f30x_can.o
 .text.CAN_Transmit
                0x00000000       0xd0 ..\obj\stm32f30x_can.o
 .text.CAN_TransmitStatus
                0x00000000       0x50 ..\obj\stm32f30x_can.o
 .text.CAN_CancelTransmit
                0x00000000       0x2c ..\obj\stm32f30x_can.o
 .text.CAN_Receive
                0x00000000       0xa4 ..\obj\stm32f30x_can.o
 .text.CAN_FIFORelease
                0x00000000       0x18 ..\obj\stm32f30x_can.o
 .text.CAN_MessagePending
                0x00000000       0x18 ..\obj\stm32f30x_can.o
 .text.CAN_OperatingModeRequest
                0x00000000       0xb4 ..\obj\stm32f30x_can.o
 .text.CAN_Sleep
                0x00000000       0x20 ..\obj\stm32f30x_can.o
 .text.CAN_WakeUp
                0x00000000       0x2c ..\obj\stm32f30x_can.o
 .text.CAN_GetLastErrorCode
                0x00000000        0x8 ..\obj\stm32f30x_can.o
 .text.CAN_GetReceiveErrorCounter
                0x00000000        0x8 ..\obj\stm32f30x_can.o
 .text.CAN_GetLSBTransmitErrorCounter
                0x00000000        0x8 ..\obj\stm32f30x_can.o
 .text.CAN_ITConfig
                0x00000000       0x14 ..\obj\stm32f30x_can.o
 .text.CAN_GetFlagStatus
                0x00000000       0x54 ..\obj\stm32f30x_can.o
 .text.CAN_ClearFlag
                0x00000000       0x30 ..\obj\stm32f30x_can.o
 .text.CAN_GetITStatus
                0x00000000       0xe4 ..\obj\stm32f30x_can.o
 .text.CAN_ClearITPendingBit
                0x00000000       0x8c ..\obj\stm32f30x_can.o
 .debug_info    0x00000000      0xc7a ..\obj\stm32f30x_can.o
 .debug_abbrev  0x00000000      0x29a ..\obj\stm32f30x_can.o
 .debug_loc     0x00000000      0x961 ..\obj\stm32f30x_can.o
 .debug_aranges
                0x00000000       0xd8 ..\obj\stm32f30x_can.o
 .debug_ranges  0x00000000      0x150 ..\obj\stm32f30x_can.o
 .debug_line    0x00000000      0x695 ..\obj\stm32f30x_can.o
 .debug_str     0x00000000      0x79c ..\obj\stm32f30x_can.o
 .comment       0x00000000       0x71 ..\obj\stm32f30x_can.o
 .debug_frame   0x00000000      0x1fc ..\obj\stm32f30x_can.o
 .ARM.attributes
                0x00000000       0x39 ..\obj\stm32f30x_can.o
 .text          0x00000000        0x0 ..\obj\stm32f3_discovery.o
 .data          0x00000000       0x24 ..\obj\stm32f3_discovery.o
 .bss           0x00000000        0x0 ..\obj\stm32f3_discovery.o
 .text.STM_EVAL_LEDInit
                0x00000000       0x48 ..\obj\stm32f3_discovery.o
 .text.STM_EVAL_LEDOn
                0x00000000       0x1c ..\obj\stm32f3_discovery.o
 .text.STM_EVAL_LEDOff
                0x00000000       0x1c ..\obj\stm32f3_discovery.o
 .text.STM_EVAL_LEDToggle
                0x00000000       0x20 ..\obj\stm32f3_discovery.o
 .text.STM_EVAL_PBInit
                0x00000000       0x80 ..\obj\stm32f3_discovery.o
 .text.STM_EVAL_PBGetState
                0x00000000       0x18 ..\obj\stm32f3_discovery.o
 .rodata        0x00000000       0x48 ..\obj\stm32f3_discovery.o
 .debug_info    0x00000000      0x9c4 ..\obj\stm32f3_discovery.o
 .debug_abbrev  0x00000000      0x1eb ..\obj\stm32f3_discovery.o
 .debug_loc     0x00000000       0xa5 ..\obj\stm32f3_discovery.o
 .debug_aranges
                0x00000000       0x48 ..\obj\stm32f3_discovery.o
 .debug_ranges  0x00000000       0x38 ..\obj\stm32f3_discovery.o
 .debug_line    0x00000000      0x394 ..\obj\stm32f3_discovery.o
 .debug_str     0x00000000      0xb4b ..\obj\stm32f3_discovery.o
 .comment       0x00000000       0x71 ..\obj\stm32f3_discovery.o
 .debug_frame   0x00000000       0xa0 ..\obj\stm32f3_discovery.o
 .ARM.attributes
                0x00000000       0x39 ..\obj\stm32f3_discovery.o
 .text          0x00000000        0x0 ..\obj\stm32f30x_usart.o
 .data          0x00000000        0x0 ..\obj\stm32f30x_usart.o
 .bss           0x00000000        0x0 ..\obj\stm32f30x_usart.o
 .text.USART_DeInit
                0x00000000       0xb0 ..\obj\stm32f30x_usart.o
 .text.USART_StructInit
                0x00000000       0x18 ..\obj\stm32f30x_usart.o
 .text.USART_DirectionModeCmd
                0x00000000       0x14 ..\obj\stm32f30x_usart.o
 .text.USART_OverSampling8Cmd
                0x00000000       0x14 ..\obj\stm32f30x_usart.o
 .text.USART_OneBitMethodCmd
                0x00000000       0x14 ..\obj\stm32f30x_usart.o
 .text.USART_MSBFirstCmd
                0x00000000       0x14 ..\obj\stm32f30x_usart.o
 .text.USART_DataInvCmd
                0x00000000       0x14 ..\obj\stm32f30x_usart.o
 .text.USART_InvPinCmd
                0x00000000       0x14 ..\obj\stm32f30x_usart.o
 .text.USART_SWAPPinCmd
                0x00000000       0x14 ..\obj\stm32f30x_usart.o
 .text.USART_ReceiverTimeOutCmd
                0x00000000       0x14 ..\obj\stm32f30x_usart.o
 .text.USART_SetReceiverTimeOut
                0x00000000       0x10 ..\obj\stm32f30x_usart.o
 .text.USART_SetPrescaler
                0x00000000       0x14 ..\obj\stm32f30x_usart.o
 .text.USART_STOPModeCmd
                0x00000000       0x14 ..\obj\stm32f30x_usart.o
 .text.USART_StopModeWakeUpSourceConfig
                0x00000000       0x10 ..\obj\stm32f30x_usart.o
 .text.USART_AutoBaudRateCmd
                0x00000000       0x14 ..\obj\stm32f30x_usart.o
 .text.USART_AutoBaudRateConfig
                0x00000000       0x10 ..\obj\stm32f30x_usart.o
 .text.USART_SetAddress
                0x00000000       0x14 ..\obj\stm32f30x_usart.o
 .text.USART_MuteModeCmd
                0x00000000       0x14 ..\obj\stm32f30x_usart.o
 .text.USART_MuteModeWakeUpConfig
                0x00000000       0x10 ..\obj\stm32f30x_usart.o
 .text.USART_AddressDetectionConfig
                0x00000000       0x10 ..\obj\stm32f30x_usart.o
 .text.USART_LINBreakDetectLengthConfig
                0x00000000       0x10 ..\obj\stm32f30x_usart.o
 .text.USART_LINCmd
                0x00000000       0x14 ..\obj\stm32f30x_usart.o
 .text.USART_HalfDuplexCmd
                0x00000000       0x14 ..\obj\stm32f30x_usart.o
 .text.USART_SetGuardTime
                0x00000000       0x14 ..\obj\stm32f30x_usart.o
 .text.USART_SmartCardCmd
                0x00000000       0x14 ..\obj\stm32f30x_usart.o
 .text.USART_SmartCardNACKCmd
                0x00000000       0x14 ..\obj\stm32f30x_usart.o
 .text.USART_SetAutoRetryCount
                0x00000000       0x14 ..\obj\stm32f30x_usart.o
 .text.USART_SetBlockLength
                0x00000000       0x14 ..\obj\stm32f30x_usart.o
 .text.USART_IrDAConfig
                0x00000000       0x10 ..\obj\stm32f30x_usart.o
 .text.USART_IrDACmd
                0x00000000       0x14 ..\obj\stm32f30x_usart.o
 .text.USART_DECmd
                0x00000000       0x14 ..\obj\stm32f30x_usart.o
 .text.USART_DEPolarityConfig
                0x00000000       0x10 ..\obj\stm32f30x_usart.o
 .text.USART_SetDEAssertionTime
                0x00000000       0x14 ..\obj\stm32f30x_usart.o
 .text.USART_SetDEDeassertionTime
                0x00000000       0x14 ..\obj\stm32f30x_usart.o
 .text.USART_DMACmd
                0x00000000       0x14 ..\obj\stm32f30x_usart.o
 .text.USART_DMAReceptionErrorConfig
                0x00000000       0x10 ..\obj\stm32f30x_usart.o
 .text.USART_ITConfig
                0x00000000       0x38 ..\obj\stm32f30x_usart.o
 .text.USART_RequestCmd
                0x00000000       0x18 ..\obj\stm32f30x_usart.o
 .text.USART_OverrunDetectionConfig
                0x00000000       0x10 ..\obj\stm32f30x_usart.o
 .text.USART_ClearFlag
                0x00000000        0x4 ..\obj\stm32f30x_usart.o
 .text.USART_GetITStatus
                0x00000000       0x44 ..\obj\stm32f30x_usart.o
 .text.USART_ClearITPendingBit
                0x00000000        0xc ..\obj\stm32f30x_usart.o

Memory Configuration

Name             Origin             Length             Attributes
rom              0x08000000         0x00040000         xr
ram              0x20000000         0x0000a000         xrw
ram1             0x10000000         0x00002000         xrw
*default*        0x00000000         0xffffffff

Linker script and memory map

                0x2000a000                _eram = 0x2000a000

.text           0x08000000     0x18ac
 *(.isr_vector)
 .isr_vector    0x08000000      0x188 ..\obj\startup_stm32f30x.o
                0x08000000                g_pfnVectors
 *(.text*)
 .text.RCC_GetClocksFreq
                0x08000188      0x28c ..\obj\stm32f30x_rcc.o
                0x08000188                RCC_GetClocksFreq
 .text.RCC_AHBPeriphClockCmd
                0x08000414       0x18 ..\obj\stm32f30x_rcc.o
                0x08000414                RCC_AHBPeriphClockCmd
 .text.RCC_APB2PeriphClockCmd
                0x0800042c       0x18 ..\obj\stm32f30x_rcc.o
                0x0800042c                RCC_APB2PeriphClockCmd
 .text.RCC_APB1PeriphClockCmd
                0x08000444       0x18 ..\obj\stm32f30x_rcc.o
                0x08000444                RCC_APB1PeriphClockCmd
 .text.LSM303DLHC_LowLevel_Init
                0x0800045c      0x124 ..\obj\stm32f3_discovery_lsm303dlhc.o
 .text.LSM303DLHC_Write
                0x08000580       0xf8 ..\obj\stm32f3_discovery_lsm303dlhc.o
                0x08000580                LSM303DLHC_Write
 .text.LSM303DLHC_AccInit
                0x08000678       0x64 ..\obj\stm32f3_discovery_lsm303dlhc.o
                0x08000678                LSM303DLHC_AccInit
 .text.LSM303DLHC_MagInit
                0x080006dc       0x70 ..\obj\stm32f3_discovery_lsm303dlhc.o
                0x080006dc                LSM303DLHC_MagInit
 .text.LSM303DLHC_Read
                0x0800074c      0x118 ..\obj\stm32f3_discovery_lsm303dlhc.o
                0x0800074c                LSM303DLHC_Read
 .text.TIM_oppstart
                0x08000864       0x98 ..\obj\TIM_metodar.o
                0x08000864                TIM_oppstart
 .text.SystemInit
                0x080008fc      0x110 ..\obj\system_stm32f30x.o
                0x080008fc                SystemInit
 .text.USART2_les
                0x08000a0c       0x1c ..\obj\UART_metodar.o
                0x08000a0c                USART2_les
 .text.USART2_skriv
                0x08000a28       0x1c ..\obj\UART_metodar.o
                0x08000a28                USART2_skriv
 .text.USART2_oppstart
                0x08000a44       0xb4 ..\obj\UART_metodar.o
                0x08000a44                USART2_oppstart
 .text.USART2_send_tid8_og_data16x3
                0x08000af8       0xe0 ..\obj\UART_metodar.o
                0x08000af8                USART2_send_tid8_og_data16x3
 .text.NMI_Handler
                0x08000bd8        0x4 ..\obj\stm32f30x_it.o
                0x08000bd8                NMI_Handler
 .text.HardFault_Handler
                0x08000bdc        0x4 ..\obj\stm32f30x_it.o
                0x08000bdc                HardFault_Handler
 .text.MemManage_Handler
                0x08000be0        0x4 ..\obj\stm32f30x_it.o
                0x08000be0                MemManage_Handler
 .text.BusFault_Handler
                0x08000be4        0x4 ..\obj\stm32f30x_it.o
                0x08000be4                BusFault_Handler
 .text.UsageFault_Handler
                0x08000be8        0x4 ..\obj\stm32f30x_it.o
                0x08000be8                UsageFault_Handler
 .text.SVC_Handler
                0x08000bec        0x4 ..\obj\stm32f30x_it.o
                0x08000bec                SVC_Handler
 .text.DebugMon_Handler
                0x08000bf0        0x4 ..\obj\stm32f30x_it.o
                0x08000bf0                DebugMon_Handler
 .text.PendSV_Handler
                0x08000bf4        0x4 ..\obj\stm32f30x_it.o
                0x08000bf4                PendSV_Handler
 .text.GPIO_Init
                0x08000bf8       0xbc ..\obj\stm32f30x_gpio.o
                0x08000bf8                GPIO_Init
 .text.GPIO_PinAFConfig
                0x08000cb4       0x28 ..\obj\stm32f30x_gpio.o
                0x08000cb4                GPIO_PinAFConfig
 .text.startup.main
                0x08000cdc      0x198 ..\obj\main.o
                0x08000cdc                main
 .text.avbrot_oppstart
                0x08000e74        0x8 ..\obj\avbrots_metodar.o
                0x08000e74                avbrot_oppstart
 .text.SysTick_oppstart
                0x08000e7c       0x2c ..\obj\avbrots_metodar.o
                0x08000e7c                SysTick_oppstart
 .text.SysTick_Handler
                0x08000ea8       0xc4 ..\obj\avbrots_metodar.o
                0x08000ea8                SysTick_Handler
 .text.SPI1_oppstart
                0x08000f6c       0xe0 ..\obj\SPI1_metodar.o
                0x08000f6c                SPI1_oppstart
 .text.gyro_oppstart
                0x0800104c       0x68 ..\obj\SPI1_metodar.o
                0x0800104c                gyro_oppstart
 .text.GPIO_oppstart
                0x080010b4       0x80 ..\obj\GPIO_metodar.o
                0x080010b4                GPIO_oppstart
 .text.GPIO_sett_kompassmoenster
                0x08001134       0x10 ..\obj\GPIO_metodar.o
                0x08001134                GPIO_sett_kompassmoenster
 .text.GPIO_sjekk_brytar
                0x08001144       0x2c ..\obj\GPIO_metodar.o
                0x08001144                GPIO_sjekk_brytar
 .text.EXTI_Init
                0x08001170      0x114 ..\obj\stm32f30x_exti.o
                0x08001170                EXTI_Init
 .text.SPI_Init
                0x08001284       0xa0 ..\obj\stm32f30x_spi.o
                0x08001284                SPI_Init
 .text.SPI_Cmd  0x08001324       0x1c ..\obj\stm32f30x_spi.o
                0x08001324                SPI_Cmd
 .text.SPI_SendData8
                0x08001340        0x4 ..\obj\stm32f30x_spi.o
                0x08001340                SPI_SendData8
 .text.SPI_ReceiveData8
                0x08001344        0x4 ..\obj\stm32f30x_spi.o
                0x08001344                SPI_ReceiveData8
 .text.I2C_Init
                0x08001348       0x64 ..\obj\stm32f30x_i2c.o
                0x08001348                I2C_Init
 .text.I2C_Cmd  0x080013ac       0x14 ..\obj\stm32f30x_i2c.o
                0x080013ac                I2C_Cmd
 .text.I2C_TransferHandling
                0x080013c0       0x24 ..\obj\stm32f30x_i2c.o
                0x080013c0                I2C_TransferHandling
 .text.I2C_SendData
                0x080013e4        0x4 ..\obj\stm32f30x_i2c.o
                0x080013e4                I2C_SendData
 .text.I2C_ReceiveData
                0x080013e8        0x8 ..\obj\stm32f30x_i2c.o
                0x080013e8                I2C_ReceiveData
 .text.I2C_GetFlagStatus
                0x080013f0        0xc ..\obj\stm32f30x_i2c.o
                0x080013f0                I2C_GetFlagStatus
 .text.I2C_ClearFlag
                0x080013fc        0x4 ..\obj\stm32f30x_i2c.o
                0x080013fc                I2C_ClearFlag
 .text.maskinvare_init
                0x08001400       0x30 ..\obj\initialisering.o
                0x08001400                maskinvare_init
 .text.aks_oppstart
                0x08001430       0x4c ..\obj\LSM303DLHC_metodar.o
                0x08001430                aks_oppstart
 .text.TIM_TimeBaseInit
                0x0800147c       0xb0 ..\obj\stm32f30x_tim.o
                0x0800147c                TIM_TimeBaseInit
 .text.TIM_Cmd  0x0800152c       0x1c ..\obj\stm32f30x_tim.o
                0x0800152c                TIM_Cmd
 .text.TIM_OC2Init
                0x08001548       0x74 ..\obj\stm32f30x_tim.o
                0x08001548                TIM_OC2Init
 .text.Reset_Handler
                0x080015bc       0x44 ..\obj\startup_stm32f30x.o
                0x080015bc                Reset_Handler
 .text.Default_Handler
                0x08001600        0x2 ..\obj\startup_stm32f30x.o
                0x08001600                RTC_Alarm_IRQHandler
                0x08001600                TIM8_TRG_COM_IRQHandler
                0x08001600                TIM8_CC_IRQHandler
                0x08001600                TIM1_CC_IRQHandler
                0x08001600                USB_HP_IRQHandler
                0x08001600                PVD_IRQHandler
                0x08001600                EXTI3_IRQHandler
                0x08001600                EXTI0_IRQHandler
                0x08001600                I2C2_EV_IRQHandler
                0x08001600                FPU_IRQHandler
                0x08001600                EXTI2_TS_IRQHandler
                0x08001600                TIM1_UP_TIM16_IRQHandler
                0x08001600                ADC1_2_IRQHandler
                0x08001600                SPI1_IRQHandler
                0x08001600                TIM6_DAC_IRQHandler
                0x08001600                TIM8_UP_IRQHandler
                0x08001600                DMA2_Channel2_IRQHandler
                0x08001600                DMA1_Channel4_IRQHandler
                0x08001600                USART3_IRQHandler
                0x08001600                DMA1_Channel7_IRQHandler
                0x08001600                CAN1_RX1_IRQHandler
                0x08001600                UART5_IRQHandler
                0x08001600                ADC3_IRQHandler
                0x08001600                TIM4_IRQHandler
                0x08001600                DMA2_Channel1_IRQHandler
                0x08001600                I2C1_EV_IRQHandler
                0x08001600                DMA1_Channel6_IRQHandler
                0x08001600                UART4_IRQHandler
                0x08001600                DMA2_Channel4_IRQHandler
                0x08001600                TIM3_IRQHandler
                0x08001600                RCC_IRQHandler
                0x08001600                DMA1_Channel1_IRQHandler
                0x08001600                Default_Handler
                0x08001600                USBWakeUp_RMP_IRQHandler
                0x08001600                EXTI15_10_IRQHandler
                0x08001600                TIM7_IRQHandler
                0x08001600                EXTI9_5_IRQHandler
                0x08001600                TAMPER_STAMP_IRQHandler
                0x08001600                RTC_WKUP_IRQHandler
                0x08001600                SPI2_IRQHandler
                0x08001600                DMA2_Channel5_IRQHandler
                0x08001600                DMA1_Channel5_IRQHandler
                0x08001600                USB_LP_IRQHandler
                0x08001600                EXTI4_IRQHandler
                0x08001600                USB_LP_CAN1_RX0_IRQHandler
                0x08001600                TIM1_TRG_COM_TIM17_IRQHandler
                0x08001600                USB_HP_CAN1_TX_IRQHandler
                0x08001600                DMA1_Channel3_IRQHandler
                0x08001600                ADC4_IRQHandler
                0x08001600                WWDG_IRQHandler
                0x08001600                TIM2_IRQHandler
                0x08001600                COMP7_IRQHandler
                0x08001600                COMP1_2_3_IRQHandler
                0x08001600                EXTI1_IRQHandler
                0x08001600                USART2_IRQHandler
                0x08001600                COMP4_5_6_IRQHandler
                0x08001600                I2C2_ER_IRQHandler
                0x08001600                DMA1_Channel2_IRQHandler
                0x08001600                TIM8_BRK_IRQHandler
                0x08001600                CAN1_SCE_IRQHandler
                0x08001600                FLASH_IRQHandler
                0x08001600                USART1_IRQHandler
                0x08001600                SPI3_IRQHandler
                0x08001600                I2C1_ER_IRQHandler
                0x08001600                USBWakeUp_IRQHandler
                0x08001600                DMA2_Channel3_IRQHandler
                0x08001600                TIM1_BRK_TIM15_IRQHandler
 *fill*         0x08001602        0x2 
 .text.SYSCFG_EXTILineConfig
                0x08001604       0x30 ..\obj\stm32f30x_syscfg.o
                0x08001604                SYSCFG_EXTILineConfig
 .text.SPI2_oppstart
                0x08001634       0xd4 ..\obj\SPI2_metodar.o
                0x08001634                SPI2_oppstart
 .text.Exp_click_sokkel1_sett_retningAB
                0x08001708       0x60 ..\obj\SPI2_metodar.o
                0x08001708                Exp_click_sokkel1_sett_retningAB
 .text.Exp_click_sokkel1_oppstart
                0x08001768        0x8 ..\obj\SPI2_metodar.o
                0x08001768                Exp_click_sokkel1_oppstart
 .text.USART_Init
                0x08001770       0xb8 ..\obj\stm32f30x_usart.o
                0x08001770                USART_Init
 .text.USART_ClockInit
                0x08001828       0x20 ..\obj\stm32f30x_usart.o
                0x08001828                USART_ClockInit
 .text.USART_ClockStructInit
                0x08001848        0xc ..\obj\stm32f30x_usart.o
                0x08001848                USART_ClockStructInit
 .text.USART_Cmd
                0x08001854       0x14 ..\obj\stm32f30x_usart.o
                0x08001854                USART_Cmd
 .text.USART_SendData
                0x08001868        0x8 ..\obj\stm32f30x_usart.o
                0x08001868                USART_SendData
 .text.USART_ReceiveData
                0x08001870        0x8 ..\obj\stm32f30x_usart.o
                0x08001870                USART_ReceiveData
 .text.USART_GetFlagStatus
                0x08001878        0xc ..\obj\stm32f30x_usart.o
                0x08001878                USART_GetFlagStatus
 *(.init)
 *(.fini)
 *crtbegin.o(.ctors)
 *crtbegin?.o(.ctors)
 *(EXCLUDE_FILE(*crtend.o *crtend?.o) .ctors)
 *(SORT(.ctors.*))
 *(.ctors)
 *crtbegin.o(.dtors)
 *crtbegin?.o(.dtors)
 *(EXCLUDE_FILE(*crtend.o *crtend?.o) .dtors)
 *(SORT(.dtors.*))
 *(.dtors)
 *(.rodata*)
 .rodata.str1.4
                0x08001884       0x28 ..\obj\UART_metodar.o
 *(.eh_fram e*)

.glue_7         0x080018ac        0x0
 .glue_7        0x00000000        0x0 linker stubs

.glue_7t        0x080018ac        0x0
 .glue_7t       0x00000000        0x0 linker stubs

.vfp11_veneer   0x080018ac        0x0
 .vfp11_veneer  0x00000000        0x0 linker stubs

.v4_bx          0x080018ac        0x0
 .v4_bx         0x00000000        0x0 linker stubs

.iplt           0x080018ac        0x0
 .iplt          0x00000000        0x0 ..\obj\GPIO_Toggle_Example.o

.rel.dyn        0x080018ac        0x0
 .rel.iplt      0x00000000        0x0 ..\obj\GPIO_Toggle_Example.o

.ARM.extab
 *(.ARM.extab* .gnu.linkonce.armextab.*)
                0x080018ac                __exidx_start = .

.ARM.exidx
 *(.ARM.exidx* .gnu.linkonce.armexidx.*)
                0x080018ac                __exidx_end = .
                0x080018ac                __etext = .
                0x080018ac                _sidata = __etext

.data           0x20000000       0x5c load address 0x080018ac
                0x20000000                __data_start__ = .
                0x20000000                _sdata = __data_start__
 *(vtable)
 *(.data*)
 .data          0x20000000       0x2c ..\obj\stm32f30x_rcc.o
 .data          0x2000002c        0x4 ..\obj\stm32f3_discovery_lsm303dlhc.o
                0x2000002c                LSM303DLHC_Timeout
 .data          0x20000030       0x2c ..\obj\main.o
                0x20000030                hex2ascii_tabell
                0x20000040                a1
                0x20000044                b1
                0x20000048                a_zf_k_1
                0x2000004c                skriv_til_LCD
                0x2000004e                PWM_vidde
                0x20000050                PWM_periode
                0x20000052                teikn
                0x20000054                maaling_teljar
                0x20000056                klar_for_nytt_trykk_av_USERbrytar
                0x20000057                brytar_var_nettopp_slept
                0x20000058                tilstand
                0x2000005c                . = ALIGN (0x4)
                0x2000005c                PROVIDE (__preinit_array_start, .)
 *(.preinit_array)
                0x2000005c                PROVIDE (__preinit_array_end, .)
                0x2000005c                . = ALIGN (0x4)
                0x2000005c                PROVIDE (__init_array_start, .)
 *(SORT(.init_array.*))
 *(.init_array)
                0x2000005c                PROVIDE (__init_array_end, .)
                0x2000005c                . = ALIGN (0x4)
                0x2000005c                PROVIDE (__fini_array_start, .)
 *(SORT(.fini_array.*))
 *(.fini_array)
                0x2000005c                PROVIDE (__fini_array_end, .)
 *(.jcr*)
                0x2000005c                . = ALIGN (0x4)
                0x2000005c                __data_end__ = .
                0x2000005c                _edata = __data_end__

.igot.plt       0x2000005c        0x0 load address 0x08001908
 .igot.plt      0x00000000        0x0 ..\obj\GPIO_Toggle_Example.o

.bss            0x2000005c       0x44 load address 0x08001908
                0x2000005c                . = ALIGN (0x4)
                0x2000005c                __bss_start__ = .
                0x2000005c                _sbss = __bss_start__
 *(.bss*)
 .bss           0x2000005c       0x30 ..\obj\main.o
                0x2000005c                oppdater_diodar
                0x2000005d                diode_moenster
                0x2000005e                gyldig_trykk_av_USERbrytar
                0x2000005f                legg_til_meldingshovud
                0x20000060                ny_maaling
                0x20000062                a_x
                0x20000064                a_y
                0x20000066                a_z
                0x20000068                a_xf_k_1
                0x2000006c                a_yf_k_1
                0x20000070                send_maaling
                0x20000071                samplenr
                0x20000072                legg_til_meldingshale
                0x20000073                send_maalingar_til_loggar
                0x20000074                send_ei_brytarmelding_via_uart
                0x20000075                tikkteljar_uartkomm
                0x20000076                temperatur
                0x20000078                loggeverdi
                0x2000007a                tikkteljar_sampling
                0x2000007c                PWM_preskalering
                0x2000007e                testteljar
                0x20000080                testmaaling
                0x20000082                send_ny_tidsserie
                0x20000084                tikkteljar_diodar
                0x20000086                tikkteljar_avprelling
                0x20000087                trykkteljar_USERbrytar
                0x20000088                sleppteljar_USERbrytar
                0x20000089                nedtrykt_er_naa_USERbrytar
 *(COMMON)
 COMMON         0x2000008c       0x13 ..\obj\main.o
                0x2000008c                a_zf_k
                0x20000090                a_xf_k
                0x20000094                a_yf_k
                0x20000098                buffer
                0x2000009e                mottatt_data
                0x200000a0                . = ALIGN (0x4)
 *fill*         0x2000009f        0x1 
                0x200000a0                __bss_end__ = .
                0x200000a0                _ebss = __bss_end__

.heap           0x200000a0        0x0
                0x200000a0                __end__ = .
                0x200000a0                _end = __end__
                0x200000a0                end = __end__
 *(.heap*)
                0x200000a0                __HeapLimit = .

.co_stack       0x200000a0        0x0
                0x200000a0                . = ALIGN (0x8)
 *(.co_stack .co_stack.*)
                0x2000a000                __StackTop = (ORIGIN (ram) + 0xa000)
                0x2000a000                __StackLimit = (__StackTop - SIZEOF (.co_stack))
                0x2000a000                PROVIDE (__stack, __StackTop)
                0x00000001                ASSERT ((__StackLimit >= __HeapLimit), region ram  overflowed with stack)
LOAD ..\obj\GPIO_Toggle_Example.o
LOAD ..\obj\stm32f30x_rcc.o
LOAD ..\obj\stm32f3_discovery_lsm303dlhc.o
LOAD ..\obj\TIM_metodar.o
LOAD ..\obj\system_stm32f30x.o
LOAD ..\obj\I2C_metodar.o
LOAD ..\obj\UART_metodar.o
LOAD ..\obj\stm32f30x_it.o
LOAD ..\obj\stm32f30x_gpio.o
LOAD ..\obj\LCD_metodar.o
LOAD ..\obj\main.o
LOAD ..\obj\printf.o
LOAD ..\obj\avbrots_metodar.o
LOAD ..\obj\SPI1_metodar.o
LOAD ..\obj\GPIO_metodar.o
LOAD ..\obj\stm32f30x_exti.o
LOAD ..\obj\stm32f30x_spi.o
LOAD ..\obj\stm32f30x_i2c.o
LOAD ..\obj\initialisering.o
LOAD ..\obj\LSM303DLHC_metodar.o
LOAD ..\obj\system_stm32f30x_temp.o
LOAD ..\obj\syscalls.o
LOAD ..\obj\stm32f30x_misc.o
LOAD ..\obj\stm32f30x_tim.o
LOAD ..\obj\stm32f3_discovery_l3gd20.o
LOAD ..\obj\startup_stm32f30x.o
LOAD ..\obj\stm32f30x_syscfg.o
LOAD ..\obj\SPI2_metodar.o
LOAD ..\obj\LINMOT_metodar.o
LOAD ..\obj\stm32f30x_can.o
LOAD ..\obj\stm32f3_discovery.o
LOAD ..\obj\stm32f30x_usart.o
START GROUP
LOAD c:/program files (x86)/gnu tools arm embedded/4.9 2014q4/bin/../lib/gcc/arm-none-eabi/4.9.3/armv7e-m/fpu\libgcc.a
LOAD c:/program files (x86)/gnu tools arm embedded/4.9 2014q4/bin/../lib/gcc/arm-none-eabi/4.9.3/../../../../arm-none-eabi/lib/armv7e-m/fpu\libg.a
LOAD c:/program files (x86)/gnu tools arm embedded/4.9 2014q4/bin/../lib/gcc/arm-none-eabi/4.9.3/../../../../arm-none-eabi/lib/armv7e-m/fpu\libc.a
END GROUP
OUTPUT(aks_xyz_loggar_stm32f3disc.elf elf32-littlearm)

.debug_info     0x00000000     0xc081
 .debug_info    0x00000000      0xaeb ..\obj\stm32f30x_rcc.o
 .debug_info    0x00000aeb     0x1266 ..\obj\stm32f3_discovery_lsm303dlhc.o
 .debug_info    0x00001d51      0x791 ..\obj\TIM_metodar.o
 .debug_info    0x000024e2      0x4b8 ..\obj\system_stm32f30x.o
 .debug_info    0x0000299a      0xf64 ..\obj\UART_metodar.o
 .debug_info    0x000038fe      0x11e ..\obj\stm32f30x_it.o
 .debug_info    0x00003a1c      0x74d ..\obj\stm32f30x_gpio.o
 .debug_info    0x00004169      0x55d ..\obj\main.o
 .debug_info    0x000046c6      0x80e ..\obj\avbrots_metodar.o
 .debug_info    0x00004ed4      0x74d ..\obj\SPI1_metodar.o
 .debug_info    0x00005621      0x4a3 ..\obj\GPIO_metodar.o
 .debug_info    0x00005ac4      0x3bd ..\obj\stm32f30x_exti.o
 .debug_info    0x00005e81      0xc60 ..\obj\stm32f30x_spi.o
 .debug_info    0x00006ae1      0xc3c ..\obj\stm32f30x_i2c.o
 .debug_info    0x0000771d      0x14c ..\obj\initialisering.o
 .debug_info    0x00007869      0x1de ..\obj\LSM303DLHC_metodar.o
 .debug_info    0x00007a47     0x2934 ..\obj\stm32f30x_tim.o
 .debug_info    0x0000a37b      0x108 ..\obj\startup_stm32f30x.o
 .debug_info    0x0000a483      0x3d0 ..\obj\stm32f30x_syscfg.o
 .debug_info    0x0000a853      0x82d ..\obj\SPI2_metodar.o
 .debug_info    0x0000b080     0x1001 ..\obj\stm32f30x_usart.o

.debug_abbrev   0x00000000     0x2082
 .debug_abbrev  0x00000000      0x209 ..\obj\stm32f30x_rcc.o
 .debug_abbrev  0x00000209      0x244 ..\obj\stm32f3_discovery_lsm303dlhc.o
 .debug_abbrev  0x0000044d      0x177 ..\obj\TIM_metodar.o
 .debug_abbrev  0x000005c4      0x143 ..\obj\system_stm32f30x.o
 .debug_abbrev  0x00000707      0x2da ..\obj\UART_metodar.o
 .debug_abbrev  0x000009e1       0x65 ..\obj\stm32f30x_it.o
 .debug_abbrev  0x00000a46      0x1e7 ..\obj\stm32f30x_gpio.o
 .debug_abbrev  0x00000c2d      0x144 ..\obj\main.o
 .debug_abbrev  0x00000d71      0x1a1 ..\obj\avbrots_metodar.o
 .debug_abbrev  0x00000f12      0x193 ..\obj\SPI1_metodar.o
 .debug_abbrev  0x000010a5      0x17e ..\obj\GPIO_metodar.o
 .debug_abbrev  0x00001223      0x189 ..\obj\stm32f30x_exti.o
 .debug_abbrev  0x000013ac      0x1eb ..\obj\stm32f30x_spi.o
 .debug_abbrev  0x00001597      0x1d1 ..\obj\stm32f30x_i2c.o
 .debug_abbrev  0x00001768       0x91 ..\obj\initialisering.o
 .debug_abbrev  0x000017f9       0xe8 ..\obj\LSM303DLHC_metodar.o
 .debug_abbrev  0x000018e1      0x28f ..\obj\stm32f30x_tim.o
 .debug_abbrev  0x00001b70       0x12 ..\obj\startup_stm32f30x.o
 .debug_abbrev  0x00001b82      0x19f ..\obj\stm32f30x_syscfg.o
 .debug_abbrev  0x00001d21      0x192 ..\obj\SPI2_metodar.o
 .debug_abbrev  0x00001eb3      0x1cf ..\obj\stm32f30x_usart.o

.debug_loc      0x00000000     0x5b31
 .debug_loc     0x00000000      0xb6d ..\obj\stm32f30x_rcc.o
 .debug_loc     0x00000b6d      0x387 ..\obj\stm32f3_discovery_lsm303dlhc.o
 .debug_loc     0x00000ef4       0x2d ..\obj\TIM_metodar.o
 .debug_loc     0x00000f21      0x109 ..\obj\system_stm32f30x.o
 .debug_loc     0x0000102a      0x53b ..\obj\UART_metodar.o
 .debug_loc     0x00001565      0x337 ..\obj\stm32f30x_gpio.o
 .debug_loc     0x0000189c       0xba ..\obj\main.o
 .debug_loc     0x00001956       0x36 ..\obj\avbrots_metodar.o
 .debug_loc     0x0000198c       0x2c ..\obj\SPI1_metodar.o
 .debug_loc     0x000019b8       0x21 ..\obj\GPIO_metodar.o
 .debug_loc     0x000019d9      0x2af ..\obj\stm32f30x_exti.o
 .debug_loc     0x00001c88      0x6a7 ..\obj\stm32f30x_spi.o
 .debug_loc     0x0000232f      0x600 ..\obj\stm32f30x_i2c.o
 .debug_loc     0x0000292f     0x2596 ..\obj\stm32f30x_tim.o
 .debug_loc     0x00004ec5      0x27e ..\obj\stm32f30x_syscfg.o
 .debug_loc     0x00005143       0xb0 ..\obj\SPI2_metodar.o
 .debug_loc     0x000051f3      0x93e ..\obj\stm32f30x_usart.o

.debug_aranges  0x00000000      0xdc0
 .debug_aranges
                0x00000000      0x150 ..\obj\stm32f30x_rcc.o
 .debug_aranges
                0x00000150       0xa0 ..\obj\stm32f3_discovery_lsm303dlhc.o
 .debug_aranges
                0x000001f0       0x28 ..\obj\TIM_metodar.o
 .debug_aranges
                0x00000218       0x28 ..\obj\system_stm32f30x.o
 .debug_aranges
                0x00000240       0xa8 ..\obj\UART_metodar.o
 .debug_aranges
                0x000002e8       0x58 ..\obj\stm32f30x_it.o
 .debug_aranges
                0x00000340       0x80 ..\obj\stm32f30x_gpio.o
 .debug_aranges
                0x000003c0       0x20 ..\obj\main.o
 .debug_aranges
                0x000003e0       0x30 ..\obj\avbrots_metodar.o
 .debug_aranges
                0x00000410       0x30 ..\obj\SPI1_metodar.o
 .debug_aranges
                0x00000440       0x50 ..\obj\GPIO_metodar.o
 .debug_aranges
                0x00000490       0x58 ..\obj\stm32f30x_exti.o
 .debug_aranges
                0x000004e8      0x118 ..\obj\stm32f30x_spi.o
 .debug_aranges
                0x00000600      0x168 ..\obj\stm32f30x_i2c.o
 .debug_aranges
                0x00000768       0x20 ..\obj\initialisering.o
 .debug_aranges
                0x00000788       0x20 ..\obj\LSM303DLHC_metodar.o
 .debug_aranges
                0x000007a8      0x388 ..\obj\stm32f30x_tim.o
 .debug_aranges
                0x00000b30       0x28 ..\obj\startup_stm32f30x.o
 .debug_aranges
                0x00000b58       0x88 ..\obj\stm32f30x_syscfg.o
 .debug_aranges
                0x00000be0       0x40 ..\obj\SPI2_metodar.o
 .debug_aranges
                0x00000c20      0x1a0 ..\obj\stm32f30x_usart.o

.debug_ranges   0x00000000      0xd20
 .debug_ranges  0x00000000      0x140 ..\obj\stm32f30x_rcc.o
 .debug_ranges  0x00000140       0x90 ..\obj\stm32f3_discovery_lsm303dlhc.o
 .debug_ranges  0x000001d0       0x18 ..\obj\TIM_metodar.o
 .debug_ranges  0x000001e8       0x30 ..\obj\system_stm32f30x.o
 .debug_ranges  0x00000218       0x98 ..\obj\UART_metodar.o
 .debug_ranges  0x000002b0       0x48 ..\obj\stm32f30x_it.o
 .debug_ranges  0x000002f8       0x70 ..\obj\stm32f30x_gpio.o
 .debug_ranges  0x00000368       0x10 ..\obj\main.o
 .debug_ranges  0x00000378       0x38 ..\obj\avbrots_metodar.o
 .debug_ranges  0x000003b0       0x20 ..\obj\SPI1_metodar.o
 .debug_ranges  0x000003d0       0x40 ..\obj\GPIO_metodar.o
 .debug_ranges  0x00000410       0x48 ..\obj\stm32f30x_exti.o
 .debug_ranges  0x00000458      0x108 ..\obj\stm32f30x_spi.o
 .debug_ranges  0x00000560      0x158 ..\obj\stm32f30x_i2c.o
 .debug_ranges  0x000006b8       0x10 ..\obj\initialisering.o
 .debug_ranges  0x000006c8       0x10 ..\obj\LSM303DLHC_metodar.o
 .debug_ranges  0x000006d8      0x3f0 ..\obj\stm32f30x_tim.o
 .debug_ranges  0x00000ac8       0x20 ..\obj\startup_stm32f30x.o
 .debug_ranges  0x00000ae8       0x78 ..\obj\stm32f30x_syscfg.o
 .debug_ranges  0x00000b60       0x30 ..\obj\SPI2_metodar.o
 .debug_ranges  0x00000b90      0x190 ..\obj\stm32f30x_usart.o

.debug_line     0x00000000     0x5aab
 .debug_line    0x00000000      0x687 ..\obj\stm32f30x_rcc.o
 .debug_line    0x00000687      0x551 ..\obj\stm32f3_discovery_lsm303dlhc.o
 .debug_line    0x00000bd8      0x320 ..\obj\TIM_metodar.o
 .debug_line    0x00000ef8      0x284 ..\obj\system_stm32f30x.o
 .debug_line    0x0000117c      0x51e ..\obj\UART_metodar.o
 .debug_line    0x0000169a      0x23c ..\obj\stm32f30x_it.o
 .debug_line    0x000018d6      0x40e ..\obj\stm32f30x_gpio.o
 .debug_line    0x00001ce4      0x302 ..\obj\main.o
 .debug_line    0x00001fe6      0x2cb ..\obj\avbrots_metodar.o
 .debug_line    0x000022b1      0x363 ..\obj\SPI1_metodar.o
 .debug_line    0x00002614      0x395 ..\obj\GPIO_metodar.o
 .debug_line    0x000029a9      0x36a ..\obj\stm32f30x_exti.o
 .debug_line    0x00002d13      0x5dc ..\obj\stm32f30x_spi.o
 .debug_line    0x000032ef      0x64e ..\obj\stm32f30x_i2c.o
 .debug_line    0x0000393d      0x1c5 ..\obj\initialisering.o
 .debug_line    0x00003b02      0x258 ..\obj\LSM303DLHC_metodar.o
 .debug_line    0x00003d5a      0xe94 ..\obj\stm32f30x_tim.o
 .debug_line    0x00004bee       0xce ..\obj\startup_stm32f30x.o
 .debug_line    0x00004cbc      0x331 ..\obj\stm32f30x_syscfg.o
 .debug_line    0x00004fed      0x386 ..\obj\SPI2_metodar.o
 .debug_line    0x00005373      0x738 ..\obj\stm32f30x_usart.o

.debug_str      0x00000000     0x435f
 .debug_str     0x00000000      0x7af ..\obj\stm32f30x_rcc.o
                                0x845 (size before relaxing)
 .debug_str     0x000007af      0x868 ..\obj\stm32f3_discovery_lsm303dlhc.o
                                0xa5a (size before relaxing)
 .debug_str     0x00001017      0x29b ..\obj\TIM_metodar.o
                                0x628 (size before relaxing)
 .debug_str     0x000012b2      0x11c ..\obj\system_stm32f30x.o
                                0x350 (size before relaxing)
 .debug_str     0x000013ce      0x3fa ..\obj\UART_metodar.o
                                0x7cd (size before relaxing)
 .debug_str     0x000017c8       0xe3 ..\obj\stm32f30x_it.o
                                0x22e (size before relaxing)
 .debug_str     0x000018ab      0x196 ..\obj\stm32f30x_gpio.o
                                0x516 (size before relaxing)
 .debug_str     0x00001a41      0x2a3 ..\obj\main.o
                                0x4d7 (size before relaxing)
 .debug_str     0x00001ce4      0x557 ..\obj\avbrots_metodar.o
                                0x886 (size before relaxing)
 .debug_str     0x0000223b      0x1bb ..\obj\SPI1_metodar.o
                                0x57e (size before relaxing)
 .debug_str     0x000023f6       0xab ..\obj\GPIO_metodar.o
                                0x4fe (size before relaxing)
 .debug_str     0x000024a1      0x144 ..\obj\stm32f30x_exti.o
                                0x3d1 (size before relaxing)
 .debug_str     0x000025e5      0x3c0 ..\obj\stm32f30x_spi.o
                                0x858 (size before relaxing)
 .debug_str     0x000029a5      0x394 ..\obj\stm32f30x_i2c.o
                                0x6b5 (size before relaxing)
 .debug_str     0x00002d39       0x9b ..\obj\initialisering.o
                                0x25e (size before relaxing)
 .debug_str     0x00002dd4       0x76 ..\obj\LSM303DLHC_metodar.o
                                0x2df (size before relaxing)
 .debug_str     0x00002e4a      0xbdd ..\obj\stm32f30x_tim.o
                                0xff6 (size before relaxing)
 .debug_str     0x00003a27      0x281 ..\obj\stm32f30x_syscfg.o
                                0x451 (size before relaxing)
 .debug_str     0x00003ca8       0xe7 ..\obj\SPI2_metodar.o
                                0x5e4 (size before relaxing)
 .debug_str     0x00003d8f      0x5d0 ..\obj\stm32f30x_usart.o
                                0xa90 (size before relaxing)

.comment        0x00000000       0x70
 .comment       0x00000000       0x70 ..\obj\stm32f30x_rcc.o
                                 0x71 (size before relaxing)
 .comment       0x00000000       0x71 ..\obj\stm32f3_discovery_lsm303dlhc.o
 .comment       0x00000000       0x71 ..\obj\TIM_metodar.o
 .comment       0x00000000       0x71 ..\obj\system_stm32f30x.o
 .comment       0x00000000       0x71 ..\obj\UART_metodar.o
 .comment       0x00000000       0x71 ..\obj\stm32f30x_it.o
 .comment       0x00000000       0x71 ..\obj\stm32f30x_gpio.o
 .comment       0x00000000       0x71 ..\obj\main.o
 .comment       0x00000000       0x71 ..\obj\avbrots_metodar.o
 .comment       0x00000000       0x71 ..\obj\SPI1_metodar.o
 .comment       0x00000000       0x71 ..\obj\GPIO_metodar.o
 .comment       0x00000000       0x71 ..\obj\stm32f30x_exti.o
 .comment       0x00000000       0x71 ..\obj\stm32f30x_spi.o
 .comment       0x00000000       0x71 ..\obj\stm32f30x_i2c.o
 .comment       0x00000000       0x71 ..\obj\initialisering.o
 .comment       0x00000000       0x71 ..\obj\LSM303DLHC_metodar.o
 .comment       0x00000000       0x71 ..\obj\stm32f30x_tim.o
 .comment       0x00000000       0x71 ..\obj\stm32f30x_syscfg.o
 .comment       0x00000000       0x71 ..\obj\SPI2_metodar.o
 .comment       0x00000000       0x71 ..\obj\stm32f30x_usart.o

.ARM.attributes
                0x00000000       0x37
 .ARM.attributes
                0x00000000       0x39 ..\obj\stm32f30x_rcc.o
 .ARM.attributes
                0x00000039       0x39 ..\obj\stm32f3_discovery_lsm303dlhc.o
 .ARM.attributes
                0x00000072       0x39 ..\obj\TIM_metodar.o
 .ARM.attributes
                0x000000ab       0x39 ..\obj\system_stm32f30x.o
 .ARM.attributes
                0x000000e4       0x39 ..\obj\UART_metodar.o
 .ARM.attributes
                0x0000011d       0x39 ..\obj\stm32f30x_it.o
 .ARM.attributes
                0x00000156       0x39 ..\obj\stm32f30x_gpio.o
 .ARM.attributes
                0x0000018f       0x39 ..\obj\main.o
 .ARM.attributes
                0x000001c8       0x39 ..\obj\avbrots_metodar.o
 .ARM.attributes
                0x00000201       0x39 ..\obj\SPI1_metodar.o
 .ARM.attributes
                0x0000023a       0x39 ..\obj\GPIO_metodar.o
 .ARM.attributes
                0x00000273       0x39 ..\obj\stm32f30x_exti.o
 .ARM.attributes
                0x000002ac       0x39 ..\obj\stm32f30x_spi.o
 .ARM.attributes
                0x000002e5       0x39 ..\obj\stm32f30x_i2c.o
 .ARM.attributes
                0x0000031e       0x39 ..\obj\initialisering.o
 .ARM.attributes
                0x00000357       0x39 ..\obj\LSM303DLHC_metodar.o
 .ARM.attributes
                0x00000390       0x39 ..\obj\stm32f30x_tim.o
 .ARM.attributes
                0x000003c9       0x21 ..\obj\startup_stm32f30x.o
 .ARM.attributes
                0x000003ea       0x39 ..\obj\stm32f30x_syscfg.o
 .ARM.attributes
                0x00000423       0x39 ..\obj\SPI2_metodar.o
 .ARM.attributes
                0x0000045c       0x39 ..\obj\stm32f30x_usart.o

.debug_frame    0x00000000     0x1ef8
 .debug_frame   0x00000000      0x29c ..\obj\stm32f30x_rcc.o
 .debug_frame   0x0000029c      0x250 ..\obj\stm32f3_discovery_lsm303dlhc.o
 .debug_frame   0x000004ec       0x50 ..\obj\TIM_metodar.o
 .debug_frame   0x0000053c       0x44 ..\obj\system_stm32f30x.o
 .debug_frame   0x00000580      0x214 ..\obj\UART_metodar.o
 .debug_frame   0x00000794       0x90 ..\obj\stm32f30x_it.o
 .debug_frame   0x00000824      0x134 ..\obj\stm32f30x_gpio.o
 .debug_frame   0x00000958       0x38 ..\obj\main.o
 .debug_frame   0x00000990       0x54 ..\obj\avbrots_metodar.o
 .debug_frame   0x000009e4       0x70 ..\obj\SPI1_metodar.o
 .debug_frame   0x00000a54       0xac ..\obj\GPIO_metodar.o
 .debug_frame   0x00000b00       0xb8 ..\obj\stm32f30x_exti.o
 .debug_frame   0x00000bb8      0x270 ..\obj\stm32f30x_spi.o
 .debug_frame   0x00000e28      0x2ec ..\obj\stm32f30x_i2c.o
 .debug_frame   0x00001114       0x2c ..\obj\initialisering.o
 .debug_frame   0x00001140       0x30 ..\obj\LSM303DLHC_metodar.o
 .debug_frame   0x00001170      0x85c ..\obj\stm32f30x_tim.o
 .debug_frame   0x000019cc       0xfc ..\obj\stm32f30x_syscfg.o
 .debug_frame   0x00001ac8       0x98 ..\obj\SPI2_metodar.o
 .debug_frame   0x00001b60      0x398 ..\obj\stm32f30x_usart.o
